Feb  1 18:03:45 localhost kernel: imklog 4.6.2, log source = /proc/kmsg started.
Feb  1 18:03:45 localhost rsyslogd: [origin software="rsyslogd" swVersion="4.6.2" x-pid="1173" x-info="http://www.rsyslog.com"] (re)start
Feb  1 18:03:45 localhost kernel: Initializing cgroup subsys cpuset
Feb  1 18:03:45 localhost kernel: Initializing cgroup subsys cpu
Feb  1 18:03:45 localhost kernel: Linux version 2.6.32-220.el6.i686 (mockbuild@c6b18n3.bsys.dev.centos.org) (gcc version 4.4.6 20110731 (Red Hat 4.4.6-3) (GCC) ) #1 SMP Tue Dec 6 16:15:40 GMT 2011
Feb  1 18:03:45 localhost kernel: KERNEL supported cpus:
Feb  1 18:03:45 localhost kernel:  Intel GenuineIntel
Feb  1 18:03:45 localhost kernel:  AMD AuthenticAMD
Feb  1 18:03:45 localhost kernel:  NSC Geode by NSC
Feb  1 18:03:45 localhost kernel:  Cyrix CyrixInstead
Feb  1 18:03:45 localhost kernel:  Centaur CentaurHauls
Feb  1 18:03:45 localhost kernel:  Transmeta GenuineTMx86
Feb  1 18:03:45 localhost kernel:  Transmeta TransmetaCPU
Feb  1 18:03:45 localhost kernel:  UMC UMC UMC UMC
Feb  1 18:03:45 localhost kernel: Disabled fast string operations
Feb  1 18:03:45 localhost kernel: BIOS-provided physical RAM map:
Feb  1 18:03:45 localhost kernel: BIOS-e820: 0000000000000000 - 000000000009f800 (usable)
Feb  1 18:03:45 localhost kernel: BIOS-e820: 000000000009f800 - 00000000000a0000 (reserved)
Feb  1 18:03:45 localhost kernel: BIOS-e820: 00000000000ca000 - 00000000000cc000 (reserved)
Feb  1 18:03:45 localhost kernel: BIOS-e820: 00000000000dc000 - 0000000000100000 (reserved)
Feb  1 18:03:45 localhost kernel: BIOS-e820: 0000000000100000 - 000000003fef0000 (usable)
Feb  1 18:03:45 localhost kernel: BIOS-e820: 000000003fef0000 - 000000003feff000 (ACPI data)
Feb  1 18:03:45 localhost kernel: BIOS-e820: 000000003feff000 - 000000003ff00000 (ACPI NVS)
Feb  1 18:03:45 localhost kernel: BIOS-e820: 000000003ff00000 - 0000000040000000 (usable)
Feb  1 18:03:45 localhost kernel: BIOS-e820: 00000000fec00000 - 00000000fec10000 (reserved)
Feb  1 18:03:45 localhost kernel: BIOS-e820: 00000000fee00000 - 00000000fee01000 (reserved)
Feb  1 18:03:45 localhost kernel: BIOS-e820: 00000000fffe0000 - 0000000100000000 (reserved)
Feb  1 18:03:45 localhost kernel: DMI present.
Feb  1 18:03:45 localhost kernel: SMBIOS version 2.4 @ 0xF6B30
Feb  1 18:03:45 localhost kernel: Phoenix BIOS detected: BIOS may corrupt low RAM, working around it.
Feb  1 18:03:45 localhost kernel: last_pfn = 0x40000 max_arch_pfn = 0x400000
Feb  1 18:03:45 localhost kernel: x86 PAT enabled: cpu 0, old 0x0, new 0x7010600070106
Feb  1 18:03:45 localhost kernel: init_memory_mapping: 0000000000000000-00000000375fe000
Feb  1 18:03:45 localhost kernel: NX (Execute Disable) protection: active
Feb  1 18:03:45 localhost kernel: RAMDISK: 371b1000 - 37fefe57
Feb  1 18:03:45 localhost kernel: Allocated new RAMDISK: 00c44000 - 01a82e57
Feb  1 18:03:45 localhost kernel: Move RAMDISK from 00000000371b1000 - 0000000037fefe56 to 00c44000 - 01a82e56
Feb  1 18:03:45 localhost kernel: ACPI: RSDP 000f6b80 00024 (v02 PTLTD )
Feb  1 18:03:45 localhost kernel: ACPI: XSDT 3fefa229 00044 (v01 INTEL  440BX    06040000 VMW  01324272)
Feb  1 18:03:45 localhost kernel: ACPI: FACP 3fefee98 000F4 (v04 INTEL  440BX    06040000 PTL  000F4240)
Feb  1 18:03:45 localhost kernel: ACPI: DSDT 3fefa341 04B57 (v01 PTLTD  Custom   06040000 MSFT 03000001)
Feb  1 18:03:45 localhost kernel: ACPI: FACS 3fefffc0 00040
Feb  1 18:03:45 localhost kernel: ACPI: BOOT 3fefa319 00028 (v01 PTLTD  $SBFTBL$ 06040000  LTP 00000001)
Feb  1 18:03:45 localhost kernel: ACPI: APIC 3fefa2c9 00050 (v01 PTLTD  ? APIC   06040000  LTP 00000000)
Feb  1 18:03:45 localhost kernel: ACPI: WAET 3fefa2a1 00028 (v01 VMWARE VMW WAET 06040000 VMW  00000001)
Feb  1 18:03:45 localhost kernel: 138MB HIGHMEM available.
Feb  1 18:03:45 localhost kernel: 885MB LOWMEM available.
Feb  1 18:03:45 localhost kernel:  mapped low ram: 0 - 375fe000
Feb  1 18:03:45 localhost kernel:  low ram: 0 - 375fe000
Feb  1 18:03:45 localhost kernel:  node 0 low ram: 00000000 - 375fe000
Feb  1 18:03:45 localhost kernel:  node 0 bootmap 00014000 - 0001aec0
Feb  1 18:03:45 localhost kernel: (9 early reservations) ==> bootmem [0000000000 - 00375fe000]
Feb  1 18:03:45 localhost kernel:  #0 [0000000000 - 0000001000]   BIOS data page ==> [0000000000 - 0000001000]
Feb  1 18:03:45 localhost kernel:  #1 [0000001000 - 0000002000]    EX TRAMPOLINE ==> [0000001000 - 0000002000]
Feb  1 18:03:45 localhost kernel:  #2 [0000006000 - 0000007000]       TRAMPOLINE ==> [0000006000 - 0000007000]
Feb  1 18:03:45 localhost kernel:  #3 [0000400000 - 0000c3af70]    TEXT DATA BSS ==> [0000400000 - 0000c3af70]
Feb  1 18:03:45 localhost kernel:  #4 [000009f800 - 0000100000]    BIOS reserved ==> [000009f800 - 0000100000]
Feb  1 18:03:45 localhost kernel:  #5 [0000c3b000 - 0000c431c8]              BRK ==> [0000c3b000 - 0000c431c8]
Feb  1 18:03:45 localhost kernel:  #6 [0000010000 - 0000014000]          PGTABLE ==> [0000010000 - 0000014000]
Feb  1 18:03:45 localhost kernel:  #7 [0000c44000 - 0001a82e57]      NEW RAMDISK ==> [0000c44000 - 0001a82e57]
Feb  1 18:03:45 localhost kernel:  #8 [0000014000 - 000001b000]          BOOTMAP ==> [0000014000 - 000001b000]
Feb  1 18:03:45 localhost kernel: found SMP MP-table at [c00f6bf0] f6bf0
Feb  1 18:03:45 localhost kernel: Zone PFN ranges:
Feb  1 18:03:45 localhost kernel:  DMA      0x00000010 -> 0x00001000
Feb  1 18:03:45 localhost kernel:  Normal   0x00001000 -> 0x000375fe
Feb  1 18:03:45 localhost kernel:  HighMem  0x000375fe -> 0x00040000
Feb  1 18:03:45 localhost kernel: Movable zone start PFN for each node
Feb  1 18:03:45 localhost kernel: early_node_map[3] active PFN ranges
Feb  1 18:03:45 localhost kernel:    0: 0x00000010 -> 0x0000009f
Feb  1 18:03:45 localhost kernel:    0: 0x00000100 -> 0x0003fef0
Feb  1 18:03:45 localhost kernel:    0: 0x0003ff00 -> 0x00040000
Feb  1 18:03:45 localhost kernel: Using APIC driver default
Feb  1 18:03:45 localhost kernel: ACPI: PM-Timer IO Port: 0x1008
Feb  1 18:03:45 localhost kernel: ACPI: LAPIC (acpi_id[0x00] lapic_id[0x00] enabled)
Feb  1 18:03:45 localhost kernel: ACPI: LAPIC_NMI (acpi_id[0x00] high edge lint[0x1])
Feb  1 18:03:45 localhost kernel: ACPI: IOAPIC (id[0x01] address[0xfec00000] gsi_base[0])
Feb  1 18:03:45 localhost kernel: IOAPIC[0]: apic_id 1, version 17, address 0xfec00000, GSI 0-23
Feb  1 18:03:45 localhost kernel: ACPI: INT_SRC_OVR (bus 0 bus_irq 0 global_irq 2 high edge)
Feb  1 18:03:45 localhost kernel: Using ACPI (MADT) for SMP configuration information
Feb  1 18:03:45 localhost kernel: SMP: Allowing 1 CPUs, 0 hotplug CPUs
Feb  1 18:03:45 localhost kernel: PM: Registered nosave memory: 000000000009f000 - 00000000000a0000
Feb  1 18:03:45 localhost kernel: PM: Registered nosave memory: 00000000000a0000 - 00000000000ca000
Feb  1 18:03:45 localhost kernel: PM: Registered nosave memory: 00000000000ca000 - 00000000000cc000
Feb  1 18:03:45 localhost kernel: PM: Registered nosave memory: 00000000000cc000 - 00000000000dc000
Feb  1 18:03:45 localhost kernel: PM: Registered nosave memory: 00000000000dc000 - 0000000000100000
Feb  1 18:03:45 localhost kernel: Allocating PCI resources starting at 40000000 (gap: 40000000:bec00000)
Feb  1 18:03:45 localhost kernel: Booting paravirtualized kernel on bare hardware
Feb  1 18:03:45 localhost kernel: NR_CPUS:32 nr_cpumask_bits:32 nr_cpu_ids:1 nr_node_ids:1
Feb  1 18:03:45 localhost kernel: PERCPU: Embedded 14 pages/cpu @c2400000 s34456 r0 d22888 u2097152
Feb  1 18:03:45 localhost kernel: pcpu-alloc: s34456 r0 d22888 u2097152 alloc=1*2097152
Feb  1 18:03:45 localhost kernel: pcpu-alloc: [0] 0 
Feb  1 18:03:45 localhost kernel: Built 1 zonelists in Zone order, mobility grouping on.  Total pages: 259966
Feb  1 18:03:45 localhost kernel: Kernel command line: ro root=/dev/mapper/vg_livecd-lv_root rd_NO_LUKS LANG=en_US.UTF-8 rd_LVM_LV=vg_livecd/lv_swap rd_NO_MD quiet rd_LVM_LV=vg_livecd/lv_root SYSFONT=latarcyrheb-sun16 rhgb   KEYBOARDTYPE=pc KEYTABLE=us rd_NO_DM
Feb  1 18:03:45 localhost kernel: PID hash table entries: 4096 (order: 2, 16384 bytes)
Feb  1 18:03:45 localhost kernel: Dentry cache hash table entries: 131072 (order: 7, 524288 bytes)
Feb  1 18:03:45 localhost kernel: Inode-cache hash table entries: 65536 (order: 6, 262144 bytes)
Feb  1 18:03:45 localhost kernel: Enabling fast FPU save and restore... done.
Feb  1 18:03:45 localhost kernel: Enabling unmasked SIMD FPU exception support... done.
Feb  1 18:03:45 localhost kernel: Initializing CPU#0
Feb  1 18:03:45 localhost kernel: Initializing HighMem for node 0 (000375fe:00040000)
Feb  1 18:03:45 localhost kernel: Memory: 1015360k/1048576k available (4313k kernel code, 32284k reserved, 2412k data, 504k init, 141256k highmem)
Feb  1 18:03:45 localhost kernel: virtual kernel memory layout:
Feb  1 18:03:45 localhost kernel:    fixmap  : 0xffad5000 - 0xfffff000   (5288 kB)
Feb  1 18:03:45 localhost kernel:    pkmap   : 0xff600000 - 0xff800000   (2048 kB)
Feb  1 18:03:45 localhost kernel:    vmalloc : 0xf7dfe000 - 0xff5fe000   ( 120 MB)
Feb  1 18:03:45 localhost kernel:    lowmem  : 0xc0000000 - 0xf75fe000   ( 885 MB)
Feb  1 18:03:45 localhost kernel:      .init : 0xc0a92000 - 0xc0b10000   ( 504 kB)
Feb  1 18:03:45 localhost kernel:      .data : 0xc0836493 - 0xc0a917c8   (2412 kB)
Feb  1 18:03:45 localhost kernel:      .text : 0xc0400000 - 0xc0836493   (4313 kB)
Feb  1 18:03:45 localhost kernel: Checking if this processor honours the WP bit even in supervisor mode...Ok.
Feb  1 18:03:45 localhost kernel: Hierarchical RCU implementation.
Feb  1 18:03:45 localhost kernel: NR_IRQS:2304 nr_irqs:256
Feb  1 18:03:45 localhost kernel: Extended CMOS year: 2000
Feb  1 18:03:45 localhost kernel: Console: colour VGA+ 80x25
Feb  1 18:03:45 localhost kernel: console [tty0] enabled
Feb  1 18:03:45 localhost kernel: allocated 4194304 bytes of page_cgroup
Feb  1 18:03:45 localhost kernel: please try 'cgroup_disable=memory' option if you don't want memory cgroups
Feb  1 18:03:45 localhost kernel: TSC freq read from hypervisor : 2792.999 MHz
Feb  1 18:03:45 localhost kernel: Detected 2792.999 MHz processor.
Feb  1 18:03:45 localhost kernel: Calibrating delay loop (skipped) preset value.. 5585.99 BogoMIPS (lpj=2792999)
Feb  1 18:03:45 localhost kernel: pid_max: default: 32768 minimum: 301
Feb  1 18:03:45 localhost kernel: Security Framework initialized
Feb  1 18:03:45 localhost kernel: SELinux:  Initializing.
Feb  1 18:03:45 localhost kernel: Mount-cache hash table entries: 512
Feb  1 18:03:45 localhost kernel: Initializing cgroup subsys ns
Feb  1 18:03:45 localhost kernel: Initializing cgroup subsys cpuacct
Feb  1 18:03:45 localhost kernel: Initializing cgroup subsys memory
Feb  1 18:03:45 localhost kernel: Initializing cgroup subsys devices
Feb  1 18:03:45 localhost kernel: Initializing cgroup subsys freezer
Feb  1 18:03:45 localhost kernel: Initializing cgroup subsys net_cls
Feb  1 18:03:45 localhost kernel: Initializing cgroup subsys blkio
Feb  1 18:03:45 localhost kernel: Initializing cgroup subsys perf_event
Feb  1 18:03:45 localhost kernel: Disabled fast string operations
Feb  1 18:03:45 localhost kernel: CPU: Physical Processor ID: 0
Feb  1 18:03:45 localhost kernel: mce: CPU supports 0 MCE banks
Feb  1 18:03:45 localhost kernel: Checking 'hlt' instruction... OK.
Feb  1 18:03:45 localhost kernel: SMP alternatives: switching to UP code
Feb  1 18:03:45 localhost kernel: Freeing SMP alternatives: 16k freed
Feb  1 18:03:45 localhost kernel: ACPI: Core revision 20090903
Feb  1 18:03:45 localhost kernel: Enabling APIC mode:  Flat.  Using 1 I/O APICs
Feb  1 18:03:45 localhost kernel: ..TIMER: vector=0x30 apic1=0 pin1=2 apic2=-1 pin2=-1
Feb  1 18:03:45 localhost kernel: CPU0: Intel(R) Core(TM) i7 CPU       M 640  @ 2.80GHz stepping 05
Feb  1 18:03:45 localhost kernel: Performance Events: Westmere events, core PMU driver.
Feb  1 18:03:45 localhost kernel: ... version:                1
Feb  1 18:03:45 localhost kernel: ... bit width:              48
Feb  1 18:03:45 localhost kernel: ... generic registers:      4
Feb  1 18:03:45 localhost kernel: ... value mask:             0000ffffffffffff
Feb  1 18:03:45 localhost kernel: ... max period:             000000007fffffff
Feb  1 18:03:45 localhost kernel: ... fixed-purpose events:   0
Feb  1 18:03:45 localhost kernel: ... event mask:             000000000000000f
Feb  1 18:03:45 localhost kernel: Brought up 1 CPUs
Feb  1 18:03:45 localhost kernel: Total of 1 processors activated (5585.99 BogoMIPS).
Feb  1 18:03:45 localhost kernel: devtmpfs: initialized
Feb  1 18:03:45 localhost kernel: regulator: core version 0.5
Feb  1 18:03:45 localhost kernel: NET: Registered protocol family 16
Feb  1 18:03:45 localhost kernel: ACPI: bus type pci registered
Feb  1 18:03:45 localhost kernel: PCI: PCI BIOS revision 2.10 entry at 0xfd8a0, last bus=1
Feb  1 18:03:45 localhost kernel: PCI: Using configuration type 1 for base access
Feb  1 18:03:45 localhost kernel: bio: create slab <bio-0> at 0
Feb  1 18:03:45 localhost kernel: ACPI: BIOS _OSI(Linux) query ignored
Feb  1 18:03:45 localhost kernel: ACPI: Interpreter enabled
Feb  1 18:03:45 localhost kernel: ACPI: (supports S0 S1 S4 S5)
Feb  1 18:03:45 localhost kernel: ACPI: Using IOAPIC for interrupt routing
Feb  1 18:03:45 localhost kernel: ACPI: No dock devices found.
Feb  1 18:03:45 localhost kernel: HEST: Table not found.
Feb  1 18:03:45 localhost kernel: ACPI: PCI Root Bridge [PCI0] (0000:00)
Feb  1 18:03:45 localhost kernel: pci 0000:00:07.3: quirk: region 1000-103f claimed by PIIX4 ACPI
Feb  1 18:03:45 localhost kernel: pci 0000:00:07.3: quirk: region 1040-104f claimed by PIIX4 SMB
Feb  1 18:03:45 localhost kernel: ACPI: PCI Interrupt Link [LNKA] (IRQs 3 4 5 6 7 9 10 11 14 15) *0, disabled.
Feb  1 18:03:45 localhost kernel: ACPI: PCI Interrupt Link [LNKB] (IRQs 3 4 5 6 7 9 10 *11 14 15)
Feb  1 18:03:45 localhost kernel: ACPI: PCI Interrupt Link [LNKC] (IRQs 3 4 5 6 7 9 *10 11 14 15)
Feb  1 18:03:45 localhost kernel: ACPI: PCI Interrupt Link [LNKD] (IRQs 3 4 5 6 7 *9 10 11 14 15)
Feb  1 18:03:45 localhost kernel: vgaarb: device added: PCI:0000:00:0f.0,decodes=io+mem,owns=io+mem,locks=none
Feb  1 18:03:45 localhost kernel: vgaarb: loaded
Feb  1 18:03:45 localhost kernel: vgaarb: bridge control possible 0000:00:0f.0
Feb  1 18:03:45 localhost kernel: SCSI subsystem initialized
Feb  1 18:03:45 localhost kernel: usbcore: registered new interface driver usbfs
Feb  1 18:03:45 localhost kernel: usbcore: registered new interface driver hub
Feb  1 18:03:45 localhost kernel: usbcore: registered new device driver usb
Feb  1 18:03:45 localhost kernel: PCI: Using ACPI for IRQ routing
Feb  1 18:03:45 localhost kernel: NetLabel: Initializing
Feb  1 18:03:45 localhost kernel: NetLabel:  domain hash size = 128
Feb  1 18:03:45 localhost kernel: NetLabel:  protocols = UNLABELED CIPSOv4
Feb  1 18:03:45 localhost kernel: NetLabel:  unlabeled traffic allowed by default
Feb  1 18:03:45 localhost kernel: Switching to clocksource tsc
Feb  1 18:03:45 localhost kernel: pnp: PnP ACPI init
Feb  1 18:03:45 localhost kernel: ACPI: bus type pnp registered
Feb  1 18:03:45 localhost kernel: pnp: PnP ACPI: found 12 devices
Feb  1 18:03:45 localhost kernel: ACPI: ACPI bus type pnp unregistered
Feb  1 18:03:45 localhost kernel: system 00:01: ioport range 0x1000-0x103f has been reserved
Feb  1 18:03:45 localhost kernel: system 00:01: ioport range 0x1040-0x104f has been reserved
Feb  1 18:03:45 localhost kernel: system 00:01: ioport range 0xcf0-0xcf1 has been reserved
Feb  1 18:03:45 localhost kernel: pci 0000:00:01.0: PCI bridge to [bus 01-01]
Feb  1 18:03:45 localhost kernel: pci 0000:00:01.0: PCI bridge, secondary bus 0000:01
Feb  1 18:03:45 localhost kernel: pci 0000:00:01.0:   bridge window [io  disabled]
Feb  1 18:03:45 localhost kernel: pci 0000:00:01.0:   bridge window [mem disabled]
Feb  1 18:03:45 localhost kernel: pci 0000:00:01.0:   bridge window [mem pref disabled]
Feb  1 18:03:45 localhost kernel: NET: Registered protocol family 2
Feb  1 18:03:45 localhost kernel: IP route cache hash table entries: 32768 (order: 5, 131072 bytes)
Feb  1 18:03:45 localhost kernel: TCP established hash table entries: 131072 (order: 8, 1048576 bytes)
Feb  1 18:03:45 localhost kernel: TCP bind hash table entries: 65536 (order: 7, 524288 bytes)
Feb  1 18:03:45 localhost kernel: TCP: Hash tables configured (established 131072 bind 65536)
Feb  1 18:03:45 localhost kernel: TCP reno registered
Feb  1 18:03:45 localhost kernel: NET: Registered protocol family 1
Feb  1 18:03:45 localhost kernel: pci 0000:00:00.0: Limiting direct PCI/PCI transfers
Feb  1 18:03:45 localhost kernel: Trying to unpack rootfs image as initramfs...
Feb  1 18:03:45 localhost kernel: Freeing initrd memory: 14587k freed
Feb  1 18:03:45 localhost kernel: Simple Boot Flag at 0x36 set to 0x1
Feb  1 18:03:45 localhost kernel: apm: BIOS version 1.2 Flags 0x03 (Driver version 1.16ac)
Feb  1 18:03:45 localhost kernel: apm: overridden by ACPI.
Feb  1 18:03:45 localhost kernel: audit: initializing netlink socket (disabled)
Feb  1 18:03:45 localhost kernel: type=2000 audit(1359759815.697:1): initialized
Feb  1 18:03:45 localhost kernel: highmem bounce pool size: 64 pages
Feb  1 18:03:45 localhost kernel: HugeTLB registered 2 MB page size, pre-allocated 0 pages
Feb  1 18:03:45 localhost kernel: VFS: Disk quotas dquot_6.5.2
Feb  1 18:03:45 localhost kernel: Dquot-cache hash table entries: 1024 (order 0, 4096 bytes)
Feb  1 18:03:45 localhost kernel: msgmni has been set to 1736
Feb  1 18:03:45 localhost kernel: alg: No test for stdrng (krng)
Feb  1 18:03:45 localhost kernel: ksign: Installing public key data
Feb  1 18:03:45 localhost kernel: Loading keyring
Feb  1 18:03:45 localhost kernel: - Added public key 31B6C542CAF8AEE
Feb  1 18:03:45 localhost kernel: - User ID: CentOS (Kernel Module GPG key)
Feb  1 18:03:45 localhost kernel: Block layer SCSI generic (bsg) driver version 0.4 loaded (major 252)
Feb  1 18:03:45 localhost kernel: io scheduler noop registered
Feb  1 18:03:45 localhost kernel: io scheduler anticipatory registered
Feb  1 18:03:45 localhost kernel: io scheduler deadline registered
Feb  1 18:03:45 localhost kernel: io scheduler cfq registered (default)
Feb  1 18:03:45 localhost kernel: pci_hotplug: PCI Hot Plug PCI Core version: 0.5
Feb  1 18:03:45 localhost kernel: pciehp: PCI Express Hot Plug Controller Driver version: 0.4
Feb  1 18:03:45 localhost kernel: acpiphp: ACPI Hot Plug PCI Controller Driver version: 0.5
Feb  1 18:03:45 localhost kernel: ACPI: AC Adapter [ACAD] (on-line)
Feb  1 18:03:45 localhost kernel: input: Power Button as /devices/LNXSYSTM:00/LNXPWRBN:00/input/input0
Feb  1 18:03:45 localhost kernel: ACPI: Power Button [PWRF]
Feb  1 18:03:45 localhost kernel: processor LNXCPU:00: registered as cooling_device0
Feb  1 18:03:45 localhost kernel: ERST: Table is not found!
Feb  1 18:03:45 localhost kernel: GHES: HEST is not enabled!
Feb  1 18:03:45 localhost kernel: isapnp: Scanning for PnP cards...
Feb  1 18:03:45 localhost kernel: isapnp: No Plug & Play device found
Feb  1 18:03:45 localhost kernel: Non-volatile memory driver v1.3
Feb  1 18:03:45 localhost kernel: Linux agpgart interface v0.103
Feb  1 18:03:45 localhost kernel: agpgart-intel 0000:00:00.0: Intel 440BX Chipset
Feb  1 18:03:45 localhost kernel: agpgart-intel 0000:00:00.0: AGP aperture is 256M @ 0x0
Feb  1 18:03:45 localhost kernel: crash memory driver: version 1.1
Feb  1 18:03:45 localhost kernel: Serial: 8250/16550 driver, 4 ports, IRQ sharing enabled
Feb  1 18:03:45 localhost kernel: serial8250: ttyS0 at I/O 0x3f8 (irq = 4) is a 16550A
Feb  1 18:03:45 localhost kernel: serial8250: ttyS1 at I/O 0x2f8 (irq = 3) is a 16550A
Feb  1 18:03:45 localhost kernel: 00:09: ttyS0 at I/O 0x3f8 (irq = 4) is a 16550A
Feb  1 18:03:45 localhost kernel: 00:0a: ttyS1 at I/O 0x2f8 (irq = 3) is a 16550A
Feb  1 18:03:45 localhost kernel: brd: module loaded
Feb  1 18:03:45 localhost kernel: loop: module loaded
Feb  1 18:03:45 localhost kernel: input: Macintosh mouse button emulation as /devices/virtual/input/input1
Feb  1 18:03:45 localhost kernel: Fixed MDIO Bus: probed
Feb  1 18:03:45 localhost kernel: ehci_hcd: USB 2.0 'Enhanced' Host Controller (EHCI) Driver
Feb  1 18:03:45 localhost kernel: ohci_hcd: USB 1.1 'Open' Host Controller (OHCI) Driver
Feb  1 18:03:45 localhost kernel: uhci_hcd: USB Universal Host Controller Interface driver
Feb  1 18:03:45 localhost kernel: uhci_hcd 0000:00:07.2: PCI INT D -> GSI 19 (level, low) -> IRQ 19
Feb  1 18:03:45 localhost kernel: uhci_hcd 0000:00:07.2: UHCI Host Controller
Feb  1 18:03:45 localhost kernel: uhci_hcd 0000:00:07.2: new USB bus registered, assigned bus number 1
Feb  1 18:03:45 localhost kernel: uhci_hcd 0000:00:07.2: irq 19, io base 0x00001060
Feb  1 18:03:45 localhost kernel: usb usb1: New USB device found, idVendor=1d6b, idProduct=0001
Feb  1 18:03:45 localhost kernel: usb usb1: New USB device strings: Mfr=3, Product=2, SerialNumber=1
Feb  1 18:03:45 localhost kernel: usb usb1: Product: UHCI Host Controller
Feb  1 18:03:45 localhost kernel: usb usb1: Manufacturer: Linux 2.6.32-220.el6.i686 uhci_hcd
Feb  1 18:03:45 localhost kernel: usb usb1: SerialNumber: 0000:00:07.2
Feb  1 18:03:45 localhost kernel: usb usb1: configuration #1 chosen from 1 choice
Feb  1 18:03:45 localhost kernel: hub 1-0:1.0: USB hub found
Feb  1 18:03:45 localhost kernel: hub 1-0:1.0: 2 ports detected
Feb  1 18:03:45 localhost kernel: PNP: PS/2 Controller [PNP0303:KBC,PNP0f13:MOUS] at 0x60,0x64 irq 1,12
Feb  1 18:03:45 localhost kernel: serio: i8042 KBD port at 0x60,0x64 irq 1
Feb  1 18:03:45 localhost kernel: serio: i8042 AUX port at 0x60,0x64 irq 12
Feb  1 18:03:45 localhost kernel: mice: PS/2 mouse device common for all mice
Feb  1 18:03:45 localhost kernel: rtc_cmos 00:04: rtc core: registered rtc_cmos as rtc0
Feb  1 18:03:45 localhost kernel: rtc0: alarms up to one month, y3k, 114 bytes nvram
Feb  1 18:03:45 localhost kernel: cpuidle: using governor ladder
Feb  1 18:03:45 localhost kernel: cpuidle: using governor menu
Feb  1 18:03:45 localhost kernel: usbcore: registered new interface driver hiddev
Feb  1 18:03:45 localhost kernel: usbcore: registered new interface driver usbhid
Feb  1 18:03:45 localhost kernel: usbhid: v2.6:USB HID core driver
Feb  1 18:03:45 localhost kernel: TCP cubic registered
Feb  1 18:03:45 localhost kernel: Initializing XFRM netlink socket
Feb  1 18:03:45 localhost kernel: NET: Registered protocol family 17
Feb  1 18:03:45 localhost kernel: Using IPI No-Shortcut mode
Feb  1 18:03:45 localhost kernel: registered taskstats version 1
Feb  1 18:03:45 localhost kernel: rtc_cmos 00:04: setting system clock to 2013-02-01 23:03:37 UTC (1359759817)
Feb  1 18:03:45 localhost kernel: Initalizing network drop monitor service
Feb  1 18:03:45 localhost kernel: Freeing unused kernel memory: 504k freed
Feb  1 18:03:45 localhost kernel: Write protecting the kernel text: 4316k
Feb  1 18:03:45 localhost kernel: Write protecting the kernel read-only data: 1852k
Feb  1 18:03:45 localhost kernel: input: AT Translated Set 2 keyboard as /devices/platform/i8042/serio0/input/input2
Feb  1 18:03:45 localhost kernel: input: ImPS/2 Generic Wheel Mouse as /devices/platform/i8042/serio1/input/input3
Feb  1 18:03:45 localhost kernel: dracut: dracut-004-256.el6
Feb  1 18:03:45 localhost kernel: dracut: rd_NO_LUKS: removing cryptoluks activation
Feb  1 18:03:45 localhost kernel: device-mapper: uevent: version 1.0.3
Feb  1 18:03:45 localhost kernel: device-mapper: ioctl: 4.22.6-ioctl (2011-10-19) initialised: dm-devel@redhat.com
Feb  1 18:03:45 localhost kernel: udev: starting version 147
Feb  1 18:03:45 localhost kernel: dracut: Starting plymouth daemon
Feb  1 18:03:45 localhost kernel: dracut: rd_NO_DM: removing DM RAID activation
Feb  1 18:03:45 localhost kernel: dracut: rd_NO_MD: removing MD RAID activation
Feb  1 18:03:45 localhost kernel: scsi0 : ata_piix
Feb  1 18:03:45 localhost kernel: scsi1 : ata_piix
Feb  1 18:03:45 localhost kernel: ata1: PATA max UDMA/33 cmd 0x1f0 ctl 0x3f6 bmdma 0x14c0 irq 14
Feb  1 18:03:45 localhost kernel: ata2: PATA max UDMA/33 cmd 0x170 ctl 0x376 bmdma 0x14c8 irq 15
Feb  1 18:03:45 localhost kernel: ata2.00: ATAPI: VMware Virtual IDE CDROM Drive, 00000001, max UDMA/33
Feb  1 18:03:45 localhost kernel: ata2.00: configured for UDMA/33
Feb  1 18:03:45 localhost kernel: scsi 1:0:0:0: CD-ROM            NECVMWar VMware IDE CDR10 1.00 PQ: 0 ANSI: 5
Feb  1 18:03:45 localhost kernel: Fusion MPT base driver 3.04.19
Feb  1 18:03:45 localhost kernel: Copyright (c) 1999-2008 LSI Corporation
Feb  1 18:03:45 localhost kernel: Fusion MPT SPI Host driver 3.04.19
Feb  1 18:03:45 localhost kernel: mptspi 0000:00:10.0: PCI INT A -> GSI 17 (level, low) -> IRQ 17
Feb  1 18:03:45 localhost kernel: mptbase: ioc0: Initiating bringup
Feb  1 18:03:45 localhost kernel: ioc0: LSI53C1030 B0: Capabilities={Initiator}
Feb  1 18:03:45 localhost kernel: scsi2 : ioc0: LSI53C1030 B0, FwRev=01032920h, Ports=1, MaxQ=128, IRQ=17
Feb  1 18:03:45 localhost kernel: scsi 2:0:0:0: Direct-Access     VMware,  VMware Virtual S 1.0  PQ: 0 ANSI: 2
Feb  1 18:03:45 localhost kernel: scsi target2:0:0: Beginning Domain Validation
Feb  1 18:03:45 localhost kernel: scsi target2:0:0: Domain Validation skipping write tests
Feb  1 18:03:45 localhost kernel: scsi target2:0:0: Ending Domain Validation
Feb  1 18:03:45 localhost kernel: scsi target2:0:0: FAST-40 WIDE SCSI 80.0 MB/s ST (25 ns, offset 127)
Feb  1 18:03:45 localhost kernel: sr0: scsi3-mmc drive: 24x/24x writer dvd-ram cd/rw xa/form2 cdda tray
Feb  1 18:03:45 localhost kernel: Uniform CD-ROM driver Revision: 3.20
Feb  1 18:03:45 localhost kernel: sd 2:0:0:0: [sda] 41943040 512-byte logical blocks: (21.4 GB/20.0 GiB)
Feb  1 18:03:45 localhost kernel: sd 2:0:0:0: [sda] Write Protect is off
Feb  1 18:03:45 localhost kernel: sd 2:0:0:0: [sda] Cache data unavailable
Feb  1 18:03:45 localhost kernel: sd 2:0:0:0: [sda] Assuming drive cache: write through
Feb  1 18:03:45 localhost kernel: sd 2:0:0:0: [sda] Cache data unavailable
Feb  1 18:03:45 localhost kernel: sd 2:0:0:0: [sda] Assuming drive cache: write through
Feb  1 18:03:45 localhost kernel: sda: sda1 sda2
Feb  1 18:03:45 localhost kernel: sd 2:0:0:0: [sda] Cache data unavailable
Feb  1 18:03:45 localhost kernel: sd 2:0:0:0: [sda] Assuming drive cache: write through
Feb  1 18:03:45 localhost kernel: sd 2:0:0:0: [sda] Attached SCSI disk
Feb  1 18:03:45 localhost kernel: dracut: Scanning devices sda2  for LVM logical volumes vg_livecd/lv_swap vg_livecd/lv_root 
Feb  1 18:03:45 localhost kernel: dracut: inactive '/dev/vg_livecd/lv_root' [17.54 GiB] inherit
Feb  1 18:03:45 localhost kernel: dracut: inactive '/dev/vg_livecd/lv_swap' [1.97 GiB] inherit
Feb  1 18:03:45 localhost kernel: EXT4-fs (dm-0): mounted filesystem with ordered data mode. Opts: 
Feb  1 18:03:45 localhost kernel: dracut: Mounted root filesystem /dev/mapper/vg_livecd-lv_root
Feb  1 18:03:45 localhost kernel: dracut: Loading SELinux policy
Feb  1 18:03:45 localhost kernel: type=1404 audit(1359759818.462:2): enforcing=1 old_enforcing=0 auid=4294967295 ses=4294967295
Feb  1 18:03:45 localhost kernel: type=1403 audit(1359759819.031:3): policy loaded auid=4294967295 ses=4294967295
Feb  1 18:03:45 localhost kernel: dracut: 
Feb  1 18:03:45 localhost kernel: dracut: Switching root
Feb  1 18:03:45 localhost kernel: readahead: starting
Feb  1 18:03:45 localhost kernel: udev: starting version 147
Feb  1 18:03:45 localhost kernel: piix4_smbus 0000:00:07.3: Host SMBus controller not enabled!
Feb  1 18:03:45 localhost kernel: pcnet32.c:v1.35 21.Apr.2008 tsbogend@alpha.franken.de
Feb  1 18:03:45 localhost kernel: pcnet32 0000:00:11.0: PCI INT A -> GSI 18 (level, low) -> IRQ 18
Feb  1 18:03:45 localhost kernel: pcnet32: PCnet/PCI II 79C970A at 0x1400, 00:0c:29:8f:7c:18 assigned IRQ 18.
Feb  1 18:03:45 localhost kernel: eth0: registered as PCnet/PCI II 79C970A
Feb  1 18:03:45 localhost kernel: pcnet32: 1 cards_found.
Feb  1 18:03:45 localhost kernel: ENS1371 0000:00:12.0: PCI INT A -> GSI 19 (level, low) -> IRQ 19
Feb  1 18:03:45 localhost kernel: sr 1:0:0:0: Attached scsi generic sg0 type 5
Feb  1 18:03:45 localhost kernel: sd 2:0:0:0: Attached scsi generic sg1 type 0
Feb  1 18:03:45 localhost kernel: microcode: CPU0 sig=0x20655, pf=0x1, revision=0x2
Feb  1 18:03:45 localhost kernel: platform microcode: firmware: requesting intel-ucode/06-25-05
Feb  1 18:03:45 localhost kernel: Microcode Update Driver: v2.00 <tigran@aivazian.fsnet.co.uk>, Peter Oruba
Feb  1 18:03:45 localhost kernel: parport_pc 00:08: reported by Plug and Play ACPI
Feb  1 18:03:45 localhost kernel: parport0: PC-style at 0x378, irq 7 [PCSPP,TRISTATE]
Feb  1 18:03:45 localhost kernel: ppdev: user-space parallel port driver
Feb  1 18:03:45 localhost kernel: EXT4-fs (sda1): mounted filesystem with ordered data mode. Opts: 
Feb  1 18:03:45 localhost kernel: Adding 2064376k swap on /dev/mapper/vg_livecd-lv_swap.  Priority:-1 extents:1 across:2064376k 
Feb  1 18:03:45 localhost kernel: NET: Registered protocol family 10
Feb  1 18:03:45 localhost kernel: lo: Disabled Privacy Extensions
Feb  1 18:03:45 localhost kernel: ip6_tables: (C) 2000-2006 Netfilter Core Team
Feb  1 18:03:45 localhost kernel: nf_conntrack version 0.5.0 (16107 buckets, 64428 max)
Feb  1 18:03:45 localhost kernel: ip_tables: (C) 2000-2006 Netfilter Core Team
Feb  1 18:03:47 localhost kdump: No crashkernel parameter specified for running kernel
Feb  1 18:03:47 localhost lldpad: config file failed to load, 
Feb  1 18:03:47 localhost lldpad: create a new file.
Feb  1 18:03:47 localhost lldpad: bound ctrl iface to /com/intel/lldpad
Feb  1 18:03:48 localhost kernel: 802.1Q VLAN Support v1.8 Ben Greear <greearb@candelatech.com>
Feb  1 18:03:48 localhost kernel: All bugs added by David S. Miller <davem@redhat.com>
Feb  1 18:03:48 localhost kernel: cnic: Broadcom NetXtreme II CNIC Driver cnic v2.5.7 (July 20, 2011)
Feb  1 18:03:48 localhost kernel: bnx2fc: Broadcom NetXtreme II FCoE Driver bnx2fc v1.0.8 (Oct 02, 2011)
Feb  1 18:03:52 localhost NetworkManager[1288]: <info> NetworkManager (version 0.8.1-15.el6) is starting...
Feb  1 18:03:52 localhost NetworkManager[1288]: <info> Read config file /etc/NetworkManager/NetworkManager.conf
Feb  1 18:03:52 localhost NetworkManager[1288]: <info> trying to start the modem manager...
Feb  1 18:03:53 localhost modem-manager: ModemManager (version 0.4.0-3.git20100628.el6) starting...
Feb  1 18:03:53 localhost modem-manager: Loaded plugin Novatel
Feb  1 18:03:53 localhost modem-manager: Loaded plugin Sierra
Feb  1 18:03:53 localhost modem-manager: Loaded plugin Huawei
Feb  1 18:03:53 localhost modem-manager: Loaded plugin MotoC
Feb  1 18:03:53 localhost modem-manager: Loaded plugin Nokia
Feb  1 18:03:53 localhost modem-manager: Loaded plugin Gobi
Feb  1 18:03:53 localhost modem-manager: Loaded plugin Longcheer
Feb  1 18:03:53 localhost modem-manager: Loaded plugin SimTech
Feb  1 18:03:53 localhost modem-manager: Loaded plugin AnyData
Feb  1 18:03:53 localhost modem-manager: Loaded plugin Option High-Speed
Feb  1 18:03:53 localhost modem-manager: Loaded plugin Option
Feb  1 18:03:53 localhost modem-manager: Loaded plugin ZTE
Feb  1 18:03:53 localhost modem-manager: Loaded plugin Generic
Feb  1 18:03:53 localhost modem-manager: Loaded plugin Ericsson MBM
Feb  1 18:03:53 localhost avahi-daemon[1300]: Found user 'avahi' (UID 70) and group 'avahi' (GID 70).
Feb  1 18:03:53 localhost avahi-daemon[1300]: Successfully dropped root privileges.
Feb  1 18:03:53 localhost avahi-daemon[1300]: avahi-daemon 0.6.25 starting up.
Feb  1 18:03:53 localhost avahi-daemon[1300]: WARNING: No NSS support for mDNS detected, consider installing nss-mdns!
Feb  1 18:03:53 localhost avahi-daemon[1300]: Successfully called chroot().
Feb  1 18:03:53 localhost avahi-daemon[1300]: Successfully dropped remaining capabilities.
Feb  1 18:03:53 localhost avahi-daemon[1300]: Loading service file /services/ssh.service.
Feb  1 18:03:53 localhost avahi-daemon[1300]: System host name is set to 'localhost'. This is not a suitable mDNS host name, looking for alternatives.
Feb  1 18:03:53 localhost avahi-daemon[1300]: Network interface enumeration completed.
Feb  1 18:03:53 localhost avahi-daemon[1300]: Registering HINFO record with values 'I686'/'LINUX'.
Feb  1 18:03:53 localhost avahi-daemon[1300]: Server startup complete. Host name is linux.local. Local service cookie is 2842633344.
Feb  1 18:03:53 localhost avahi-daemon[1300]: Service "linux" (/services/ssh.service) successfully established.
Feb  1 18:03:53 localhost NetworkManager[1288]: <info> monitoring kernel firmware directory '/lib/firmware'.
Feb  1 18:03:54 localhost NetworkManager[1288]:    ifcfg-rh: Acquired D-Bus service com.redhat.ifcfgrh1
Feb  1 18:03:54 localhost NetworkManager[1288]: <info> Loaded plugin ifcfg-rh: (c) 2007 - 2008 Red Hat, Inc.  To report bugs please use the NetworkManager mailing list.
Feb  1 18:03:54 localhost NetworkManager[1288]:    ifcfg-rh: parsing /etc/sysconfig/network-scripts/ifcfg-lo ... 
Feb  1 18:03:54 localhost NetworkManager[1288]: <info> WiFi enabled by radio killswitch; enabled by state file
Feb  1 18:03:54 localhost NetworkManager[1288]: <info> WWAN enabled by radio killswitch; enabled by state file
Feb  1 18:03:54 localhost NetworkManager[1288]: <info> WiMAX enabled by radio killswitch; enabled by state file
Feb  1 18:03:54 localhost NetworkManager[1288]: <info> Networking is enabled by state file
Feb  1 18:03:54 localhost NetworkManager[1288]: <info> (eth0): carrier is OFF
Feb  1 18:03:54 localhost NetworkManager[1288]: <info> (eth0): new Ethernet device (driver: 'pcnet32' ifindex: 2)
Feb  1 18:03:54 localhost NetworkManager[1288]: <info> (eth0): exported as /org/freedesktop/NetworkManager/Devices/0
Feb  1 18:03:54 localhost NetworkManager[1288]: <info> (eth0): now managed
Feb  1 18:03:54 localhost NetworkManager[1288]: <info> (eth0): device state change: 1 -> 2 (reason 2)
Feb  1 18:03:54 localhost NetworkManager[1288]: <info> (eth0): bringing up device.
Feb  1 18:03:54 localhost kernel: eth0: link up
Feb  1 18:03:55 localhost rpc.statd[1318]: Version 1.2.3 starting
Feb  1 18:03:55 localhost NetworkManager[1288]: <info> (eth0): preparing device.
Feb  1 18:03:55 localhost NetworkManager[1288]: <info> (eth0): deactivating device (reason: 2).
Feb  1 18:03:55 localhost NetworkManager[1288]: <info> Added default wired connection 'Auto eth0' for /sys/devices/pci0000:00/0000:00:11.0/net/eth0
Feb  1 18:03:55 localhost NetworkManager[1288]: <info> (eth0): carrier now ON (device state 2)
Feb  1 18:03:55 localhost NetworkManager[1288]: <info> (eth0): device state change: 2 -> 3 (reason 40)
Feb  1 18:03:55 localhost NetworkManager[1288]: <info> modem-manager is now available
Feb  1 18:03:55 localhost NetworkManager[1288]: <warn> bluez error getting default adapter: The name org.bluez was not provided by any .service files
Feb  1 18:03:55 localhost NetworkManager[1288]: <info> Trying to start the supplicant...
Feb  1 18:03:55 localhost NetworkManager[1288]: <info> Activation (eth0) starting connection 'Auto eth0'
Feb  1 18:03:55 localhost NetworkManager[1288]: <info> (eth0): device state change: 3 -> 4 (reason 0)
Feb  1 18:03:55 localhost NetworkManager[1288]: <info> Activation (eth0) Stage 1 of 5 (Device Prepare) scheduled...
Feb  1 18:03:55 localhost NetworkManager[1288]: <info> Activation (eth0) Stage 1 of 5 (Device Prepare) started...
Feb  1 18:03:55 localhost NetworkManager[1288]: <info> Activation (eth0) Stage 2 of 5 (Device Configure) scheduled...
Feb  1 18:03:55 localhost NetworkManager[1288]: <info> Activation (eth0) Stage 1 of 5 (Device Prepare) complete.
Feb  1 18:03:55 localhost NetworkManager[1288]: <info> Activation (eth0) Stage 2 of 5 (Device Configure) starting...
Feb  1 18:03:55 localhost NetworkManager[1288]: <info> (eth0): device state change: 4 -> 5 (reason 0)
Feb  1 18:03:55 localhost NetworkManager[1288]: <info> Activation (eth0) Stage 2 of 5 (Device Configure) successful.
Feb  1 18:03:55 localhost NetworkManager[1288]: <info> Activation (eth0) Stage 3 of 5 (IP Configure Start) scheduled.
Feb  1 18:03:55 localhost NetworkManager[1288]: <info> Activation (eth0) Stage 2 of 5 (Device Configure) complete.
Feb  1 18:03:55 localhost NetworkManager[1288]: <info> Activation (eth0) Stage 3 of 5 (IP Configure Start) started...
Feb  1 18:03:55 localhost NetworkManager[1288]: <info> (eth0): device state change: 5 -> 7 (reason 0)
Feb  1 18:03:55 localhost NetworkManager[1288]: <info> Activation (eth0) Beginning DHCPv4 transaction (timeout in 45 seconds)
Feb  1 18:03:55 localhost sm-notify[1319]: Version 1.2.3 starting
Feb  1 18:03:55 localhost NetworkManager[1288]: <info> dhclient started with pid 1322
Feb  1 18:03:55 localhost NetworkManager[1288]: <info> Activation (eth0) Stage 3 of 5 (IP Configure Start) complete.
Feb  1 18:03:55 localhost rpc.statd[1318]: Initializing NSM state
Feb  1 18:03:55 localhost dhclient[1322]: Internet Systems Consortium DHCP Client 4.1.1-P1
Feb  1 18:03:55 localhost dhclient[1322]: Copyright 2004-2010 Internet Systems Consortium.
Feb  1 18:03:55 localhost dhclient[1322]: All rights reserved.
Feb  1 18:03:55 localhost dhclient[1322]: For info, please visit https://www.isc.org/software/dhcp/
Feb  1 18:03:55 localhost dhclient[1322]: 
Feb  1 18:03:55 localhost dhclient[1322]: Listening on LPF/eth0/00:0c:29:8f:7c:18
Feb  1 18:03:55 localhost dhclient[1322]: Sending on   LPF/eth0/00:0c:29:8f:7c:18
Feb  1 18:03:55 localhost dhclient[1322]: Sending on   Socket/fallback
Feb  1 18:03:55 localhost NetworkManager[1288]: <info> (eth0): DHCPv4 state changed nbi -> preinit
Feb  1 18:03:55 localhost kernel: RPC: Registered udp transport module.
Feb  1 18:03:55 localhost kernel: RPC: Registered tcp transport module.
Feb  1 18:03:55 localhost kernel: RPC: Registered tcp NFSv4.1 backchannel transport module.
Feb  1 18:03:56 localhost avahi-daemon[1300]: Registering new address record for fe80::20c:29ff:fe8f:7c18 on eth0.*.
Feb  1 18:03:58 localhost dhclient[1322]: DHCPDISCOVER on eth0 to 255.255.255.255 port 67 interval 4 (xid=0xa08a7c3)
Feb  1 18:03:59 localhost dhclient[1322]: DHCPOFFER from 192.168.137.254
Feb  1 18:03:59 localhost dhclient[1322]: DHCPREQUEST on eth0 to 255.255.255.255 port 67 (xid=0xa08a7c3)
Feb  1 18:03:59 localhost dhclient[1322]: DHCPACK from 192.168.137.254 (xid=0xa08a7c3)
Feb  1 18:03:59 localhost NetworkManager[1288]: <info> (eth0): DHCPv4 state changed preinit -> bound
Feb  1 18:03:59 localhost NetworkManager[1288]: <info> Activation (eth0) Stage 4 of 5 (IP4 Configure Get) scheduled...
Feb  1 18:03:59 localhost NetworkManager[1288]: <info> Activation (eth0) Stage 4 of 5 (IP4 Configure Get) started...
Feb  1 18:03:59 localhost NetworkManager[1288]: <info>   address 192.168.137.144
Feb  1 18:03:59 localhost NetworkManager[1288]: <info>   prefix 24 (255.255.255.0)
Feb  1 18:03:59 localhost NetworkManager[1288]: <info>   gateway 192.168.137.2
Feb  1 18:03:59 localhost NetworkManager[1288]: <info>   nameserver '192.168.137.2'
Feb  1 18:03:59 localhost NetworkManager[1288]: <info>   domain name 'localdomain'
Feb  1 18:03:59 localhost NetworkManager[1288]: <info> Activation (eth0) Stage 5 of 5 (IP Configure Commit) scheduled...
Feb  1 18:03:59 localhost NetworkManager[1288]: <info> Activation (eth0) Stage 4 of 5 (IP4 Configure Get) complete.
Feb  1 18:03:59 localhost NetworkManager[1288]: <info> Activation (eth0) Stage 5 of 5 (IP Configure Commit) started...
Feb  1 18:03:59 localhost avahi-daemon[1300]: Joining mDNS multicast group on interface eth0.IPv4 with address 192.168.137.144.
Feb  1 18:03:59 localhost dhclient[1322]: bound to 192.168.137.144 -- renewal in 691 seconds.
Feb  1 18:03:59 localhost avahi-daemon[1300]: New relevant interface eth0.IPv4 for mDNS.
Feb  1 18:03:59 localhost avahi-daemon[1300]: Registering new address record for 192.168.137.144 on eth0.IPv4.
Feb  1 18:04:00 localhost NetworkManager[1288]: <info> (eth0): device state change: 7 -> 8 (reason 0)
Feb  1 18:04:00 localhost NetworkManager[1288]: <info> Policy set 'Auto eth0' (eth0) as default for IPv4 routing and DNS.
Feb  1 18:04:00 localhost NetworkManager[1288]: <info> Activation (eth0) successful, device activated.
Feb  1 18:04:00 localhost NetworkManager[1288]: <info> Activation (eth0) Stage 5 of 5 (IP Configure Commit) complete.
Feb  1 18:04:00 localhost acpid: starting up
Feb  1 18:04:00 localhost acpid: 1 rule loaded
Feb  1 18:04:00 localhost acpid: waiting for events: event logging is off
Feb  1 18:04:01 localhost acpid: client connected from 1501[68:68]
Feb  1 18:04:01 localhost acpid: 1 client rule loaded
Feb  1 18:04:01 localhost pcscd: pcscdaemon.c:506:main() pcsc-lite 1.5.2 daemon ready.
Feb  1 18:04:03 localhost automount[1543]: lookup_read_master: lookup(nisplus): couldn't locate nis+ table auto.master
Feb  1 18:04:49 localhost system-config-network[1818]: ln //etc/hosts //etc/sysconfig/networking/profiles//default/hosts
Feb  1 18:04:49 localhost system-config-network[1818]: ln //etc/resolv.conf //etc/sysconfig/networking/profiles//default/resolv.conf
Feb  1 18:05:17 localhost NetworkManager[1288]: <info> Setting system hostname to 'centos1.localdomain' (from system configuration)
Feb  1 18:05:17 localhost system-config-network[1818]: mv //etc/resolv.conf //etc/resolv.conf.bak
Feb  1 18:05:17 localhost nm-dispatcher.action: nm_dispatcher_action: Invalid connection: '(null)' / 'connection setting not found' invalid: 1
Feb  1 18:05:17 localhost system-config-network[1818]: ln //etc/sysconfig/networking/profiles//default/resolv.conf //etc/resolv.conf
Feb  1 18:07:20 localhost init: tty (/dev/tty2) main process (1893) killed by TERM signal
Feb  1 18:07:20 localhost init: tty (/dev/tty3) main process (1895) killed by TERM signal
Feb  1 18:07:20 localhost init: tty (/dev/tty4) main process (1897) killed by TERM signal
Feb  1 18:07:20 localhost init: tty (/dev/tty5) main process (1899) killed by TERM signal
Feb  1 18:07:20 localhost init: tty (/dev/tty6) main process (1907) killed by TERM signal
Feb  1 18:07:20 localhost avahi-daemon[1300]: Got SIGTERM, quitting.
Feb  1 18:07:20 localhost avahi-daemon[1300]: Leaving mDNS multicast group on interface eth0.IPv4 with address 192.168.137.144.
Feb  1 18:07:24 localhost acpid: exiting
Feb  1 18:07:24 localhost pcscd: pcscdaemon.c:581:signal_trap() Preparing for suicide
Feb  1 18:07:25 localhost pcscd: readerfactory.c:1267:RFCleanupReaders() entering cleaning function
Feb  1 18:07:25 localhost pcscd: pcscdaemon.c:531:at_exit() cleaning /var/run
Feb  1 18:07:27 localhost NetworkManager[1288]: <info> caught signal 15, shutting down normally.
Feb  1 18:07:27 localhost NetworkManager[1288]: <info> exiting (success)
Feb  1 18:07:27 localhost init: Disconnected from system bus
Feb  1 18:07:27 localhost console-kit-daemon[1917]: WARNING: no sender#012
Feb  1 18:07:27 localhost rpcbind: rpcbind terminating on signal. Restart with "rpcbind -w"
Feb  1 18:07:27 localhost auditd[1148]: The audit daemon is exiting.
Feb  1 18:07:27 localhost kernel: type=1305 audit(1359760047.459:41): audit_pid=0 old=1148 auid=4294967295 ses=4294967295 subj=system_u:system_r:auditd_t:s0 res=1
Feb  1 18:07:27 localhost kernel: type=1305 audit(1359760047.560:42): audit_enabled=0 old=1 auid=4294967295 ses=4294967295 subj=system_u:system_r:auditctl_t:s0 res=1
Feb  1 18:07:27 localhost kernel: Kernel logging (proc) stopped.
Feb  1 18:07:27 localhost rsyslogd: [origin software="rsyslogd" swVersion="4.6.2" x-pid="1173" x-info="http://www.rsyslog.com"] exiting on signal 15.
Feb  1 18:07:45 centos1 kernel: imklog 4.6.2, log source = /proc/kmsg started.
Feb  1 18:07:45 centos1 rsyslogd: [origin software="rsyslogd" swVersion="4.6.2" x-pid="1107" x-info="http://www.rsyslog.com"] (re)start
Feb  1 18:07:45 centos1 kernel: Initializing cgroup subsys cpuset
Feb  1 18:07:45 centos1 kernel: Initializing cgroup subsys cpu
Feb  1 18:07:45 centos1 kernel: Linux version 2.6.32-220.el6.i686 (mockbuild@c6b18n3.bsys.dev.centos.org) (gcc version 4.4.6 20110731 (Red Hat 4.4.6-3) (GCC) ) #1 SMP Tue Dec 6 16:15:40 GMT 2011
Feb  1 18:07:45 centos1 kernel: KERNEL supported cpus:
Feb  1 18:07:45 centos1 kernel:  Intel GenuineIntel
Feb  1 18:07:45 centos1 kernel:  AMD AuthenticAMD
Feb  1 18:07:45 centos1 kernel:  NSC Geode by NSC
Feb  1 18:07:45 centos1 kernel:  Cyrix CyrixInstead
Feb  1 18:07:45 centos1 kernel:  Centaur CentaurHauls
Feb  1 18:07:45 centos1 kernel:  Transmeta GenuineTMx86
Feb  1 18:07:45 centos1 kernel:  Transmeta TransmetaCPU
Feb  1 18:07:45 centos1 kernel:  UMC UMC UMC UMC
Feb  1 18:07:45 centos1 kernel: Disabled fast string operations
Feb  1 18:07:45 centos1 kernel: BIOS-provided physical RAM map:
Feb  1 18:07:45 centos1 kernel: BIOS-e820: 0000000000000000 - 000000000009f800 (usable)
Feb  1 18:07:45 centos1 kernel: BIOS-e820: 000000000009f800 - 00000000000a0000 (reserved)
Feb  1 18:07:45 centos1 kernel: BIOS-e820: 00000000000ca000 - 00000000000cc000 (reserved)
Feb  1 18:07:45 centos1 kernel: BIOS-e820: 00000000000dc000 - 0000000000100000 (reserved)
Feb  1 18:07:45 centos1 kernel: BIOS-e820: 0000000000100000 - 000000003fef0000 (usable)
Feb  1 18:07:45 centos1 kernel: BIOS-e820: 000000003fef0000 - 000000003feff000 (ACPI data)
Feb  1 18:07:45 centos1 kernel: BIOS-e820: 000000003feff000 - 000000003ff00000 (ACPI NVS)
Feb  1 18:07:45 centos1 kernel: BIOS-e820: 000000003ff00000 - 0000000040000000 (usable)
Feb  1 18:07:45 centos1 kernel: BIOS-e820: 00000000fec00000 - 00000000fec10000 (reserved)
Feb  1 18:07:45 centos1 kernel: BIOS-e820: 00000000fee00000 - 00000000fee01000 (reserved)
Feb  1 18:07:45 centos1 kernel: BIOS-e820: 00000000fffe0000 - 0000000100000000 (reserved)
Feb  1 18:07:45 centos1 kernel: DMI present.
Feb  1 18:07:45 centos1 kernel: SMBIOS version 2.4 @ 0xF6B30
Feb  1 18:07:45 centos1 kernel: Phoenix BIOS detected: BIOS may corrupt low RAM, working around it.
Feb  1 18:07:45 centos1 kernel: last_pfn = 0x40000 max_arch_pfn = 0x400000
Feb  1 18:07:45 centos1 kernel: x86 PAT enabled: cpu 0, old 0x0, new 0x7010600070106
Feb  1 18:07:45 centos1 kernel: init_memory_mapping: 0000000000000000-00000000375fe000
Feb  1 18:07:45 centos1 kernel: NX (Execute Disable) protection: active
Feb  1 18:07:45 centos1 kernel: RAMDISK: 371b1000 - 37fefe57
Feb  1 18:07:45 centos1 kernel: Allocated new RAMDISK: 00c44000 - 01a82e57
Feb  1 18:07:45 centos1 kernel: Move RAMDISK from 00000000371b1000 - 0000000037fefe56 to 00c44000 - 01a82e56
Feb  1 18:07:45 centos1 kernel: ACPI: RSDP 000f6b80 00024 (v02 PTLTD )
Feb  1 18:07:45 centos1 kernel: ACPI: XSDT 3fefa229 00044 (v01 INTEL  440BX    06040000 VMW  01324272)
Feb  1 18:07:45 centos1 kernel: ACPI: FACP 3fefee98 000F4 (v04 INTEL  440BX    06040000 PTL  000F4240)
Feb  1 18:07:45 centos1 kernel: ACPI: DSDT 3fefa341 04B57 (v01 PTLTD  Custom   06040000 MSFT 03000001)
Feb  1 18:07:45 centos1 kernel: ACPI: FACS 3fefffc0 00040
Feb  1 18:07:45 centos1 kernel: ACPI: BOOT 3fefa319 00028 (v01 PTLTD  $SBFTBL$ 06040000  LTP 00000001)
Feb  1 18:07:45 centos1 kernel: ACPI: APIC 3fefa2c9 00050 (v01 PTLTD  ? APIC   06040000  LTP 00000000)
Feb  1 18:07:45 centos1 kernel: ACPI: WAET 3fefa2a1 00028 (v01 VMWARE VMW WAET 06040000 VMW  00000001)
Feb  1 18:07:45 centos1 kernel: 138MB HIGHMEM available.
Feb  1 18:07:45 centos1 kernel: 885MB LOWMEM available.
Feb  1 18:07:45 centos1 kernel:  mapped low ram: 0 - 375fe000
Feb  1 18:07:45 centos1 kernel:  low ram: 0 - 375fe000
Feb  1 18:07:45 centos1 kernel:  node 0 low ram: 00000000 - 375fe000
Feb  1 18:07:45 centos1 kernel:  node 0 bootmap 00014000 - 0001aec0
Feb  1 18:07:45 centos1 kernel: (9 early reservations) ==> bootmem [0000000000 - 00375fe000]
Feb  1 18:07:45 centos1 kernel:  #0 [0000000000 - 0000001000]   BIOS data page ==> [0000000000 - 0000001000]
Feb  1 18:07:45 centos1 kernel:  #1 [0000001000 - 0000002000]    EX TRAMPOLINE ==> [0000001000 - 0000002000]
Feb  1 18:07:45 centos1 kernel:  #2 [0000006000 - 0000007000]       TRAMPOLINE ==> [0000006000 - 0000007000]
Feb  1 18:07:45 centos1 kernel:  #3 [0000400000 - 0000c3af70]    TEXT DATA BSS ==> [0000400000 - 0000c3af70]
Feb  1 18:07:45 centos1 kernel:  #4 [000009f800 - 0000100000]    BIOS reserved ==> [000009f800 - 0000100000]
Feb  1 18:07:45 centos1 kernel:  #5 [0000c3b000 - 0000c431c8]              BRK ==> [0000c3b000 - 0000c431c8]
Feb  1 18:07:45 centos1 kernel:  #6 [0000010000 - 0000014000]          PGTABLE ==> [0000010000 - 0000014000]
Feb  1 18:07:45 centos1 kernel:  #7 [0000c44000 - 0001a82e57]      NEW RAMDISK ==> [0000c44000 - 0001a82e57]
Feb  1 18:07:45 centos1 kernel:  #8 [0000014000 - 000001b000]          BOOTMAP ==> [0000014000 - 000001b000]
Feb  1 18:07:45 centos1 kernel: found SMP MP-table at [c00f6bf0] f6bf0
Feb  1 18:07:45 centos1 kernel: Zone PFN ranges:
Feb  1 18:07:45 centos1 kernel:  DMA      0x00000010 -> 0x00001000
Feb  1 18:07:45 centos1 kernel:  Normal   0x00001000 -> 0x000375fe
Feb  1 18:07:45 centos1 kernel:  HighMem  0x000375fe -> 0x00040000
Feb  1 18:07:45 centos1 kernel: Movable zone start PFN for each node
Feb  1 18:07:45 centos1 kernel: early_node_map[3] active PFN ranges
Feb  1 18:07:45 centos1 kernel:    0: 0x00000010 -> 0x0000009f
Feb  1 18:07:45 centos1 kernel:    0: 0x00000100 -> 0x0003fef0
Feb  1 18:07:45 centos1 kernel:    0: 0x0003ff00 -> 0x00040000
Feb  1 18:07:45 centos1 kernel: Using APIC driver default
Feb  1 18:07:45 centos1 kernel: ACPI: PM-Timer IO Port: 0x1008
Feb  1 18:07:45 centos1 kernel: ACPI: LAPIC (acpi_id[0x00] lapic_id[0x00] enabled)
Feb  1 18:07:45 centos1 kernel: ACPI: LAPIC_NMI (acpi_id[0x00] high edge lint[0x1])
Feb  1 18:07:45 centos1 kernel: ACPI: IOAPIC (id[0x01] address[0xfec00000] gsi_base[0])
Feb  1 18:07:45 centos1 kernel: IOAPIC[0]: apic_id 1, version 17, address 0xfec00000, GSI 0-23
Feb  1 18:07:45 centos1 kernel: ACPI: INT_SRC_OVR (bus 0 bus_irq 0 global_irq 2 high edge)
Feb  1 18:07:45 centos1 kernel: Using ACPI (MADT) for SMP configuration information
Feb  1 18:07:45 centos1 kernel: SMP: Allowing 1 CPUs, 0 hotplug CPUs
Feb  1 18:07:45 centos1 kernel: PM: Registered nosave memory: 000000000009f000 - 00000000000a0000
Feb  1 18:07:45 centos1 kernel: PM: Registered nosave memory: 00000000000a0000 - 00000000000ca000
Feb  1 18:07:45 centos1 kernel: PM: Registered nosave memory: 00000000000ca000 - 00000000000cc000
Feb  1 18:07:45 centos1 kernel: PM: Registered nosave memory: 00000000000cc000 - 00000000000dc000
Feb  1 18:07:45 centos1 kernel: PM: Registered nosave memory: 00000000000dc000 - 0000000000100000
Feb  1 18:07:45 centos1 kernel: Allocating PCI resources starting at 40000000 (gap: 40000000:bec00000)
Feb  1 18:07:45 centos1 kernel: Booting paravirtualized kernel on bare hardware
Feb  1 18:07:45 centos1 kernel: NR_CPUS:32 nr_cpumask_bits:32 nr_cpu_ids:1 nr_node_ids:1
Feb  1 18:07:45 centos1 kernel: PERCPU: Embedded 14 pages/cpu @c2400000 s34456 r0 d22888 u2097152
Feb  1 18:07:45 centos1 kernel: pcpu-alloc: s34456 r0 d22888 u2097152 alloc=1*2097152
Feb  1 18:07:45 centos1 kernel: pcpu-alloc: [0] 0 
Feb  1 18:07:45 centos1 kernel: Built 1 zonelists in Zone order, mobility grouping on.  Total pages: 259966
Feb  1 18:07:45 centos1 kernel: Kernel command line: ro root=/dev/mapper/vg_livecd-lv_root rd_NO_LUKS LANG=en_US.UTF-8 rd_LVM_LV=vg_livecd/lv_swap rd_NO_MD quiet rd_LVM_LV=vg_livecd/lv_root SYSFONT=latarcyrheb-sun16 rhgb   KEYBOARDTYPE=pc KEYTABLE=us rd_NO_DM
Feb  1 18:07:45 centos1 kernel: PID hash table entries: 4096 (order: 2, 16384 bytes)
Feb  1 18:07:45 centos1 kernel: Dentry cache hash table entries: 131072 (order: 7, 524288 bytes)
Feb  1 18:07:45 centos1 kernel: Inode-cache hash table entries: 65536 (order: 6, 262144 bytes)
Feb  1 18:07:45 centos1 kernel: Enabling fast FPU save and restore... done.
Feb  1 18:07:45 centos1 kernel: Enabling unmasked SIMD FPU exception support... done.
Feb  1 18:07:45 centos1 kernel: Initializing CPU#0
Feb  1 18:07:45 centos1 kernel: Initializing HighMem for node 0 (000375fe:00040000)
Feb  1 18:07:45 centos1 kernel: Memory: 1015360k/1048576k available (4313k kernel code, 32284k reserved, 2412k data, 504k init, 141256k highmem)
Feb  1 18:07:45 centos1 kernel: virtual kernel memory layout:
Feb  1 18:07:45 centos1 kernel:    fixmap  : 0xffad5000 - 0xfffff000   (5288 kB)
Feb  1 18:07:45 centos1 kernel:    pkmap   : 0xff600000 - 0xff800000   (2048 kB)
Feb  1 18:07:45 centos1 kernel:    vmalloc : 0xf7dfe000 - 0xff5fe000   ( 120 MB)
Feb  1 18:07:45 centos1 kernel:    lowmem  : 0xc0000000 - 0xf75fe000   ( 885 MB)
Feb  1 18:07:45 centos1 kernel:      .init : 0xc0a92000 - 0xc0b10000   ( 504 kB)
Feb  1 18:07:45 centos1 kernel:      .data : 0xc0836493 - 0xc0a917c8   (2412 kB)
Feb  1 18:07:45 centos1 kernel:      .text : 0xc0400000 - 0xc0836493   (4313 kB)
Feb  1 18:07:45 centos1 kernel: Checking if this processor honours the WP bit even in supervisor mode...Ok.
Feb  1 18:07:45 centos1 kernel: Hierarchical RCU implementation.
Feb  1 18:07:45 centos1 kernel: NR_IRQS:2304 nr_irqs:256
Feb  1 18:07:45 centos1 kernel: Extended CMOS year: 2000
Feb  1 18:07:45 centos1 kernel: Console: colour VGA+ 80x25
Feb  1 18:07:45 centos1 kernel: console [tty0] enabled
Feb  1 18:07:45 centos1 kernel: allocated 4194304 bytes of page_cgroup
Feb  1 18:07:45 centos1 kernel: please try 'cgroup_disable=memory' option if you don't want memory cgroups
Feb  1 18:07:45 centos1 kernel: TSC freq read from hypervisor : 2792.999 MHz
Feb  1 18:07:45 centos1 kernel: Detected 2792.999 MHz processor.
Feb  1 18:07:45 centos1 kernel: Calibrating delay loop (skipped) preset value.. 5585.99 BogoMIPS (lpj=2792999)
Feb  1 18:07:45 centos1 kernel: pid_max: default: 32768 minimum: 301
Feb  1 18:07:45 centos1 kernel: Security Framework initialized
Feb  1 18:07:45 centos1 kernel: SELinux:  Initializing.
Feb  1 18:07:45 centos1 kernel: Mount-cache hash table entries: 512
Feb  1 18:07:45 centos1 kernel: Initializing cgroup subsys ns
Feb  1 18:07:45 centos1 kernel: Initializing cgroup subsys cpuacct
Feb  1 18:07:45 centos1 kernel: Initializing cgroup subsys memory
Feb  1 18:07:45 centos1 kernel: Initializing cgroup subsys devices
Feb  1 18:07:45 centos1 kernel: Initializing cgroup subsys freezer
Feb  1 18:07:45 centos1 kernel: Initializing cgroup subsys net_cls
Feb  1 18:07:45 centos1 kernel: Initializing cgroup subsys blkio
Feb  1 18:07:45 centos1 kernel: Initializing cgroup subsys perf_event
Feb  1 18:07:45 centos1 kernel: Disabled fast string operations
Feb  1 18:07:45 centos1 kernel: CPU: Physical Processor ID: 0
Feb  1 18:07:45 centos1 kernel: mce: CPU supports 0 MCE banks
Feb  1 18:07:45 centos1 kernel: Checking 'hlt' instruction... OK.
Feb  1 18:07:45 centos1 kernel: SMP alternatives: switching to UP code
Feb  1 18:07:45 centos1 kernel: Freeing SMP alternatives: 16k freed
Feb  1 18:07:45 centos1 kernel: ACPI: Core revision 20090903
Feb  1 18:07:45 centos1 kernel: Enabling APIC mode:  Flat.  Using 1 I/O APICs
Feb  1 18:07:45 centos1 kernel: ..TIMER: vector=0x30 apic1=0 pin1=2 apic2=-1 pin2=-1
Feb  1 18:07:45 centos1 kernel: CPU0: Intel(R) Core(TM) i7 CPU       M 640  @ 2.80GHz stepping 05
Feb  1 18:07:45 centos1 kernel: Performance Events: Westmere events, core PMU driver.
Feb  1 18:07:45 centos1 kernel: ... version:                1
Feb  1 18:07:45 centos1 kernel: ... bit width:              48
Feb  1 18:07:45 centos1 kernel: ... generic registers:      4
Feb  1 18:07:45 centos1 kernel: ... value mask:             0000ffffffffffff
Feb  1 18:07:45 centos1 kernel: ... max period:             000000007fffffff
Feb  1 18:07:45 centos1 kernel: ... fixed-purpose events:   0
Feb  1 18:07:45 centos1 kernel: ... event mask:             000000000000000f
Feb  1 18:07:45 centos1 kernel: Brought up 1 CPUs
Feb  1 18:07:45 centos1 kernel: Total of 1 processors activated (5585.99 BogoMIPS).
Feb  1 18:07:45 centos1 kernel: devtmpfs: initialized
Feb  1 18:07:45 centos1 kernel: regulator: core version 0.5
Feb  1 18:07:45 centos1 kernel: NET: Registered protocol family 16
Feb  1 18:07:45 centos1 kernel: ACPI: bus type pci registered
Feb  1 18:07:45 centos1 kernel: PCI: PCI BIOS revision 2.10 entry at 0xfd8a0, last bus=1
Feb  1 18:07:45 centos1 kernel: PCI: Using configuration type 1 for base access
Feb  1 18:07:45 centos1 kernel: bio: create slab <bio-0> at 0
Feb  1 18:07:45 centos1 kernel: ACPI: BIOS _OSI(Linux) query ignored
Feb  1 18:07:45 centos1 kernel: ACPI: Interpreter enabled
Feb  1 18:07:45 centos1 kernel: ACPI: (supports S0 S1 S4 S5)
Feb  1 18:07:45 centos1 kernel: ACPI: Using IOAPIC for interrupt routing
Feb  1 18:07:45 centos1 kernel: ACPI: No dock devices found.
Feb  1 18:07:45 centos1 kernel: HEST: Table not found.
Feb  1 18:07:45 centos1 kernel: ACPI: PCI Root Bridge [PCI0] (0000:00)
Feb  1 18:07:45 centos1 kernel: pci 0000:00:07.3: quirk: region 1000-103f claimed by PIIX4 ACPI
Feb  1 18:07:45 centos1 kernel: pci 0000:00:07.3: quirk: region 1040-104f claimed by PIIX4 SMB
Feb  1 18:07:45 centos1 kernel: ACPI: PCI Interrupt Link [LNKA] (IRQs 3 4 5 6 7 9 10 11 14 15) *0, disabled.
Feb  1 18:07:45 centos1 kernel: ACPI: PCI Interrupt Link [LNKB] (IRQs 3 4 5 6 7 9 10 *11 14 15)
Feb  1 18:07:45 centos1 kernel: ACPI: PCI Interrupt Link [LNKC] (IRQs 3 4 5 6 7 9 *10 11 14 15)
Feb  1 18:07:45 centos1 kernel: ACPI: PCI Interrupt Link [LNKD] (IRQs 3 4 5 6 7 *9 10 11 14 15)
Feb  1 18:07:45 centos1 kernel: vgaarb: device added: PCI:0000:00:0f.0,decodes=io+mem,owns=io+mem,locks=none
Feb  1 18:07:45 centos1 kernel: vgaarb: loaded
Feb  1 18:07:45 centos1 kernel: vgaarb: bridge control possible 0000:00:0f.0
Feb  1 18:07:45 centos1 kernel: SCSI subsystem initialized
Feb  1 18:07:45 centos1 kernel: usbcore: registered new interface driver usbfs
Feb  1 18:07:45 centos1 kernel: usbcore: registered new interface driver hub
Feb  1 18:07:45 centos1 kernel: usbcore: registered new device driver usb
Feb  1 18:07:45 centos1 kernel: PCI: Using ACPI for IRQ routing
Feb  1 18:07:45 centos1 kernel: NetLabel: Initializing
Feb  1 18:07:45 centos1 kernel: NetLabel:  domain hash size = 128
Feb  1 18:07:45 centos1 kernel: NetLabel:  protocols = UNLABELED CIPSOv4
Feb  1 18:07:45 centos1 kernel: NetLabel:  unlabeled traffic allowed by default
Feb  1 18:07:45 centos1 kernel: Switching to clocksource tsc
Feb  1 18:07:45 centos1 kernel: pnp: PnP ACPI init
Feb  1 18:07:45 centos1 kernel: ACPI: bus type pnp registered
Feb  1 18:07:45 centos1 kernel: pnp: PnP ACPI: found 12 devices
Feb  1 18:07:45 centos1 kernel: ACPI: ACPI bus type pnp unregistered
Feb  1 18:07:45 centos1 kernel: system 00:01: ioport range 0x1000-0x103f has been reserved
Feb  1 18:07:45 centos1 kernel: system 00:01: ioport range 0x1040-0x104f has been reserved
Feb  1 18:07:45 centos1 kernel: system 00:01: ioport range 0xcf0-0xcf1 has been reserved
Feb  1 18:07:45 centos1 kernel: pci 0000:00:01.0: PCI bridge to [bus 01-01]
Feb  1 18:07:45 centos1 kernel: pci 0000:00:01.0: PCI bridge, secondary bus 0000:01
Feb  1 18:07:45 centos1 kernel: pci 0000:00:01.0:   bridge window [io  disabled]
Feb  1 18:07:45 centos1 kernel: pci 0000:00:01.0:   bridge window [mem disabled]
Feb  1 18:07:45 centos1 kernel: pci 0000:00:01.0:   bridge window [mem pref disabled]
Feb  1 18:07:45 centos1 kernel: NET: Registered protocol family 2
Feb  1 18:07:45 centos1 kernel: IP route cache hash table entries: 32768 (order: 5, 131072 bytes)
Feb  1 18:07:45 centos1 kernel: TCP established hash table entries: 131072 (order: 8, 1048576 bytes)
Feb  1 18:07:45 centos1 kernel: TCP bind hash table entries: 65536 (order: 7, 524288 bytes)
Feb  1 18:07:45 centos1 kernel: TCP: Hash tables configured (established 131072 bind 65536)
Feb  1 18:07:45 centos1 kernel: TCP reno registered
Feb  1 18:07:45 centos1 kernel: NET: Registered protocol family 1
Feb  1 18:07:45 centos1 kernel: pci 0000:00:00.0: Limiting direct PCI/PCI transfers
Feb  1 18:07:45 centos1 kernel: Trying to unpack rootfs image as initramfs...
Feb  1 18:07:45 centos1 kernel: Freeing initrd memory: 14587k freed
Feb  1 18:07:45 centos1 kernel: Simple Boot Flag at 0x36 set to 0x1
Feb  1 18:07:45 centos1 kernel: apm: BIOS version 1.2 Flags 0x03 (Driver version 1.16ac)
Feb  1 18:07:45 centos1 kernel: apm: overridden by ACPI.
Feb  1 18:07:45 centos1 kernel: audit: initializing netlink socket (disabled)
Feb  1 18:07:45 centos1 kernel: type=2000 audit(1359760058.247:1): initialized
Feb  1 18:07:45 centos1 kernel: highmem bounce pool size: 64 pages
Feb  1 18:07:45 centos1 kernel: HugeTLB registered 2 MB page size, pre-allocated 0 pages
Feb  1 18:07:45 centos1 kernel: VFS: Disk quotas dquot_6.5.2
Feb  1 18:07:45 centos1 kernel: Dquot-cache hash table entries: 1024 (order 0, 4096 bytes)
Feb  1 18:07:45 centos1 kernel: msgmni has been set to 1736
Feb  1 18:07:45 centos1 kernel: alg: No test for stdrng (krng)
Feb  1 18:07:45 centos1 kernel: ksign: Installing public key data
Feb  1 18:07:45 centos1 kernel: Loading keyring
Feb  1 18:07:45 centos1 kernel: - Added public key 31B6C542CAF8AEE
Feb  1 18:07:45 centos1 kernel: - User ID: CentOS (Kernel Module GPG key)
Feb  1 18:07:45 centos1 kernel: Block layer SCSI generic (bsg) driver version 0.4 loaded (major 252)
Feb  1 18:07:45 centos1 kernel: io scheduler noop registered
Feb  1 18:07:45 centos1 kernel: io scheduler anticipatory registered
Feb  1 18:07:45 centos1 kernel: io scheduler deadline registered
Feb  1 18:07:45 centos1 kernel: io scheduler cfq registered (default)
Feb  1 18:07:45 centos1 kernel: pci_hotplug: PCI Hot Plug PCI Core version: 0.5
Feb  1 18:07:45 centos1 kernel: pciehp: PCI Express Hot Plug Controller Driver version: 0.4
Feb  1 18:07:45 centos1 kernel: acpiphp: ACPI Hot Plug PCI Controller Driver version: 0.5
Feb  1 18:07:45 centos1 kernel: ACPI: AC Adapter [ACAD] (on-line)
Feb  1 18:07:45 centos1 kernel: input: Power Button as /devices/LNXSYSTM:00/LNXPWRBN:00/input/input0
Feb  1 18:07:45 centos1 kernel: ACPI: Power Button [PWRF]
Feb  1 18:07:45 centos1 kernel: processor LNXCPU:00: registered as cooling_device0
Feb  1 18:07:45 centos1 kernel: ERST: Table is not found!
Feb  1 18:07:45 centos1 kernel: GHES: HEST is not enabled!
Feb  1 18:07:45 centos1 kernel: isapnp: Scanning for PnP cards...
Feb  1 18:07:45 centos1 kernel: isapnp: No Plug & Play device found
Feb  1 18:07:45 centos1 kernel: Non-volatile memory driver v1.3
Feb  1 18:07:45 centos1 kernel: Linux agpgart interface v0.103
Feb  1 18:07:45 centos1 kernel: agpgart-intel 0000:00:00.0: Intel 440BX Chipset
Feb  1 18:07:45 centos1 kernel: agpgart-intel 0000:00:00.0: AGP aperture is 256M @ 0x0
Feb  1 18:07:45 centos1 kernel: crash memory driver: version 1.1
Feb  1 18:07:45 centos1 kernel: Serial: 8250/16550 driver, 4 ports, IRQ sharing enabled
Feb  1 18:07:45 centos1 kernel: serial8250: ttyS0 at I/O 0x3f8 (irq = 4) is a 16550A
Feb  1 18:07:45 centos1 kernel: serial8250: ttyS1 at I/O 0x2f8 (irq = 3) is a 16550A
Feb  1 18:07:45 centos1 kernel: 00:09: ttyS0 at I/O 0x3f8 (irq = 4) is a 16550A
Feb  1 18:07:45 centos1 kernel: 00:0a: ttyS1 at I/O 0x2f8 (irq = 3) is a 16550A
Feb  1 18:07:45 centos1 kernel: brd: module loaded
Feb  1 18:07:45 centos1 kernel: loop: module loaded
Feb  1 18:07:45 centos1 kernel: input: Macintosh mouse button emulation as /devices/virtual/input/input1
Feb  1 18:07:45 centos1 kernel: Fixed MDIO Bus: probed
Feb  1 18:07:45 centos1 kernel: ehci_hcd: USB 2.0 'Enhanced' Host Controller (EHCI) Driver
Feb  1 18:07:45 centos1 kernel: ohci_hcd: USB 1.1 'Open' Host Controller (OHCI) Driver
Feb  1 18:07:45 centos1 kernel: uhci_hcd: USB Universal Host Controller Interface driver
Feb  1 18:07:45 centos1 kernel: uhci_hcd 0000:00:07.2: PCI INT D -> GSI 19 (level, low) -> IRQ 19
Feb  1 18:07:45 centos1 kernel: uhci_hcd 0000:00:07.2: UHCI Host Controller
Feb  1 18:07:45 centos1 kernel: uhci_hcd 0000:00:07.2: new USB bus registered, assigned bus number 1
Feb  1 18:07:45 centos1 kernel: uhci_hcd 0000:00:07.2: irq 19, io base 0x00001060
Feb  1 18:07:45 centos1 kernel: usb usb1: New USB device found, idVendor=1d6b, idProduct=0001
Feb  1 18:07:45 centos1 kernel: usb usb1: New USB device strings: Mfr=3, Product=2, SerialNumber=1
Feb  1 18:07:45 centos1 kernel: usb usb1: Product: UHCI Host Controller
Feb  1 18:07:45 centos1 kernel: usb usb1: Manufacturer: Linux 2.6.32-220.el6.i686 uhci_hcd
Feb  1 18:07:45 centos1 kernel: usb usb1: SerialNumber: 0000:00:07.2
Feb  1 18:07:45 centos1 kernel: usb usb1: configuration #1 chosen from 1 choice
Feb  1 18:07:45 centos1 kernel: hub 1-0:1.0: USB hub found
Feb  1 18:07:45 centos1 kernel: hub 1-0:1.0: 2 ports detected
Feb  1 18:07:45 centos1 kernel: PNP: PS/2 Controller [PNP0303:KBC,PNP0f13:MOUS] at 0x60,0x64 irq 1,12
Feb  1 18:07:45 centos1 kernel: serio: i8042 KBD port at 0x60,0x64 irq 1
Feb  1 18:07:45 centos1 kernel: serio: i8042 AUX port at 0x60,0x64 irq 12
Feb  1 18:07:45 centos1 kernel: mice: PS/2 mouse device common for all mice
Feb  1 18:07:45 centos1 kernel: rtc_cmos 00:04: rtc core: registered rtc_cmos as rtc0
Feb  1 18:07:45 centos1 kernel: rtc0: alarms up to one month, y3k, 114 bytes nvram
Feb  1 18:07:45 centos1 kernel: cpuidle: using governor ladder
Feb  1 18:07:45 centos1 kernel: cpuidle: using governor menu
Feb  1 18:07:45 centos1 kernel: usbcore: registered new interface driver hiddev
Feb  1 18:07:45 centos1 kernel: usbcore: registered new interface driver usbhid
Feb  1 18:07:45 centos1 kernel: usbhid: v2.6:USB HID core driver
Feb  1 18:07:45 centos1 kernel: TCP cubic registered
Feb  1 18:07:45 centos1 kernel: Initializing XFRM netlink socket
Feb  1 18:07:45 centos1 kernel: NET: Registered protocol family 17
Feb  1 18:07:45 centos1 kernel: Using IPI No-Shortcut mode
Feb  1 18:07:45 centos1 kernel: registered taskstats version 1
Feb  1 18:07:45 centos1 kernel: rtc_cmos 00:04: setting system clock to 2013-02-01 23:07:40 UTC (1359760060)
Feb  1 18:07:45 centos1 kernel: Initalizing network drop monitor service
Feb  1 18:07:45 centos1 kernel: Freeing unused kernel memory: 504k freed
Feb  1 18:07:45 centos1 kernel: Write protecting the kernel text: 4316k
Feb  1 18:07:45 centos1 kernel: Write protecting the kernel read-only data: 1852k
Feb  1 18:07:45 centos1 kernel: input: AT Translated Set 2 keyboard as /devices/platform/i8042/serio0/input/input2
Feb  1 18:07:45 centos1 kernel: input: ImPS/2 Generic Wheel Mouse as /devices/platform/i8042/serio1/input/input3
Feb  1 18:07:45 centos1 kernel: dracut: dracut-004-256.el6
Feb  1 18:07:45 centos1 kernel: dracut: rd_NO_LUKS: removing cryptoluks activation
Feb  1 18:07:45 centos1 kernel: device-mapper: uevent: version 1.0.3
Feb  1 18:07:45 centos1 kernel: device-mapper: ioctl: 4.22.6-ioctl (2011-10-19) initialised: dm-devel@redhat.com
Feb  1 18:07:45 centos1 kernel: udev: starting version 147
Feb  1 18:07:45 centos1 kernel: dracut: Starting plymouth daemon
Feb  1 18:07:45 centos1 kernel: dracut: rd_NO_DM: removing DM RAID activation
Feb  1 18:07:45 centos1 kernel: dracut: rd_NO_MD: removing MD RAID activation
Feb  1 18:07:45 centos1 kernel: scsi0 : ata_piix
Feb  1 18:07:45 centos1 kernel: scsi1 : ata_piix
Feb  1 18:07:45 centos1 kernel: ata1: PATA max UDMA/33 cmd 0x1f0 ctl 0x3f6 bmdma 0x14c0 irq 14
Feb  1 18:07:45 centos1 kernel: ata2: PATA max UDMA/33 cmd 0x170 ctl 0x376 bmdma 0x14c8 irq 15
Feb  1 18:07:45 centos1 kernel: ata2.00: ATAPI: VMware Virtual IDE CDROM Drive, 00000001, max UDMA/33
Feb  1 18:07:45 centos1 kernel: ata2.00: configured for UDMA/33
Feb  1 18:07:45 centos1 kernel: scsi 1:0:0:0: CD-ROM            NECVMWar VMware IDE CDR10 1.00 PQ: 0 ANSI: 5
Feb  1 18:07:45 centos1 kernel: Fusion MPT base driver 3.04.19
Feb  1 18:07:45 centos1 kernel: Copyright (c) 1999-2008 LSI Corporation
Feb  1 18:07:45 centos1 kernel: Fusion MPT SPI Host driver 3.04.19
Feb  1 18:07:45 centos1 kernel: mptspi 0000:00:10.0: PCI INT A -> GSI 17 (level, low) -> IRQ 17
Feb  1 18:07:45 centos1 kernel: mptbase: ioc0: Initiating bringup
Feb  1 18:07:45 centos1 kernel: ioc0: LSI53C1030 B0: Capabilities={Initiator}
Feb  1 18:07:45 centos1 kernel: scsi2 : ioc0: LSI53C1030 B0, FwRev=01032920h, Ports=1, MaxQ=128, IRQ=17
Feb  1 18:07:45 centos1 kernel: scsi 2:0:0:0: Direct-Access     VMware,  VMware Virtual S 1.0  PQ: 0 ANSI: 2
Feb  1 18:07:45 centos1 kernel: scsi target2:0:0: Beginning Domain Validation
Feb  1 18:07:45 centos1 kernel: scsi target2:0:0: Domain Validation skipping write tests
Feb  1 18:07:45 centos1 kernel: scsi target2:0:0: Ending Domain Validation
Feb  1 18:07:45 centos1 kernel: scsi target2:0:0: FAST-40 WIDE SCSI 80.0 MB/s ST (25 ns, offset 127)
Feb  1 18:07:45 centos1 kernel: sr0: scsi3-mmc drive: 24x/24x writer dvd-ram cd/rw xa/form2 cdda tray
Feb  1 18:07:45 centos1 kernel: Uniform CD-ROM driver Revision: 3.20
Feb  1 18:07:45 centos1 kernel: sd 2:0:0:0: [sda] 41943040 512-byte logical blocks: (21.4 GB/20.0 GiB)
Feb  1 18:07:45 centos1 kernel: sd 2:0:0:0: [sda] Write Protect is off
Feb  1 18:07:45 centos1 kernel: sd 2:0:0:0: [sda] Cache data unavailable
Feb  1 18:07:45 centos1 kernel: sd 2:0:0:0: [sda] Assuming drive cache: write through
Feb  1 18:07:45 centos1 kernel: sd 2:0:0:0: [sda] Cache data unavailable
Feb  1 18:07:45 centos1 kernel: sd 2:0:0:0: [sda] Assuming drive cache: write through
Feb  1 18:07:45 centos1 kernel: sda: sda1 sda2
Feb  1 18:07:45 centos1 kernel: sd 2:0:0:0: [sda] Cache data unavailable
Feb  1 18:07:45 centos1 kernel: sd 2:0:0:0: [sda] Assuming drive cache: write through
Feb  1 18:07:45 centos1 kernel: sd 2:0:0:0: [sda] Attached SCSI disk
Feb  1 18:07:45 centos1 kernel: dracut: Scanning devices sda2  for LVM logical volumes vg_livecd/lv_swap vg_livecd/lv_root 
Feb  1 18:07:45 centos1 kernel: dracut: inactive '/dev/vg_livecd/lv_root' [17.54 GiB] inherit
Feb  1 18:07:45 centos1 kernel: dracut: inactive '/dev/vg_livecd/lv_swap' [1.97 GiB] inherit
Feb  1 18:07:45 centos1 kernel: EXT4-fs (dm-0): mounted filesystem with ordered data mode. Opts: 
Feb  1 18:07:45 centos1 kernel: dracut: Mounted root filesystem /dev/mapper/vg_livecd-lv_root
Feb  1 18:07:45 centos1 kernel: dracut: Loading SELinux policy
Feb  1 18:07:45 centos1 kernel: type=1404 audit(1359760061.253:2): enforcing=1 old_enforcing=0 auid=4294967295 ses=4294967295
Feb  1 18:07:45 centos1 kernel: type=1403 audit(1359760061.463:3): policy loaded auid=4294967295 ses=4294967295
Feb  1 18:07:45 centos1 kernel: dracut: 
Feb  1 18:07:45 centos1 kernel: dracut: Switching root
Feb  1 18:07:45 centos1 kernel: readahead: starting
Feb  1 18:07:45 centos1 kernel: udev: starting version 147
Feb  1 18:07:45 centos1 kernel: piix4_smbus 0000:00:07.3: Host SMBus controller not enabled!
Feb  1 18:07:45 centos1 kernel: pcnet32.c:v1.35 21.Apr.2008 tsbogend@alpha.franken.de
Feb  1 18:07:45 centos1 kernel: pcnet32 0000:00:11.0: PCI INT A -> GSI 18 (level, low) -> IRQ 18
Feb  1 18:07:45 centos1 kernel: pcnet32: PCnet/PCI II 79C970A at 0x1400, 00:0c:29:8f:7c:18 assigned IRQ 18.
Feb  1 18:07:45 centos1 kernel: eth0: registered as PCnet/PCI II 79C970A
Feb  1 18:07:45 centos1 kernel: pcnet32: 1 cards_found.
Feb  1 18:07:45 centos1 kernel: ENS1371 0000:00:12.0: PCI INT A -> GSI 19 (level, low) -> IRQ 19
Feb  1 18:07:45 centos1 kernel: microcode: CPU0 sig=0x20655, pf=0x1, revision=0x2
Feb  1 18:07:45 centos1 kernel: platform microcode: firmware: requesting intel-ucode/06-25-05
Feb  1 18:07:45 centos1 kernel: Microcode Update Driver: v2.00 <tigran@aivazian.fsnet.co.uk>, Peter Oruba
Feb  1 18:07:45 centos1 kernel: sr 1:0:0:0: Attached scsi generic sg0 type 5
Feb  1 18:07:45 centos1 kernel: sd 2:0:0:0: Attached scsi generic sg1 type 0
Feb  1 18:07:45 centos1 kernel: parport_pc 00:08: reported by Plug and Play ACPI
Feb  1 18:07:45 centos1 kernel: parport0: PC-style at 0x378, irq 7 [PCSPP,TRISTATE]
Feb  1 18:07:45 centos1 kernel: ppdev: user-space parallel port driver
Feb  1 18:07:45 centos1 kernel: EXT4-fs (sda1): mounted filesystem with ordered data mode. Opts: 
Feb  1 18:07:45 centos1 kernel: Adding 2064376k swap on /dev/mapper/vg_livecd-lv_swap.  Priority:-1 extents:1 across:2064376k 
Feb  1 18:07:46 centos1 kernel: NET: Registered protocol family 10
Feb  1 18:07:46 centos1 kernel: lo: Disabled Privacy Extensions
Feb  1 18:07:46 centos1 kdump: No crashkernel parameter specified for running kernel
Feb  1 18:07:46 centos1 lldpad: bound ctrl iface to /com/intel/lldpad
Feb  1 18:07:46 centos1 kernel: 802.1Q VLAN Support v1.8 Ben Greear <greearb@candelatech.com>
Feb  1 18:07:46 centos1 kernel: All bugs added by David S. Miller <davem@redhat.com>
Feb  1 18:07:46 centos1 kernel: cnic: Broadcom NetXtreme II CNIC Driver cnic v2.5.7 (July 20, 2011)
Feb  1 18:07:46 centos1 kernel: bnx2fc: Broadcom NetXtreme II FCoE Driver bnx2fc v1.0.8 (Oct 02, 2011)
Feb  1 18:07:49 centos1 dbus: avc:  netlink poll: error 4
Feb  1 18:07:50 centos1 NetworkManager[1224]: <info> NetworkManager (version 0.8.1-15.el6) is starting...
Feb  1 18:07:50 centos1 NetworkManager[1224]: <info> Read config file /etc/NetworkManager/NetworkManager.conf
Feb  1 18:07:50 centos1 NetworkManager[1224]: <info> trying to start the modem manager...
Feb  1 18:07:50 centos1 modem-manager: ModemManager (version 0.4.0-3.git20100628.el6) starting...
Feb  1 18:07:50 centos1 modem-manager: Loaded plugin Novatel
Feb  1 18:07:50 centos1 modem-manager: Loaded plugin Sierra
Feb  1 18:07:50 centos1 modem-manager: Loaded plugin Huawei
Feb  1 18:07:50 centos1 modem-manager: Loaded plugin MotoC
Feb  1 18:07:50 centos1 modem-manager: Loaded plugin Nokia
Feb  1 18:07:50 centos1 modem-manager: Loaded plugin Gobi
Feb  1 18:07:50 centos1 modem-manager: Loaded plugin Longcheer
Feb  1 18:07:50 centos1 modem-manager: Loaded plugin SimTech
Feb  1 18:07:50 centos1 modem-manager: Loaded plugin AnyData
Feb  1 18:07:50 centos1 modem-manager: Loaded plugin Option High-Speed
Feb  1 18:07:50 centos1 modem-manager: Loaded plugin Option
Feb  1 18:07:51 centos1 avahi-daemon[1236]: Found user 'avahi' (UID 70) and group 'avahi' (GID 70).
Feb  1 18:07:51 centos1 avahi-daemon[1236]: Successfully dropped root privileges.
Feb  1 18:07:51 centos1 avahi-daemon[1236]: avahi-daemon 0.6.25 starting up.
Feb  1 18:07:51 centos1 avahi-daemon[1236]: WARNING: No NSS support for mDNS detected, consider installing nss-mdns!
Feb  1 18:07:51 centos1 modem-manager: Loaded plugin ZTE
Feb  1 18:07:51 centos1 modem-manager: Loaded plugin Generic
Feb  1 18:07:51 centos1 avahi-daemon[1236]: Successfully called chroot().
Feb  1 18:07:51 centos1 avahi-daemon[1236]: Successfully dropped remaining capabilities.
Feb  1 18:07:51 centos1 modem-manager: Loaded plugin Ericsson MBM
Feb  1 18:07:51 centos1 avahi-daemon[1236]: Loading service file /services/ssh.service.
Feb  1 18:07:51 centos1 avahi-daemon[1236]: Network interface enumeration completed.
Feb  1 18:07:51 centos1 avahi-daemon[1236]: Registering HINFO record with values 'I686'/'LINUX'.
Feb  1 18:07:51 centos1 avahi-daemon[1236]: Server startup complete. Host name is centos1.local. Local service cookie is 637686018.
Feb  1 18:07:51 centos1 avahi-daemon[1236]: Service "centos1" (/services/ssh.service) successfully established.
Feb  1 18:07:51 centos1 NetworkManager[1224]: <info> monitoring kernel firmware directory '/lib/firmware'.
Feb  1 18:07:51 centos1 rpc.statd[1254]: Version 1.2.3 starting
Feb  1 18:07:51 centos1 NetworkManager[1224]:    ifcfg-rh: Acquired D-Bus service com.redhat.ifcfgrh1
Feb  1 18:07:51 centos1 NetworkManager[1224]: <info> Loaded plugin ifcfg-rh: (c) 2007 - 2008 Red Hat, Inc.  To report bugs please use the NetworkManager mailing list.
Feb  1 18:07:51 centos1 NetworkManager[1224]:    ifcfg-rh: parsing /etc/sysconfig/network-scripts/ifcfg-lo ... 
Feb  1 18:07:51 centos1 sm-notify[1255]: Version 1.2.3 starting
Feb  1 18:07:51 centos1 NetworkManager[1224]: <info> WiFi enabled by radio killswitch; enabled by state file
Feb  1 18:07:51 centos1 NetworkManager[1224]: <info> WWAN enabled by radio killswitch; enabled by state file
Feb  1 18:07:51 centos1 NetworkManager[1224]: <info> WiMAX enabled by radio killswitch; enabled by state file
Feb  1 18:07:51 centos1 NetworkManager[1224]: <info> Networking is enabled by state file
Feb  1 18:07:51 centos1 NetworkManager[1224]: <info> (eth0): carrier is OFF
Feb  1 18:07:51 centos1 NetworkManager[1224]: <info> (eth0): new Ethernet device (driver: 'pcnet32' ifindex: 2)
Feb  1 18:07:51 centos1 NetworkManager[1224]: <info> (eth0): exported as /org/freedesktop/NetworkManager/Devices/0
Feb  1 18:07:51 centos1 NetworkManager[1224]: <info> (eth0): now managed
Feb  1 18:07:51 centos1 NetworkManager[1224]: <info> (eth0): device state change: 1 -> 2 (reason 2)
Feb  1 18:07:51 centos1 NetworkManager[1224]: <info> (eth0): bringing up device.
Feb  1 18:07:51 centos1 kernel: eth0: link up
Feb  1 18:07:54 centos1 NetworkManager[1224]: <info> (eth0): preparing device.
Feb  1 18:07:54 centos1 NetworkManager[1224]: <info> (eth0): deactivating device (reason: 2).
Feb  1 18:07:54 centos1 NetworkManager[1224]: <info> Added default wired connection 'Auto eth0' for /sys/devices/pci0000:00/0000:00:11.0/net/eth0
Feb  1 18:07:54 centos1 NetworkManager[1224]: <info> (eth0): carrier now ON (device state 2)
Feb  1 18:07:54 centos1 NetworkManager[1224]: <info> (eth0): device state change: 2 -> 3 (reason 40)
Feb  1 18:07:54 centos1 NetworkManager[1224]: <info> modem-manager is now available
Feb  1 18:07:54 centos1 NetworkManager[1224]: <warn> bluez error getting default adapter: The name org.bluez was not provided by any .service files
Feb  1 18:07:54 centos1 NetworkManager[1224]: <info> Trying to start the supplicant...
Feb  1 18:07:54 centos1 NetworkManager[1224]: <info> Activation (eth0) starting connection 'Auto eth0'
Feb  1 18:07:54 centos1 NetworkManager[1224]: <info> (eth0): device state change: 3 -> 4 (reason 0)
Feb  1 18:07:54 centos1 NetworkManager[1224]: <info> Activation (eth0) Stage 1 of 5 (Device Prepare) scheduled...
Feb  1 18:07:54 centos1 NetworkManager[1224]: <info> Activation (eth0) Stage 1 of 5 (Device Prepare) started...
Feb  1 18:07:54 centos1 NetworkManager[1224]: <info> Activation (eth0) Stage 2 of 5 (Device Configure) scheduled...
Feb  1 18:07:54 centos1 NetworkManager[1224]: <info> Activation (eth0) Stage 1 of 5 (Device Prepare) complete.
Feb  1 18:07:54 centos1 NetworkManager[1224]: <info> Activation (eth0) Stage 2 of 5 (Device Configure) starting...
Feb  1 18:07:54 centos1 NetworkManager[1224]: <info> (eth0): device state change: 4 -> 5 (reason 0)
Feb  1 18:07:54 centos1 NetworkManager[1224]: <info> Activation (eth0) Stage 2 of 5 (Device Configure) successful.
Feb  1 18:07:54 centos1 NetworkManager[1224]: <info> Activation (eth0) Stage 3 of 5 (IP Configure Start) scheduled.
Feb  1 18:07:54 centos1 NetworkManager[1224]: <info> Activation (eth0) Stage 2 of 5 (Device Configure) complete.
Feb  1 18:07:54 centos1 NetworkManager[1224]: <info> Activation (eth0) Stage 3 of 5 (IP Configure Start) started...
Feb  1 18:07:54 centos1 NetworkManager[1224]: <info> (eth0): device state change: 5 -> 7 (reason 0)
Feb  1 18:07:54 centos1 NetworkManager[1224]: <info> Activation (eth0) Beginning DHCPv4 transaction (timeout in 45 seconds)
Feb  1 18:07:54 centos1 NetworkManager[1224]: <info> dhclient started with pid 1264
Feb  1 18:07:54 centos1 NetworkManager[1224]: <info> Activation (eth0) Stage 3 of 5 (IP Configure Start) complete.
Feb  1 18:07:54 centos1 dhclient[1264]: Internet Systems Consortium DHCP Client 4.1.1-P1
Feb  1 18:07:54 centos1 dhclient[1264]: Copyright 2004-2010 Internet Systems Consortium.
Feb  1 18:07:54 centos1 dhclient[1264]: All rights reserved.
Feb  1 18:07:54 centos1 dhclient[1264]: For info, please visit https://www.isc.org/software/dhcp/
Feb  1 18:07:54 centos1 dhclient[1264]: 
Feb  1 18:07:55 centos1 avahi-daemon[1236]: Registering new address record for fe80::20c:29ff:fe8f:7c18 on eth0.*.
Feb  1 18:07:55 centos1 dhclient[1264]: Listening on LPF/eth0/00:0c:29:8f:7c:18
Feb  1 18:07:55 centos1 dhclient[1264]: Sending on   LPF/eth0/00:0c:29:8f:7c:18
Feb  1 18:07:55 centos1 dhclient[1264]: Sending on   Socket/fallback
Feb  1 18:07:55 centos1 NetworkManager[1224]: <info> (eth0): DHCPv4 state changed nbi -> preinit
Feb  1 18:07:55 centos1 kernel: RPC: Registered udp transport module.
Feb  1 18:07:55 centos1 kernel: RPC: Registered tcp transport module.
Feb  1 18:07:55 centos1 kernel: RPC: Registered tcp NFSv4.1 backchannel transport module.
Feb  1 18:07:58 centos1 dhclient[1264]: DHCPDISCOVER on eth0 to 255.255.255.255 port 67 interval 4 (xid=0x61aff9ce)
Feb  1 18:07:59 centos1 dhclient[1264]: DHCPOFFER from 192.168.137.254
Feb  1 18:07:59 centos1 dhclient[1264]: DHCPREQUEST on eth0 to 255.255.255.255 port 67 (xid=0x61aff9ce)
Feb  1 18:07:59 centos1 dhclient[1264]: DHCPACK from 192.168.137.254 (xid=0x61aff9ce)
Feb  1 18:07:59 centos1 NetworkManager[1224]: <info> (eth0): DHCPv4 state changed preinit -> bound
Feb  1 18:07:59 centos1 NetworkManager[1224]: <info> Activation (eth0) Stage 4 of 5 (IP4 Configure Get) scheduled...
Feb  1 18:07:59 centos1 NetworkManager[1224]: <info> Activation (eth0) Stage 4 of 5 (IP4 Configure Get) started...
Feb  1 18:07:59 centos1 NetworkManager[1224]: <info>   address 192.168.137.144
Feb  1 18:07:59 centos1 NetworkManager[1224]: <info>   prefix 24 (255.255.255.0)
Feb  1 18:07:59 centos1 NetworkManager[1224]: <info>   gateway 192.168.137.2
Feb  1 18:07:59 centos1 NetworkManager[1224]: <info>   nameserver '192.168.137.2'
Feb  1 18:07:59 centos1 NetworkManager[1224]: <info>   domain name 'localdomain'
Feb  1 18:07:59 centos1 NetworkManager[1224]: <info> Activation (eth0) Stage 5 of 5 (IP Configure Commit) scheduled...
Feb  1 18:07:59 centos1 NetworkManager[1224]: <info> Activation (eth0) Stage 4 of 5 (IP4 Configure Get) complete.
Feb  1 18:07:59 centos1 NetworkManager[1224]: <info> Activation (eth0) Stage 5 of 5 (IP Configure Commit) started...
Feb  1 18:07:59 centos1 avahi-daemon[1236]: Joining mDNS multicast group on interface eth0.IPv4 with address 192.168.137.144.
Feb  1 18:07:59 centos1 dhclient[1264]: bound to 192.168.137.144 -- renewal in 783 seconds.
Feb  1 18:07:59 centos1 avahi-daemon[1236]: New relevant interface eth0.IPv4 for mDNS.
Feb  1 18:07:59 centos1 avahi-daemon[1236]: Registering new address record for 192.168.137.144 on eth0.IPv4.
Feb  1 18:08:00 centos1 NetworkManager[1224]: <info> (eth0): device state change: 7 -> 8 (reason 0)
Feb  1 18:08:00 centos1 NetworkManager[1224]: <info> Policy set 'Auto eth0' (eth0) as default for IPv4 routing and DNS.
Feb  1 18:08:00 centos1 NetworkManager[1224]: <info> Activation (eth0) successful, device activated.
Feb  1 18:08:00 centos1 NetworkManager[1224]: <info> Activation (eth0) Stage 5 of 5 (IP Configure Commit) complete.
Feb  1 18:08:00 centos1 acpid: starting up
Feb  1 18:08:00 centos1 acpid: 1 rule loaded
Feb  1 18:08:00 centos1 acpid: waiting for events: event logging is off
Feb  1 18:08:00 centos1 acpid: client connected from 1435[68:68]
Feb  1 18:08:00 centos1 acpid: 1 client rule loaded
Feb  1 18:08:01 centos1 pcscd: pcscdaemon.c:506:main() pcsc-lite 1.5.2 daemon ready.
Feb  1 18:08:02 centos1 automount[1472]: lookup_read_master: lookup(nisplus): couldn't locate nis+ table auto.master
Feb  1 18:08:10 centos1 polkitd[1767]: started daemon version 0.96 using authority implementation `local' version `0.96'
Feb  1 18:08:10 centos1 rtkit-daemon[1775]: Sucessfully made thread 1773 of process 1773 (/usr/bin/pulseaudio) owned by '42' high priority at nice level -11.
Feb  1 18:08:11 centos1 pulseaudio[1773]: alsa-util.c: Disabling timer-based scheduling because running inside a VM.
Feb  1 18:08:11 centos1 rtkit-daemon[1775]: Sucessfully made thread 1782 of process 1773 (/usr/bin/pulseaudio) owned by '42' RT at priority 5.
Feb  1 18:08:11 centos1 pulseaudio[1773]: alsa-util.c: Disabling timer-based scheduling because running inside a VM.
Feb  1 18:08:11 centos1 gdm-simple-greeter[1771]: Gtk-WARNING: gtkwidget.c:5460: widget not within a GtkWindow
Feb  1 18:08:11 centos1 rtkit-daemon[1775]: Sucessfully made thread 1783 of process 1773 (/usr/bin/pulseaudio) owned by '42' RT at priority 5.
Feb  1 18:08:11 centos1 pulseaudio[1773]: alsa-source.c: ALSA woke us up to read new data from the device, but there was actually nothing to read!
Feb  1 18:08:11 centos1 pulseaudio[1773]: alsa-source.c: Most likely this is a bug in the ALSA driver 'snd_ens1371'. Please report this issue to the ALSA developers.
Feb  1 18:08:11 centos1 pulseaudio[1773]: alsa-source.c: We were woken up with POLLIN set -- however a subsequent snd_pcm_avail() returned 0 or another value < min_avail.
Feb  1 18:08:16 centos1 NetworkManager[1224]: <error> [1359760096.912362] [nm-manager.c:1360] user_proxy_init(): could not init user settings proxy: (3) Could not get owner of name 'org.freedesktop.NetworkManagerUserSettings': no such name
Feb  1 18:08:17 centos1 NetworkManager[1224]: <error> [1359760097.13047] [nm-manager.c:1360] user_proxy_init(): could not init user settings proxy: (3) Could not get owner of name 'org.freedesktop.NetworkManagerUserSettings': no such name
Feb  1 18:08:19 centos1 kernel: fuse init (API version 7.13)
Feb  1 18:08:20 centos1 rtkit-daemon[1775]: Sucessfully made thread 1859 of process 1859 (/usr/bin/pulseaudio) owned by '500' high priority at nice level -11.
Feb  1 18:08:20 centos1 pulseaudio[1859]: alsa-util.c: Disabling timer-based scheduling because running inside a VM.
Feb  1 18:08:20 centos1 rtkit-daemon[1775]: Sucessfully made thread 1861 of process 1859 (/usr/bin/pulseaudio) owned by '500' RT at priority 5.
Feb  1 18:08:20 centos1 pulseaudio[1859]: alsa-util.c: Disabling timer-based scheduling because running inside a VM.
Feb  1 18:08:20 centos1 rtkit-daemon[1775]: Sucessfully made thread 1862 of process 1859 (/usr/bin/pulseaudio) owned by '500' RT at priority 5.
Feb  1 18:08:26 centos1 rtkit-daemon[1775]: Sucessfully made thread 1916 of process 1916 (/usr/bin/pulseaudio) owned by '500' high priority at nice level -11.
Feb  1 18:08:26 centos1 pulseaudio[1916]: pid.c: Daemon already running.
Feb  1 18:17:38 centos1 NetworkManager[1224]:    ifcfg-rh: parsing /etc/sysconfig/network-scripts/ifcfg-eth0 ... 
Feb  1 18:17:38 centos1 NetworkManager[1224]:    ifcfg-rh:     read connection 'System eth0'
Feb  1 18:17:38 centos1 NetworkManager[1224]:    ifcfg-rh: updating /etc/sysconfig/network-scripts/ifcfg-eth0
Feb  1 18:17:45 centos1 NetworkManager[1224]: <info> (eth0): device state change: 8 -> 3 (reason 39)
Feb  1 18:17:45 centos1 NetworkManager[1224]: <info> (eth0): deactivating device (reason: 39).
Feb  1 18:17:46 centos1 NetworkManager[1224]: <info> (eth0): canceled DHCP transaction, DHCP client pid 1264
Feb  1 18:17:46 centos1 avahi-daemon[1236]: Withdrawing address record for 192.168.137.144 on eth0.
Feb  1 18:17:46 centos1 avahi-daemon[1236]: Leaving mDNS multicast group on interface eth0.IPv4 with address 192.168.137.144.
Feb  1 18:17:46 centos1 avahi-daemon[1236]: Interface eth0.IPv4 no longer relevant for mDNS.
Feb  1 18:17:46 centos1 kernel: lo: Disabled Privacy Extensions
Feb  1 18:17:47 centos1 NetworkManager[1224]: <info> Activation (eth0) starting connection 'System eth0'
Feb  1 18:17:47 centos1 NetworkManager[1224]: <info> (eth0): device state change: 3 -> 4 (reason 0)
Feb  1 18:17:47 centos1 NetworkManager[1224]: <info> Activation (eth0) Stage 1 of 5 (Device Prepare) scheduled...
Feb  1 18:17:47 centos1 NetworkManager[1224]: <info> Activation (eth0) Stage 1 of 5 (Device Prepare) started...
Feb  1 18:17:47 centos1 NetworkManager[1224]: <info> Activation (eth0) Stage 2 of 5 (Device Configure) scheduled...
Feb  1 18:17:47 centos1 NetworkManager[1224]: <info> Activation (eth0) Stage 1 of 5 (Device Prepare) complete.
Feb  1 18:17:47 centos1 NetworkManager[1224]: <info> Activation (eth0) Stage 2 of 5 (Device Configure) starting...
Feb  1 18:17:47 centos1 NetworkManager[1224]: <info> (eth0): device state change: 4 -> 5 (reason 0)
Feb  1 18:17:47 centos1 NetworkManager[1224]: <info> Activation (eth0) Stage 2 of 5 (Device Configure) successful.
Feb  1 18:17:47 centos1 NetworkManager[1224]: <info> Activation (eth0) Stage 3 of 5 (IP Configure Start) scheduled.
Feb  1 18:17:47 centos1 NetworkManager[1224]: <info> Activation (eth0) Stage 2 of 5 (Device Configure) complete.
Feb  1 18:17:47 centos1 NetworkManager[1224]: <info> Activation (eth0) Stage 3 of 5 (IP Configure Start) started...
Feb  1 18:17:47 centos1 NetworkManager[1224]: <info> (eth0): device state change: 5 -> 7 (reason 0)
Feb  1 18:17:47 centos1 NetworkManager[1224]: <info> Activation (eth0) Stage 4 of 5 (IP4 Configure Get) scheduled...
Feb  1 18:17:47 centos1 NetworkManager[1224]: <info> Activation (eth0) Stage 3 of 5 (IP Configure Start) complete.
Feb  1 18:17:47 centos1 NetworkManager[1224]: <info> Activation (eth0) Stage 4 of 5 (IP4 Configure Get) started...
Feb  1 18:17:47 centos1 NetworkManager[1224]: <info> Activation (eth0) Stage 5 of 5 (IP Configure Commit) scheduled...
Feb  1 18:17:47 centos1 NetworkManager[1224]: <info> Activation (eth0) Stage 4 of 5 (IP4 Configure Get) complete.
Feb  1 18:17:47 centos1 NetworkManager[1224]: <info> Activation (eth0) Stage 5 of 5 (IP Configure Commit) started...
Feb  1 18:17:47 centos1 avahi-daemon[1236]: Joining mDNS multicast group on interface eth0.IPv4 with address 192.168.137.144.
Feb  1 18:17:47 centos1 avahi-daemon[1236]: New relevant interface eth0.IPv4 for mDNS.
Feb  1 18:17:47 centos1 avahi-daemon[1236]: Registering new address record for 192.168.137.144 on eth0.IPv4.
Feb  1 18:17:48 centos1 NetworkManager[1224]: <info> (eth0): device state change: 7 -> 8 (reason 0)
Feb  1 18:17:48 centos1 NetworkManager[1224]: <info> Policy set 'System eth0' (eth0) as default for IPv4 routing and DNS.
Feb  1 18:17:48 centos1 NetworkManager[1224]: <info> Activation (eth0) successful, device activated.
Feb  1 18:17:48 centos1 NetworkManager[1224]: <info> Activation (eth0) Stage 5 of 5 (IP Configure Commit) complete.
Feb  1 18:22:23 centos1 yum[2462]: Installed: 2:xinetd-2.3.14-35.el6_3.i686
Feb  1 18:22:25 centos1 yum[2462]: Installed: krb5-appl-servers-1.0.1-7.el6_2.1.i686
Feb  1 18:22:25 centos1 yum[2462]: Installed: krb5-appl-clients-1.0.1-7.el6_2.1.i686
Feb  1 18:22:26 centos1 yum[2462]: Installed: ftp-0.17-51.1.el6_3.1.i686
Feb  1 18:22:27 centos1 yum[2462]: Installed: vsftpd-2.2.2-11.el6.i686
Feb  1 18:27:20 centos1 xinetd[2564]: xinetd Version 2.3.14 started with libwrap loadavg labeled-networking options compiled in.
Feb  1 18:27:20 centos1 xinetd[2564]: Started working: 0 available services
Feb  1 18:29:02 centos1 dbus: avc:  received policyload notice (seqno=2)
Feb  1 18:29:02 centos1 dbus: [system] Reloaded configuration
Feb  1 18:29:02 centos1 dbus: avc:  received policyload notice (seqno=2)
Feb  1 18:29:04 centos1 setsebool: The ftp_home_dir policy boolean was changed to 1 by root
Feb  1 19:20:29 centos1 xinetd[2564]: Starting reconfiguration
Feb  1 19:20:29 centos1 xinetd[2564]: Swapping defaults
Feb  1 19:20:29 centos1 xinetd[2564]: Reconfigured: new=1 old=0 dropped=0 (services)
Feb  1 19:20:59 centos1 xinetd[2564]: START: telnet pid=3075 from=::ffff:127.0.0.1
Feb  1 19:21:08 centos1 xinetd[2564]: EXIT: telnet status=1 pid=3075 duration=9(sec)
Feb  1 19:42:24 centos1 pulseaudio[1859]: alsa-sink.c: ALSA woke us up to write new data to the device, but there was actually nothing to write!
Feb  1 19:42:24 centos1 pulseaudio[1859]: alsa-sink.c: Most likely this is a bug in the ALSA driver 'snd_ens1371'. Please report this issue to the ALSA developers.
Feb  1 19:42:24 centos1 pulseaudio[1859]: alsa-sink.c: We were woken up with POLLOUT set -- however a subsequent snd_pcm_avail() returned 0 or another value < min_avail.
Feb  1 20:17:24 centos1 rtkit-daemon[1775]: The canary thread is apparently starving. Taking action.
Feb  1 20:17:24 centos1 rtkit-daemon[1775]: Demoting known real-time threads.
Feb  1 20:17:24 centos1 rtkit-daemon[1775]: Successfully demoted thread 1862 of process 1859 (/usr/bin/pulseaudio (deleted)).
Feb  1 20:17:24 centos1 rtkit-daemon[1775]: Successfully demoted thread 1861 of process 1859 (/usr/bin/pulseaudio (deleted)).
Feb  1 20:17:24 centos1 rtkit-daemon[1775]: Successfully demoted thread 1859 of process 1859 (/usr/bin/pulseaudio (deleted)).
Feb  1 20:17:24 centos1 rtkit-daemon[1775]: Demoted 3 threads.
Feb  1 20:17:30 centos1 gnome-keyring-daemon[1792]: removing removable location: /media/VMware Tools
Feb  1 20:17:30 centos1 gnome-keyring-daemon[1792]: no volume registered at: /media/VMware Tools
Feb  1 20:20:26 centos1 kernel: VMware memory control driver initialized
Feb  1 20:20:26 centos1 kernel: VMware memory control driver unloaded
Feb  1 20:20:26 centos1 kernel: VMware memory control driver initialized
Feb  1 20:20:26 centos1 kernel: VMware memory control driver unloaded
Feb  1 20:20:26 centos1 kernel: VMware memory control driver initialized
Feb  1 20:20:26 centos1 kernel: VMware memory control driver unloaded
Feb  1 20:20:26 centos1 kernel: VMware memory control driver initialized
Feb  1 20:20:26 centos1 kernel: VMware memory control driver unloaded
Feb  1 20:20:26 centos1 kernel: VMware memory control driver initialized
Feb  1 20:20:26 centos1 kernel: VMware memory control driver unloaded
Feb  1 20:20:26 centos1 kernel: VMware memory control driver initialized
Feb  1 20:20:26 centos1 kernel: VMware memory control driver unloaded
Feb  1 20:20:26 centos1 kernel: VMware memory control driver initialized
Feb  1 20:20:26 centos1 kernel: VMware memory control driver unloaded
Feb  1 20:20:26 centos1 kernel: VMware memory control driver initialized
Feb  1 20:20:26 centos1 kernel: VMware memory control driver unloaded
Feb  1 20:20:38 centos1 kernel: VMware memory control driver initialized
Feb  1 20:20:38 centos1 kernel: VMware memory control driver unloaded
Feb  1 20:20:38 centos1 kernel: VMware memory control driver initialized
Feb  1 20:20:38 centos1 kernel: VMware memory control driver unloaded
Feb  1 20:20:38 centos1 kernel: VMware memory control driver initialized
Feb  1 20:20:38 centos1 kernel: VMware memory control driver unloaded
Feb  1 20:20:38 centos1 kernel: VMware memory control driver initialized
Feb  1 20:20:38 centos1 kernel: VMware memory control driver unloaded
Feb  1 20:20:38 centos1 kernel: VMware memory control driver initialized
Feb  1 20:20:38 centos1 kernel: VMware memory control driver unloaded
Feb  1 20:20:38 centos1 kernel: VMware memory control driver initialized
Feb  1 20:20:38 centos1 kernel: VMware memory control driver unloaded
Feb  1 20:20:39 centos1 kernel: VMware memory control driver initialized
Feb  1 20:20:39 centos1 kernel: VMware memory control driver unloaded
Feb  1 20:20:39 centos1 kernel: VMware memory control driver initialized
Feb  1 20:20:39 centos1 kernel: VMware memory control driver unloaded
Feb  1 20:21:33 centos1 dbus: avc:  received policyload notice (seqno=3)
Feb  1 20:21:33 centos1 dbus: avc:  received policyload notice (seqno=3)
Feb  1 20:21:34 centos1 dbus: [system] Reloaded configuration
Feb  1 20:21:56 centos1 tpvmlpd2[2212]: device type not supported
Feb  1 20:21:57 centos1 kernel: VMware vmxnet virtual NIC driver
Feb  1 19:22:20 centos1 tpvmlpd2[2639]: device type not supported
Feb  1 19:22:36 centos1 tpvmlpd2[2640]: device type not supported
Feb  1 19:22:51 centos1 tpvmlpd2[2646]: device type not supported
Feb  1 19:23:06 centos1 tpvmlpd2[2691]: device type not supported
Feb  1 19:23:21 centos1 tpvmlpd2[2698]: device type not supported
Feb  1 19:23:36 centos1 tpvmlpd2[2706]: device type not supported
Feb  1 19:23:41 centos1 yum[2699]: Updated: rpm-4.8.0-27.el6.i686
Feb  1 19:23:41 centos1 yum[2699]: Updated: rpm-libs-4.8.0-27.el6.i686
Feb  1 19:23:42 centos1 yum[2699]: Updated: rpm-python-4.8.0-27.el6.i686
Feb  1 19:23:42 centos1 yum[2699]: Updated: yum-plugin-fastestmirror-1.1.30-14.el6.noarch
Feb  1 19:23:44 centos1 yum[2699]: Updated: yum-3.2.29-30.el6.centos.noarch
Feb  1 19:23:44 centos1 yum[2699]: Updated: PackageKit-yum-plugin-0.5.8-20.el6.i686
Feb  1 19:23:45 centos1 yum[2699]: Updated: PackageKit-gtk-module-0.5.8-20.el6.i686
Feb  1 19:23:46 centos1 yum[2699]: Updated: PackageKit-glib-0.5.8-20.el6.i686
Feb  1 19:23:46 centos1 dbus: [system] Reloaded configuration
Feb  1 19:23:46 centos1 dbus: [system] Reloaded configuration
Feb  1 19:23:46 centos1 dbus: [system] Reloaded configuration
Feb  1 19:23:46 centos1 dbus: [system] Reloaded configuration
Feb  1 19:23:49 centos1 yum[2699]: Updated: PackageKit-0.5.8-20.el6.i686
Feb  1 19:23:50 centos1 yum[2699]: Updated: PackageKit-yum-0.5.8-20.el6.i686
Feb  1 19:23:50 centos1 yum[2699]: Updated: yum-plugin-security-1.1.30-14.el6.noarch
Feb  1 19:23:51 centos1 tpvmlpd2[2711]: device type not supported
Feb  1 19:23:51 centos1 yum[2699]: Updated: yum-utils-1.1.30-14.el6.noarch
Feb  1 19:23:51 centos1 yum[2699]: Updated: PackageKit-device-rebind-0.5.8-20.el6.i686
Feb  1 19:24:06 centos1 tpvmlpd2[2721]: device type not supported
Feb  1 19:24:21 centos1 tpvmlpd2[2730]: device type not supported
Feb  1 19:24:36 centos1 tpvmlpd2[2731]: device type not supported
Feb  1 19:24:51 centos1 tpvmlpd2[2732]: device type not supported
Feb  1 19:25:06 centos1 tpvmlpd2[2761]: device type not supported
Feb  1 19:25:21 centos1 tpvmlpd2[2768]: device type not supported
Feb  1 19:25:36 centos1 tpvmlpd2[2774]: device type not supported
Feb  1 19:25:51 centos1 tpvmlpd2[2782]: device type not supported
Feb  1 19:26:06 centos1 tpvmlpd2[2785]: device type not supported
Feb  1 19:26:21 centos1 tpvmlpd2[2786]: device type not supported
Feb  1 19:26:36 centos1 tpvmlpd2[2822]: device type not supported
Feb  1 19:26:39 centos1 init: tty (/dev/tty2) main process (1604) killed by TERM signal
Feb  1 19:26:39 centos1 init: tty (/dev/tty3) main process (1606) killed by TERM signal
Feb  1 19:26:39 centos1 init: tty (/dev/tty4) main process (1608) killed by TERM signal
Feb  1 19:26:39 centos1 init: tty (/dev/tty5) main process (1612) killed by TERM signal
Feb  1 19:26:39 centos1 init: tty (/dev/tty6) main process (1617) killed by TERM signal
Feb  1 19:26:39 centos1 console-kit-daemon[1649]: WARNING: Couldn't read /proc/1893/environ: Failed to open file '/proc/1893/environ': No such file or directory
Feb  1 19:26:39 centos1 NetworkManager[1224]: <warn> error requesting auth for org.freedesktop.NetworkManager.use-user-connections: (6) Remote Exception invoking org.freedesktop.PolicyKit1.Authority.CheckAuthorization() on /org/freedesktop/PolicyKit1/Authority at name org.freedesktop.PolicyKit1: org.freedesktop.DBus.Error.NameHasNoOwner: Remote Exception invoking org.freedesktop.DBus.GetConnectionUnixUser() on / at name org.freedesktop.DBus: org.freedesktop.DBus.Error.NameHasNoOwner: Could not get UID of name ':1.50': no such name
Feb  1 19:26:39 centos1 NetworkManager[1224]: <warn> error requesting auth for org.freedesktop.NetworkManager.network-control: (6) Remote Exception invoking org.freedesktop.PolicyKit1.Authority.CheckAuthorization() on /org/freedesktop/PolicyKit1/Authority at name org.freedesktop.PolicyKit1: org.freedesktop.DBus.Error.NameHasNoOwner: Remote Exception invoking org.freedesktop.DBus.GetConnectionUnixUser() on / at name org.freedesktop.DBus: org.freedesktop.DBus.Error.NameHasNoOwner: Could not get UID of name ':1.50': no such name
Feb  1 19:26:39 centos1 NetworkManager[1224]: <warn> error requesting auth for org.freedesktop.network-manager-settings.system.wifi.share.open: (6) Remote Exception invoking org.freedesktop.PolicyKit1.Authority.CheckAuthorization() on /org/freedesktop/PolicyKit1/Authority at name org.freedesktop.PolicyKit1: org.freedesktop.DBus.Error.NameHasNoOwner: Remote Exception invoking org.freedesktop.DBus.GetConnectionUnixUser() on / at name org.freedesktop.DBus: org.freedesktop.DBus.Error.NameHasNoOwner: Could not get UID of name ':1.50': no such name
