Feb 10 13:24:07 centos1 kernel: imklog 4.6.2, log source = /proc/kmsg started.
Feb 10 13:24:07 centos1 rsyslogd: [origin software="rsyslogd" swVersion="4.6.2" x-pid="1438" x-info="http://www.rsyslog.com"] (re)start
Feb 10 13:39:55 centos1 pulseaudio[2372]: alsa-sink.c: ALSA woke us up to write new data to the device, but there was actually nothing to write!
Feb 10 13:39:55 centos1 pulseaudio[2372]: alsa-sink.c: Most likely this is a bug in the ALSA driver 'snd_ens1371'. Please report this issue to the ALSA developers.
Feb 10 13:39:55 centos1 pulseaudio[2372]: alsa-sink.c: We were woken up with POLLOUT set -- however a subsequent snd_pcm_avail() returned 0 or another value < min_avail.
Feb 11 00:00:49 centos1 init: tty (/dev/tty2) main process (2065) killed by TERM signal
Feb 11 00:00:49 centos1 init: tty (/dev/tty3) main process (2067) killed by TERM signal
Feb 11 00:00:49 centos1 init: tty (/dev/tty4) main process (2069) killed by TERM signal
Feb 11 00:00:49 centos1 init: tty (/dev/tty5) main process (2071) killed by TERM signal
Feb 11 00:00:49 centos1 init: tty (/dev/tty6) main process (2073) killed by TERM signal
Feb 11 00:00:49 centos1 console-kit-daemon[2121]: WARNING: Couldn't read /proc/2415/environ: Failed to open file '/proc/2415/environ': No such file or directory
Feb 11 00:00:49 centos1 NetworkManager[1568]: <warn> error requesting auth for org.freedesktop.NetworkManager.network-control: (6) Remote Exception invoking org.freedesktop.PolicyKit1.Authority.CheckAuthorization() on /org/freedesktop/PolicyKit1/Authority at name org.freedesktop.PolicyKit1: org.freedesktop.DBus.Error.NameHasNoOwner: Remote Exception invoking org.freedesktop.DBus.GetConnectionUnixUser() on / at name org.freedesktop.DBus: org.freedesktop.DBus.Error.NameHasNoOwner: Could not get UID of name ':1.45': no such name
Feb 11 00:00:49 centos1 NetworkManager[1568]: <warn> error requesting auth for org.freedesktop.network-manager-settings.system.wifi.share.open: (6) Remote Exception invoking org.freedesktop.PolicyKit1.Authority.CheckAuthorization() on /org/freedesktop/PolicyKit1/Authority at name org.freedesktop.PolicyKit1: org.freedesktop.DBus.Error.NameHasNoOwner: Remote Exception invoking org.freedesktop.DBus.GetConnectionUnixUser() on / at name org.freedesktop.DBus: org.freedesktop.DBus.Error.NameHasNoOwner: Could not get UID of name ':1.45': no such name
Feb 11 00:00:49 centos1 NetworkManager[1568]: <warn> error requesting auth for org.freedesktop.network-manager-settings.system.wifi.share.protected: (6) Remote Exception invoking org.freedesktop.PolicyKit1.Authority.CheckAuthorization() on /org/freedesktop/PolicyKit1/Authority at name org.freedesktop.PolicyKit1: org.freedesktop.DBus.Error.NameHasNoOwner: Remote Exception invoking org.freedesktop.DBus.GetConnectionUnixUser() on / at name org.freedesktop.DBus: org.freedesktop.DBus.Error.NameHasNoOwner: Could not get UID of name ':1.45': no such name
Feb 11 00:00:49 centos1 NetworkManager[1568]: <warn> User connections unavailable: (6) Remote Exception invoking org.freedesktop.PolicyKit1.Authority.CheckAuthorization() on /org/freedesktop/PolicyKit1/Authority at name org.freedesktop.PolicyKit1: org.freedesktop.DBus.Error.NameHasNoOwner: Remote Exception invoking org.freedesktop.DBus.GetConnectionUnixUser() on / at name org.freedesktop.DBus: org.freedesktop.DBus.Error.NameHasNoOwner: Could not get UID of name ':1.45': no such name
Feb 11 00:00:49 centos1 NetworkManager[1568]: <warn> error requesting auth for org.freedesktop.NetworkManager.enable-disable-network: (6) Remote Exception invoking org.freedesktop.PolicyKit1.Authority.CheckAuthorization() on /org/freedesktop/PolicyKit1/Authority at name org.freedesktop.PolicyKit1: org.freedesktop.DBus.Error.NameHasNoOwner: Remote Exception invoking org.freedesktop.DBus.GetConnectionUnixUser() on / at name org.freedesktop.DBus: org.freedesktop.DBus.Error.NameHasNoOwner: Could not get UID of name ':1.45': no such name
Feb 11 00:00:49 centos1 NetworkManager[1568]: <warn> error requesting auth for org.freedesktop.NetworkManager.sleep-wake: (6) Remote Exception invoking org.freedesktop.PolicyKit1.Authority.CheckAuthorization() on /org/freedesktop/PolicyKit1/Authority at name org.freedesktop.PolicyKit1: org.freedesktop.DBus.Error.NameHasNoOwner: Remote Exception invoking org.freedesktop.DBus.GetConnectionUnixUser() on / at name org.freedesktop.DBus: org.freedesktop.DBus.Error.NameHasNoOwner: Could not get UID of name ':1.45': no such name
Feb 11 00:00:49 centos1 NetworkManager[1568]: <warn> error requesting auth for org.freedesktop.NetworkManager.enable-disable-wifi: (6) Remote Exception invoking org.freedesktop.PolicyKit1.Authority.CheckAuthorization() on /org/freedesktop/PolicyKit1/Authority at name org.freedesktop.PolicyKit1: org.freedesktop.DBus.Error.NameHasNoOwner: Remote Exception invoking org.freedesktop.DBus.GetConnectionUnixUser() on / at name org.freedesktop.DBus: org.freedesktop.DBus.Error.NameHasNoOwner: Could not get UID of name ':1.45': no such name
Feb 11 00:00:49 centos1 NetworkManager[1568]: <warn> error requesting auth for org.freedesktop.NetworkManager.enable-disable-wwan: (6) Remote Exception invoking org.freedesktop.PolicyKit1.Authority.CheckAuthorization() on /org/freedesktop/PolicyKit1/Authority at name org.freedesktop.PolicyKit1: org.freedesktop.DBus.Error.NameHasNoOwner: Remote Exception invoking org.freedesktop.DBus.GetConnectionUnixUser() on / at name org.freedesktop.DBus: org.freedesktop.DBus.Error.NameHasNoOwner: Could not get UID of name ':1.45': no such name
Feb 11 00:00:49 centos1 NetworkManager[1568]: <warn> error requesting auth for org.freedesktop.NetworkManager.use-user-connections: (6) Remote Exception invoking org.freedesktop.PolicyKit1.Authority.CheckAuthorization() on /org/freedesktop/PolicyKit1/Authority at name org.freedesktop.PolicyKit1: org.freedesktop.DBus.Error.NameHasNoOwner: Remote Exception invoking org.freedesktop.DBus.GetConnectionUnixUser() on / at name org.freedesktop.DBus: org.freedesktop.DBus.Error.NameHasNoOwner: Could not get UID of name ':1.45': no such name
Feb 11 00:00:49 centos1 NetworkManager[1568]: <warn> error requesting auth for org.freedesktop.NetworkManager.network-control: (6) Remote Exception invoking org.freedesktop.PolicyKit1.Authority.CheckAuthorization() on /org/freedesktop/PolicyKit1/Authority at name org.freedesktop.PolicyKit1: org.freedesktop.DBus.Error.NameHasNoOwner: Remote Exception invoking org.freedesktop.DBus.GetConnectionUnixUser() on / at name org.freedesktop.DBus: org.freedesktop.DBus.Error.NameHasNoOwner: Could not get UID of name ':1.45': no such name
Feb 11 00:00:49 centos1 NetworkManager[1568]: <warn> error requesting auth for org.freedesktop.network-manager-settings.system.wifi.share.open: (6) Remote Exception invoking org.freedesktop.PolicyKit1.Authority.CheckAuthorization() on /org/freedesktop/PolicyKit1/Authority at name org.freedesktop.PolicyKit1: org.freedesktop.DBus.Error.NameHasNoOwner: Remote Exception invoking org.freedesktop.DBus.GetConnectionUnixUser() on / at name org.freedesktop.DBus: org.freedesktop.DBus.Error.NameHasNoOwner: Could not get UID of name ':1.45': no such name
Feb 11 00:00:49 centos1 NetworkManager[1568]: <warn> error requesting auth for org.freedesktop.network-manager-settings.system.wifi.share.protected: (6) Remote Exception invoking org.freedesktop.PolicyKit1.Authority.CheckAuthorization() on /org/freedesktop/PolicyKit1/Authority at name org.freedesktop.PolicyKit1: org.freedesktop.DBus.Error.NameHasNoOwner: Remote Exception invoking org.freedesktop.DBus.GetConnectionUnixUser() on / at name org.freedesktop.DBus: org.freedesktop.DBus.Error.NameHasNoOwner: Could not get UID of name ':1.45': no such name
Feb 11 00:00:55 centos1 xinetd[1891]: Exiting...
Feb 11 00:00:56 centos1 rpc.mountd[1852]: Caught signal 15, un-registering and exiting.
Feb 11 00:00:56 centos1 kernel: nfsd: last server has exited, flushing export cache
Feb 11 00:01:00 centos1 acpid: exiting
Feb 11 00:01:00 centos1 pcscd: pcscdaemon.c:581:signal_trap() Preparing for suicide
Feb 11 00:01:01 centos1 pcscd: readerfactory.c:1267:RFCleanupReaders() entering cleaning function
Feb 11 00:01:01 centos1 pcscd: pcscdaemon.c:531:at_exit() cleaning /var/run
Feb 11 00:01:01 centos1 NetworkManager[1568]: <info> caught signal 15, shutting down normally.
Feb 11 00:01:01 centos1 NetworkManager[1568]: <info> exiting (success)
Feb 11 00:01:01 centos1 init: Disconnected from system bus
Feb 11 00:01:01 centos1 console-kit-daemon[2121]: WARNING: no sender#012
Feb 11 00:01:01 centos1 rpcbind: rpcbind terminating on signal. Restart with "rpcbind -w"
Feb 11 00:01:02 centos1 auditd[2232]: The audit daemon is exiting.
Feb 11 00:01:02 centos1 kernel: type=1305 audit(1360558862.059:25811): audit_pid=0 old=2232 auid=4294967295 ses=4294967295 subj=system_u:system_r:auditd_t:s0 res=1
Feb 11 00:01:02 centos1 kernel: type=1305 audit(1360558862.176:25812): audit_enabled=0 old=1 auid=4294967295 ses=4294967295 subj=system_u:system_r:auditctl_t:s0 res=1
Feb 11 00:01:02 centos1 kernel: Kernel logging (proc) stopped.
Feb 11 00:01:02 centos1 rsyslogd: [origin software="rsyslogd" swVersion="4.6.2" x-pid="1438" x-info="http://www.rsyslog.com"] exiting on signal 15.
Feb 11 14:41:16 centos1 kernel: imklog 4.6.2, log source = /proc/kmsg started.
Feb 11 14:41:16 centos1 rsyslogd: [origin software="rsyslogd" swVersion="4.6.2" x-pid="1505" x-info="http://www.rsyslog.com"] (re)start
Feb 11 14:41:16 centos1 kernel: Initializing cgroup subsys cpuset
Feb 11 14:41:16 centos1 kernel: Initializing cgroup subsys cpu
Feb 11 14:41:16 centos1 kernel: Linux version 2.6.32-220.el6.i686 (mockbuild@c6b18n3.bsys.dev.centos.org) (gcc version 4.4.6 20110731 (Red Hat 4.4.6-3) (GCC) ) #1 SMP Tue Dec 6 16:15:40 GMT 2011
Feb 11 14:41:16 centos1 kernel: KERNEL supported cpus:
Feb 11 14:41:16 centos1 kernel:  Intel GenuineIntel
Feb 11 14:41:16 centos1 kernel:  AMD AuthenticAMD
Feb 11 14:41:16 centos1 kernel:  NSC Geode by NSC
Feb 11 14:41:16 centos1 kernel:  Cyrix CyrixInstead
Feb 11 14:41:16 centos1 kernel:  Centaur CentaurHauls
Feb 11 14:41:16 centos1 kernel:  Transmeta GenuineTMx86
Feb 11 14:41:16 centos1 kernel:  Transmeta TransmetaCPU
Feb 11 14:41:16 centos1 kernel:  UMC UMC UMC UMC
Feb 11 14:41:16 centos1 kernel: Disabled fast string operations
Feb 11 14:41:16 centos1 kernel: BIOS-provided physical RAM map:
Feb 11 14:41:16 centos1 kernel: BIOS-e820: 0000000000000000 - 000000000009f800 (usable)
Feb 11 14:41:16 centos1 kernel: BIOS-e820: 000000000009f800 - 00000000000a0000 (reserved)
Feb 11 14:41:16 centos1 kernel: BIOS-e820: 00000000000ca000 - 00000000000cc000 (reserved)
Feb 11 14:41:16 centos1 kernel: BIOS-e820: 00000000000dc000 - 0000000000100000 (reserved)
Feb 11 14:41:16 centos1 kernel: BIOS-e820: 0000000000100000 - 000000003fef0000 (usable)
Feb 11 14:41:16 centos1 kernel: BIOS-e820: 000000003fef0000 - 000000003feff000 (ACPI data)
Feb 11 14:41:16 centos1 kernel: BIOS-e820: 000000003feff000 - 000000003ff00000 (ACPI NVS)
Feb 11 14:41:16 centos1 kernel: BIOS-e820: 000000003ff00000 - 0000000040000000 (usable)
Feb 11 14:41:16 centos1 kernel: BIOS-e820: 00000000fec00000 - 00000000fec10000 (reserved)
Feb 11 14:41:16 centos1 kernel: BIOS-e820: 00000000fee00000 - 00000000fee01000 (reserved)
Feb 11 14:41:16 centos1 kernel: BIOS-e820: 00000000fffe0000 - 0000000100000000 (reserved)
Feb 11 14:41:16 centos1 kernel: DMI present.
Feb 11 14:41:16 centos1 kernel: SMBIOS version 2.4 @ 0xF6B30
Feb 11 14:41:16 centos1 kernel: Phoenix BIOS detected: BIOS may corrupt low RAM, working around it.
Feb 11 14:41:16 centos1 kernel: last_pfn = 0x40000 max_arch_pfn = 0x400000
Feb 11 14:41:16 centos1 kernel: x86 PAT enabled: cpu 0, old 0x0, new 0x7010600070106
Feb 11 14:41:16 centos1 kernel: init_memory_mapping: 0000000000000000-00000000375fe000
Feb 11 14:41:16 centos1 kernel: NX (Execute Disable) protection: active
Feb 11 14:41:16 centos1 kernel: RAMDISK: 3719b000 - 37fef01c
Feb 11 14:41:16 centos1 kernel: Allocated new RAMDISK: 00c44000 - 01a9801c
Feb 11 14:41:16 centos1 kernel: Move RAMDISK from 000000003719b000 - 0000000037fef01b to 00c44000 - 01a9801b
Feb 11 14:41:16 centos1 kernel: ACPI: RSDP 000f6b80 00024 (v02 PTLTD )
Feb 11 14:41:16 centos1 kernel: ACPI: XSDT 3fefa229 00044 (v01 INTEL  440BX    06040000 VMW  01324272)
Feb 11 14:41:16 centos1 kernel: ACPI: FACP 3fefee98 000F4 (v04 INTEL  440BX    06040000 PTL  000F4240)
Feb 11 14:41:16 centos1 kernel: ACPI: DSDT 3fefa341 04B57 (v01 PTLTD  Custom   06040000 MSFT 03000001)
Feb 11 14:41:16 centos1 kernel: ACPI: FACS 3fefffc0 00040
Feb 11 14:41:16 centos1 kernel: ACPI: BOOT 3fefa319 00028 (v01 PTLTD  $SBFTBL$ 06040000  LTP 00000001)
Feb 11 14:41:16 centos1 kernel: ACPI: APIC 3fefa2c9 00050 (v01 PTLTD  ? APIC   06040000  LTP 00000000)
Feb 11 14:41:16 centos1 kernel: ACPI: WAET 3fefa2a1 00028 (v01 VMWARE VMW WAET 06040000 VMW  00000001)
Feb 11 14:41:16 centos1 kernel: 138MB HIGHMEM available.
Feb 11 14:41:16 centos1 kernel: 885MB LOWMEM available.
Feb 11 14:41:16 centos1 kernel:  mapped low ram: 0 - 375fe000
Feb 11 14:41:16 centos1 kernel:  low ram: 0 - 375fe000
Feb 11 14:41:16 centos1 kernel:  node 0 low ram: 00000000 - 375fe000
Feb 11 14:41:16 centos1 kernel:  node 0 bootmap 00014000 - 0001aec0
Feb 11 14:41:16 centos1 kernel: (9 early reservations) ==> bootmem [0000000000 - 00375fe000]
Feb 11 14:41:16 centos1 kernel:  #0 [0000000000 - 0000001000]   BIOS data page ==> [0000000000 - 0000001000]
Feb 11 14:41:16 centos1 kernel:  #1 [0000001000 - 0000002000]    EX TRAMPOLINE ==> [0000001000 - 0000002000]
Feb 11 14:41:16 centos1 kernel:  #2 [0000006000 - 0000007000]       TRAMPOLINE ==> [0000006000 - 0000007000]
Feb 11 14:41:16 centos1 kernel:  #3 [0000400000 - 0000c3af70]    TEXT DATA BSS ==> [0000400000 - 0000c3af70]
Feb 11 14:41:16 centos1 kernel:  #4 [000009f800 - 0000100000]    BIOS reserved ==> [000009f800 - 0000100000]
Feb 11 14:41:16 centos1 kernel:  #5 [0000c3b000 - 0000c431c8]              BRK ==> [0000c3b000 - 0000c431c8]
Feb 11 14:41:16 centos1 kernel:  #6 [0000010000 - 0000014000]          PGTABLE ==> [0000010000 - 0000014000]
Feb 11 14:41:16 centos1 kernel:  #7 [0000c44000 - 0001a9801c]      NEW RAMDISK ==> [0000c44000 - 0001a9801c]
Feb 11 14:41:16 centos1 kernel:  #8 [0000014000 - 000001b000]          BOOTMAP ==> [0000014000 - 000001b000]
Feb 11 14:41:16 centos1 kernel: found SMP MP-table at [c00f6bf0] f6bf0
Feb 11 14:41:16 centos1 kernel: Zone PFN ranges:
Feb 11 14:41:16 centos1 kernel:  DMA      0x00000010 -> 0x00001000
Feb 11 14:41:16 centos1 kernel:  Normal   0x00001000 -> 0x000375fe
Feb 11 14:41:16 centos1 kernel:  HighMem  0x000375fe -> 0x00040000
Feb 11 14:41:16 centos1 kernel: Movable zone start PFN for each node
Feb 11 14:41:16 centos1 kernel: early_node_map[3] active PFN ranges
Feb 11 14:41:16 centos1 kernel:    0: 0x00000010 -> 0x0000009f
Feb 11 14:41:16 centos1 kernel:    0: 0x00000100 -> 0x0003fef0
Feb 11 14:41:16 centos1 kernel:    0: 0x0003ff00 -> 0x00040000
Feb 11 14:41:16 centos1 kernel: Using APIC driver default
Feb 11 14:41:16 centos1 kernel: ACPI: PM-Timer IO Port: 0x1008
Feb 11 14:41:16 centos1 kernel: ACPI: LAPIC (acpi_id[0x00] lapic_id[0x00] enabled)
Feb 11 14:41:16 centos1 kernel: ACPI: LAPIC_NMI (acpi_id[0x00] high edge lint[0x1])
Feb 11 14:41:16 centos1 kernel: ACPI: IOAPIC (id[0x01] address[0xfec00000] gsi_base[0])
Feb 11 14:41:16 centos1 kernel: IOAPIC[0]: apic_id 1, version 17, address 0xfec00000, GSI 0-23
Feb 11 14:41:16 centos1 kernel: ACPI: INT_SRC_OVR (bus 0 bus_irq 0 global_irq 2 high edge)
Feb 11 14:41:16 centos1 kernel: Using ACPI (MADT) for SMP configuration information
Feb 11 14:41:16 centos1 kernel: SMP: Allowing 1 CPUs, 0 hotplug CPUs
Feb 11 14:41:16 centos1 kernel: PM: Registered nosave memory: 000000000009f000 - 00000000000a0000
Feb 11 14:41:16 centos1 kernel: PM: Registered nosave memory: 00000000000a0000 - 00000000000ca000
Feb 11 14:41:16 centos1 kernel: PM: Registered nosave memory: 00000000000ca000 - 00000000000cc000
Feb 11 14:41:16 centos1 kernel: PM: Registered nosave memory: 00000000000cc000 - 00000000000dc000
Feb 11 14:41:16 centos1 kernel: PM: Registered nosave memory: 00000000000dc000 - 0000000000100000
Feb 11 14:41:16 centos1 kernel: Allocating PCI resources starting at 40000000 (gap: 40000000:bec00000)
Feb 11 14:41:16 centos1 kernel: Booting paravirtualized kernel on bare hardware
Feb 11 14:41:16 centos1 kernel: NR_CPUS:32 nr_cpumask_bits:32 nr_cpu_ids:1 nr_node_ids:1
Feb 11 14:41:16 centos1 kernel: PERCPU: Embedded 14 pages/cpu @c2400000 s34456 r0 d22888 u2097152
Feb 11 14:41:16 centos1 kernel: pcpu-alloc: s34456 r0 d22888 u2097152 alloc=1*2097152
Feb 11 14:41:16 centos1 kernel: pcpu-alloc: [0] 0 
Feb 11 14:41:16 centos1 kernel: Built 1 zonelists in Zone order, mobility grouping on.  Total pages: 259966
Feb 11 14:41:16 centos1 kernel: Kernel command line: ro root=/dev/mapper/vg_livecd-lv_root rd_NO_LUKS LANG=en_US.UTF-8 rd_LVM_LV=vg_livecd/lv_swap rd_NO_MD quiet rd_LVM_LV=vg_livecd/lv_root SYSFONT=latarcyrheb-sun16 rhgb   KEYBOARDTYPE=pc KEYTABLE=us rd_NO_DM
Feb 11 14:41:16 centos1 kernel: PID hash table entries: 4096 (order: 2, 16384 bytes)
Feb 11 14:41:16 centos1 kernel: Dentry cache hash table entries: 131072 (order: 7, 524288 bytes)
Feb 11 14:41:16 centos1 kernel: Inode-cache hash table entries: 65536 (order: 6, 262144 bytes)
Feb 11 14:41:16 centos1 kernel: Enabling fast FPU save and restore... done.
Feb 11 14:41:16 centos1 kernel: Enabling unmasked SIMD FPU exception support... done.
Feb 11 14:41:16 centos1 kernel: Initializing CPU#0
Feb 11 14:41:16 centos1 kernel: Initializing HighMem for node 0 (000375fe:00040000)
Feb 11 14:41:16 centos1 kernel: Memory: 1015232k/1048576k available (4313k kernel code, 32372k reserved, 2412k data, 504k init, 141256k highmem)
Feb 11 14:41:16 centos1 kernel: virtual kernel memory layout:
Feb 11 14:41:16 centos1 kernel:    fixmap  : 0xffad5000 - 0xfffff000   (5288 kB)
Feb 11 14:41:16 centos1 kernel:    pkmap   : 0xff600000 - 0xff800000   (2048 kB)
Feb 11 14:41:16 centos1 kernel:    vmalloc : 0xf7dfe000 - 0xff5fe000   ( 120 MB)
Feb 11 14:41:16 centos1 kernel:    lowmem  : 0xc0000000 - 0xf75fe000   ( 885 MB)
Feb 11 14:41:16 centos1 kernel:      .init : 0xc0a92000 - 0xc0b10000   ( 504 kB)
Feb 11 14:41:16 centos1 kernel:      .data : 0xc0836493 - 0xc0a917c8   (2412 kB)
Feb 11 14:41:16 centos1 kernel:      .text : 0xc0400000 - 0xc0836493   (4313 kB)
Feb 11 14:41:16 centos1 kernel: Checking if this processor honours the WP bit even in supervisor mode...Ok.
Feb 11 14:41:16 centos1 kernel: Hierarchical RCU implementation.
Feb 11 14:41:16 centos1 kernel: NR_IRQS:2304 nr_irqs:256
Feb 11 14:41:16 centos1 kernel: Extended CMOS year: 2000
Feb 11 14:41:16 centos1 kernel: Console: colour VGA+ 80x25
Feb 11 14:41:16 centos1 kernel: console [tty0] enabled
Feb 11 14:41:16 centos1 kernel: allocated 4194304 bytes of page_cgroup
Feb 11 14:41:16 centos1 kernel: please try 'cgroup_disable=memory' option if you don't want memory cgroups
Feb 11 14:41:16 centos1 kernel: TSC freq read from hypervisor : 2792.998 MHz
Feb 11 14:41:16 centos1 kernel: Detected 2792.998 MHz processor.
Feb 11 14:41:16 centos1 kernel: Calibrating delay loop (skipped) preset value.. 5585.99 BogoMIPS (lpj=2792998)
Feb 11 14:41:16 centos1 kernel: pid_max: default: 32768 minimum: 301
Feb 11 14:41:16 centos1 kernel: Security Framework initialized
Feb 11 14:41:16 centos1 kernel: SELinux:  Initializing.
Feb 11 14:41:16 centos1 kernel: Mount-cache hash table entries: 512
Feb 11 14:41:16 centos1 kernel: Initializing cgroup subsys ns
Feb 11 14:41:16 centos1 kernel: Initializing cgroup subsys cpuacct
Feb 11 14:41:16 centos1 kernel: Initializing cgroup subsys memory
Feb 11 14:41:16 centos1 kernel: Initializing cgroup subsys devices
Feb 11 14:41:16 centos1 kernel: Initializing cgroup subsys freezer
Feb 11 14:41:16 centos1 kernel: Initializing cgroup subsys net_cls
Feb 11 14:41:16 centos1 kernel: Initializing cgroup subsys blkio
Feb 11 14:41:16 centos1 kernel: Initializing cgroup subsys perf_event
Feb 11 14:41:16 centos1 kernel: Disabled fast string operations
Feb 11 14:41:16 centos1 kernel: CPU: Physical Processor ID: 0
Feb 11 14:41:16 centos1 kernel: mce: CPU supports 0 MCE banks
Feb 11 14:41:16 centos1 kernel: Checking 'hlt' instruction... OK.
Feb 11 14:41:16 centos1 kernel: SMP alternatives: switching to UP code
Feb 11 14:41:16 centos1 kernel: Freeing SMP alternatives: 16k freed
Feb 11 14:41:16 centos1 kernel: ACPI: Core revision 20090903
Feb 11 14:41:16 centos1 kernel: Enabling APIC mode:  Flat.  Using 1 I/O APICs
Feb 11 14:41:16 centos1 kernel: ..TIMER: vector=0x30 apic1=0 pin1=2 apic2=-1 pin2=-1
Feb 11 14:41:16 centos1 kernel: CPU0: Intel(R) Core(TM) i7 CPU       M 640  @ 2.80GHz stepping 05
Feb 11 14:41:16 centos1 kernel: Performance Events: Westmere events, core PMU driver.
Feb 11 14:41:16 centos1 kernel: ... version:                1
Feb 11 14:41:16 centos1 kernel: ... bit width:              48
Feb 11 14:41:16 centos1 kernel: ... generic registers:      4
Feb 11 14:41:16 centos1 kernel: ... value mask:             0000ffffffffffff
Feb 11 14:41:16 centos1 kernel: ... max period:             000000007fffffff
Feb 11 14:41:16 centos1 kernel: ... fixed-purpose events:   0
Feb 11 14:41:16 centos1 kernel: ... event mask:             000000000000000f
Feb 11 14:41:16 centos1 kernel: Brought up 1 CPUs
Feb 11 14:41:16 centos1 kernel: Total of 1 processors activated (5585.99 BogoMIPS).
Feb 11 14:41:16 centos1 kernel: devtmpfs: initialized
Feb 11 14:41:16 centos1 kernel: regulator: core version 0.5
Feb 11 14:41:16 centos1 kernel: NET: Registered protocol family 16
Feb 11 14:41:16 centos1 kernel: ACPI: bus type pci registered
Feb 11 14:41:16 centos1 kernel: PCI: PCI BIOS revision 2.10 entry at 0xfd8a0, last bus=1
Feb 11 14:41:16 centos1 kernel: PCI: Using configuration type 1 for base access
Feb 11 14:41:16 centos1 kernel: bio: create slab <bio-0> at 0
Feb 11 14:41:16 centos1 kernel: ACPI: BIOS _OSI(Linux) query ignored
Feb 11 14:41:16 centos1 kernel: ACPI: Interpreter enabled
Feb 11 14:41:16 centos1 kernel: ACPI: (supports S0 S1 S4 S5)
Feb 11 14:41:16 centos1 kernel: ACPI: Using IOAPIC for interrupt routing
Feb 11 14:41:16 centos1 kernel: ACPI: No dock devices found.
Feb 11 14:41:16 centos1 kernel: HEST: Table not found.
Feb 11 14:41:16 centos1 kernel: ACPI: PCI Root Bridge [PCI0] (0000:00)
Feb 11 14:41:16 centos1 kernel: pci 0000:00:07.3: quirk: region 1000-103f claimed by PIIX4 ACPI
Feb 11 14:41:16 centos1 kernel: pci 0000:00:07.3: quirk: region 1040-104f claimed by PIIX4 SMB
Feb 11 14:41:16 centos1 kernel: ACPI: PCI Interrupt Link [LNKA] (IRQs 3 4 5 6 7 9 10 11 14 15) *0, disabled.
Feb 11 14:41:16 centos1 kernel: ACPI: PCI Interrupt Link [LNKB] (IRQs 3 4 5 6 7 9 10 *11 14 15)
Feb 11 14:41:16 centos1 kernel: ACPI: PCI Interrupt Link [LNKC] (IRQs 3 4 5 6 7 9 *10 11 14 15)
Feb 11 14:41:16 centos1 kernel: ACPI: PCI Interrupt Link [LNKD] (IRQs 3 4 5 6 7 *9 10 11 14 15)
Feb 11 14:41:16 centos1 kernel: vgaarb: device added: PCI:0000:00:0f.0,decodes=io+mem,owns=io+mem,locks=none
Feb 11 14:41:16 centos1 kernel: vgaarb: loaded
Feb 11 14:41:16 centos1 kernel: vgaarb: bridge control possible 0000:00:0f.0
Feb 11 14:41:16 centos1 kernel: SCSI subsystem initialized
Feb 11 14:41:16 centos1 kernel: usbcore: registered new interface driver usbfs
Feb 11 14:41:16 centos1 kernel: usbcore: registered new interface driver hub
Feb 11 14:41:16 centos1 kernel: usbcore: registered new device driver usb
Feb 11 14:41:16 centos1 kernel: PCI: Using ACPI for IRQ routing
Feb 11 14:41:16 centos1 kernel: NetLabel: Initializing
Feb 11 14:41:16 centos1 kernel: NetLabel:  domain hash size = 128
Feb 11 14:41:16 centos1 kernel: NetLabel:  protocols = UNLABELED CIPSOv4
Feb 11 14:41:16 centos1 kernel: NetLabel:  unlabeled traffic allowed by default
Feb 11 14:41:16 centos1 kernel: Switching to clocksource tsc
Feb 11 14:41:16 centos1 kernel: pnp: PnP ACPI init
Feb 11 14:41:16 centos1 kernel: ACPI: bus type pnp registered
Feb 11 14:41:16 centos1 kernel: pnp: PnP ACPI: found 12 devices
Feb 11 14:41:16 centos1 kernel: ACPI: ACPI bus type pnp unregistered
Feb 11 14:41:16 centos1 kernel: system 00:01: ioport range 0x1000-0x103f has been reserved
Feb 11 14:41:16 centos1 kernel: system 00:01: ioport range 0x1040-0x104f has been reserved
Feb 11 14:41:16 centos1 kernel: system 00:01: ioport range 0xcf0-0xcf1 has been reserved
Feb 11 14:41:16 centos1 kernel: pci 0000:00:01.0: PCI bridge to [bus 01-01]
Feb 11 14:41:16 centos1 kernel: pci 0000:00:01.0: PCI bridge, secondary bus 0000:01
Feb 11 14:41:16 centos1 kernel: pci 0000:00:01.0:   bridge window [io  disabled]
Feb 11 14:41:16 centos1 kernel: pci 0000:00:01.0:   bridge window [mem disabled]
Feb 11 14:41:16 centos1 kernel: pci 0000:00:01.0:   bridge window [mem pref disabled]
Feb 11 14:41:16 centos1 kernel: NET: Registered protocol family 2
Feb 11 14:41:16 centos1 kernel: IP route cache hash table entries: 32768 (order: 5, 131072 bytes)
Feb 11 14:41:16 centos1 kernel: TCP established hash table entries: 131072 (order: 8, 1048576 bytes)
Feb 11 14:41:16 centos1 kernel: TCP bind hash table entries: 65536 (order: 7, 524288 bytes)
Feb 11 14:41:16 centos1 kernel: TCP: Hash tables configured (established 131072 bind 65536)
Feb 11 14:41:16 centos1 kernel: TCP reno registered
Feb 11 14:41:16 centos1 kernel: NET: Registered protocol family 1
Feb 11 14:41:16 centos1 kernel: pci 0000:00:00.0: Limiting direct PCI/PCI transfers
Feb 11 14:41:16 centos1 kernel: Trying to unpack rootfs image as initramfs...
Feb 11 14:41:16 centos1 kernel: Freeing initrd memory: 14672k freed
Feb 11 14:41:16 centos1 kernel: Simple Boot Flag at 0x36 set to 0x1
Feb 11 14:41:16 centos1 kernel: apm: BIOS version 1.2 Flags 0x03 (Driver version 1.16ac)
Feb 11 14:41:16 centos1 kernel: apm: overridden by ACPI.
Feb 11 14:41:16 centos1 kernel: audit: initializing netlink socket (disabled)
Feb 11 14:41:16 centos1 kernel: type=2000 audit(1360611599.702:1): initialized
Feb 11 14:41:16 centos1 kernel: highmem bounce pool size: 64 pages
Feb 11 14:41:16 centos1 kernel: HugeTLB registered 2 MB page size, pre-allocated 0 pages
Feb 11 14:41:16 centos1 kernel: VFS: Disk quotas dquot_6.5.2
Feb 11 14:41:16 centos1 kernel: Dquot-cache hash table entries: 1024 (order 0, 4096 bytes)
Feb 11 14:41:16 centos1 kernel: msgmni has been set to 1736
Feb 11 14:41:16 centos1 kernel: alg: No test for stdrng (krng)
Feb 11 14:41:16 centos1 kernel: ksign: Installing public key data
Feb 11 14:41:16 centos1 kernel: Loading keyring
Feb 11 14:41:16 centos1 kernel: - Added public key 31B6C542CAF8AEE
Feb 11 14:41:16 centos1 kernel: - User ID: CentOS (Kernel Module GPG key)
Feb 11 14:41:16 centos1 kernel: Block layer SCSI generic (bsg) driver version 0.4 loaded (major 252)
Feb 11 14:41:16 centos1 kernel: io scheduler noop registered
Feb 11 14:41:16 centos1 kernel: io scheduler anticipatory registered
Feb 11 14:41:16 centos1 kernel: io scheduler deadline registered
Feb 11 14:41:16 centos1 kernel: io scheduler cfq registered (default)
Feb 11 14:41:16 centos1 kernel: pci_hotplug: PCI Hot Plug PCI Core version: 0.5
Feb 11 14:41:16 centos1 kernel: pciehp: PCI Express Hot Plug Controller Driver version: 0.4
Feb 11 14:41:16 centos1 kernel: acpiphp: ACPI Hot Plug PCI Controller Driver version: 0.5
Feb 11 14:41:16 centos1 kernel: ACPI: AC Adapter [ACAD] (on-line)
Feb 11 14:41:16 centos1 kernel: input: Power Button as /devices/LNXSYSTM:00/LNXPWRBN:00/input/input0
Feb 11 14:41:16 centos1 kernel: ACPI: Power Button [PWRF]
Feb 11 14:41:16 centos1 kernel: processor LNXCPU:00: registered as cooling_device0
Feb 11 14:41:16 centos1 kernel: ERST: Table is not found!
Feb 11 14:41:16 centos1 kernel: GHES: HEST is not enabled!
Feb 11 14:41:16 centos1 kernel: isapnp: Scanning for PnP cards...
Feb 11 14:41:16 centos1 kernel: isapnp: No Plug & Play device found
Feb 11 14:41:16 centos1 kernel: Non-volatile memory driver v1.3
Feb 11 14:41:16 centos1 kernel: Linux agpgart interface v0.103
Feb 11 14:41:16 centos1 kernel: agpgart-intel 0000:00:00.0: Intel 440BX Chipset
Feb 11 14:41:16 centos1 kernel: agpgart-intel 0000:00:00.0: AGP aperture is 256M @ 0x0
Feb 11 14:41:16 centos1 kernel: crash memory driver: version 1.1
Feb 11 14:41:16 centos1 kernel: Serial: 8250/16550 driver, 4 ports, IRQ sharing enabled
Feb 11 14:41:16 centos1 kernel: serial8250: ttyS0 at I/O 0x3f8 (irq = 4) is a 16550A
Feb 11 14:41:16 centos1 kernel: serial8250: ttyS1 at I/O 0x2f8 (irq = 3) is a 16550A
Feb 11 14:41:16 centos1 kernel: 00:09: ttyS0 at I/O 0x3f8 (irq = 4) is a 16550A
Feb 11 14:41:16 centos1 kernel: 00:0a: ttyS1 at I/O 0x2f8 (irq = 3) is a 16550A
Feb 11 14:41:16 centos1 kernel: brd: module loaded
Feb 11 14:41:16 centos1 kernel: loop: module loaded
Feb 11 14:41:16 centos1 kernel: input: Macintosh mouse button emulation as /devices/virtual/input/input1
Feb 11 14:41:16 centos1 kernel: Fixed MDIO Bus: probed
Feb 11 14:41:16 centos1 kernel: ehci_hcd: USB 2.0 'Enhanced' Host Controller (EHCI) Driver
Feb 11 14:41:16 centos1 kernel: ohci_hcd: USB 1.1 'Open' Host Controller (OHCI) Driver
Feb 11 14:41:16 centos1 kernel: uhci_hcd: USB Universal Host Controller Interface driver
Feb 11 14:41:16 centos1 kernel: uhci_hcd 0000:00:07.2: PCI INT D -> GSI 19 (level, low) -> IRQ 19
Feb 11 14:41:16 centos1 kernel: uhci_hcd 0000:00:07.2: UHCI Host Controller
Feb 11 14:41:16 centos1 kernel: uhci_hcd 0000:00:07.2: new USB bus registered, assigned bus number 1
Feb 11 14:41:16 centos1 kernel: uhci_hcd 0000:00:07.2: irq 19, io base 0x00001060
Feb 11 14:41:16 centos1 kernel: usb usb1: New USB device found, idVendor=1d6b, idProduct=0001
Feb 11 14:41:16 centos1 kernel: usb usb1: New USB device strings: Mfr=3, Product=2, SerialNumber=1
Feb 11 14:41:16 centos1 kernel: usb usb1: Product: UHCI Host Controller
Feb 11 14:41:16 centos1 kernel: usb usb1: Manufacturer: Linux 2.6.32-220.el6.i686 uhci_hcd
Feb 11 14:41:16 centos1 kernel: usb usb1: SerialNumber: 0000:00:07.2
Feb 11 14:41:16 centos1 kernel: usb usb1: configuration #1 chosen from 1 choice
Feb 11 14:41:16 centos1 kernel: hub 1-0:1.0: USB hub found
Feb 11 14:41:16 centos1 kernel: hub 1-0:1.0: 2 ports detected
Feb 11 14:41:16 centos1 kernel: PNP: PS/2 Controller [PNP0303:KBC,PNP0f13:MOUS] at 0x60,0x64 irq 1,12
Feb 11 14:41:16 centos1 kernel: serio: i8042 KBD port at 0x60,0x64 irq 1
Feb 11 14:41:16 centos1 kernel: serio: i8042 AUX port at 0x60,0x64 irq 12
Feb 11 14:41:16 centos1 kernel: mice: PS/2 mouse device common for all mice
Feb 11 14:41:16 centos1 kernel: rtc_cmos 00:04: rtc core: registered rtc_cmos as rtc0
Feb 11 14:41:16 centos1 kernel: rtc0: alarms up to one month, y3k, 114 bytes nvram
Feb 11 14:41:16 centos1 kernel: cpuidle: using governor ladder
Feb 11 14:41:16 centos1 kernel: cpuidle: using governor menu
Feb 11 14:41:16 centos1 kernel: usbcore: registered new interface driver hiddev
Feb 11 14:41:16 centos1 kernel: usbcore: registered new interface driver usbhid
Feb 11 14:41:16 centos1 kernel: usbhid: v2.6:USB HID core driver
Feb 11 14:41:16 centos1 kernel: TCP cubic registered
Feb 11 14:41:16 centos1 kernel: Initializing XFRM netlink socket
Feb 11 14:41:16 centos1 kernel: NET: Registered protocol family 17
Feb 11 14:41:16 centos1 kernel: Using IPI No-Shortcut mode
Feb 11 14:41:16 centos1 kernel: registered taskstats version 1
Feb 11 14:41:16 centos1 kernel: rtc_cmos 00:04: setting system clock to 2013-02-11 19:40:02 UTC (1360611602)
Feb 11 14:41:16 centos1 kernel: Initalizing network drop monitor service
Feb 11 14:41:16 centos1 kernel: Freeing unused kernel memory: 504k freed
Feb 11 14:41:16 centos1 kernel: Write protecting the kernel text: 4316k
Feb 11 14:41:16 centos1 kernel: Write protecting the kernel read-only data: 1852k
Feb 11 14:41:16 centos1 kernel: input: AT Translated Set 2 keyboard as /devices/platform/i8042/serio0/input/input2
Feb 11 14:41:16 centos1 kernel: input: ImPS/2 Generic Wheel Mouse as /devices/platform/i8042/serio1/input/input3
Feb 11 14:41:16 centos1 kernel: dracut: dracut-004-256.el6
Feb 11 14:41:16 centos1 kernel: dracut: rd_NO_LUKS: removing cryptoluks activation
Feb 11 14:41:16 centos1 kernel: device-mapper: uevent: version 1.0.3
Feb 11 14:41:16 centos1 kernel: device-mapper: ioctl: 4.22.6-ioctl (2011-10-19) initialised: dm-devel@redhat.com
Feb 11 14:41:16 centos1 kernel: udev: starting version 147
Feb 11 14:41:16 centos1 kernel: dracut: Starting plymouth daemon
Feb 11 14:41:16 centos1 kernel: dracut: rd_NO_DM: removing DM RAID activation
Feb 11 14:41:16 centos1 kernel: dracut: rd_NO_MD: removing MD RAID activation
Feb 11 14:41:16 centos1 kernel: VMware vmxnet virtual NIC driver
Feb 11 14:41:16 centos1 kernel: vmxnet 0000:00:11.0: PCI INT A -> GSI 18 (level, low) -> IRQ 18
Feb 11 14:41:16 centos1 kernel: Found vmxnet/PCI at 0x1424, irq 18.
Feb 11 14:41:16 centos1 kernel: features:
Feb 11 14:41:16 centos1 kernel: numRxBuffers = 100, numRxBuffers2 = 1
Feb 11 14:41:16 centos1 kernel: Fusion MPT base driver 3.04.19
Feb 11 14:41:16 centos1 kernel: Copyright (c) 1999-2008 LSI Corporation
Feb 11 14:41:16 centos1 kernel: Fusion MPT SPI Host driver 3.04.19
Feb 11 14:41:16 centos1 kernel: mptspi 0000:00:10.0: PCI INT A -> GSI 17 (level, low) -> IRQ 17
Feb 11 14:41:16 centos1 kernel: mptbase: ioc0: Initiating bringup
Feb 11 14:41:16 centos1 kernel: ioc0: LSI53C1030 B0: Capabilities={Initiator}
Feb 11 14:41:16 centos1 kernel: scsi0 : ioc0: LSI53C1030 B0, FwRev=01032920h, Ports=1, MaxQ=128, IRQ=17
Feb 11 14:41:16 centos1 kernel: scsi 0:0:0:0: Direct-Access     VMware,  VMware Virtual S 1.0  PQ: 0 ANSI: 2
Feb 11 14:41:16 centos1 kernel: scsi target0:0:0: Beginning Domain Validation
Feb 11 14:41:16 centos1 kernel: scsi target0:0:0: Domain Validation skipping write tests
Feb 11 14:41:16 centos1 kernel: scsi target0:0:0: Ending Domain Validation
Feb 11 14:41:16 centos1 kernel: scsi target0:0:0: FAST-40 WIDE SCSI 80.0 MB/s ST (25 ns, offset 127)
Feb 11 14:41:16 centos1 kernel: scsi1 : ata_piix
Feb 11 14:41:16 centos1 kernel: scsi2 : ata_piix
Feb 11 14:41:16 centos1 kernel: ata1: PATA max UDMA/33 cmd 0x1f0 ctl 0x3f6 bmdma 0x14c0 irq 14
Feb 11 14:41:16 centos1 kernel: ata2: PATA max UDMA/33 cmd 0x170 ctl 0x376 bmdma 0x14c8 irq 15
Feb 11 14:41:16 centos1 kernel: ata2.00: ATAPI: VMware Virtual IDE CDROM Drive, 00000001, max UDMA/33
Feb 11 14:41:16 centos1 kernel: ata2.00: configured for UDMA/33
Feb 11 14:41:16 centos1 kernel: scsi 2:0:0:0: CD-ROM            NECVMWar VMware IDE CDR10 1.00 PQ: 0 ANSI: 5
Feb 11 14:41:16 centos1 kernel: sd 0:0:0:0: [sda] 41943040 512-byte logical blocks: (21.4 GB/20.0 GiB)
Feb 11 14:41:16 centos1 kernel: sd 0:0:0:0: [sda] Write Protect is off
Feb 11 14:41:16 centos1 kernel: sd 0:0:0:0: [sda] Cache data unavailable
Feb 11 14:41:16 centos1 kernel: sd 0:0:0:0: [sda] Assuming drive cache: write through
Feb 11 14:41:16 centos1 kernel: sd 0:0:0:0: [sda] Cache data unavailable
Feb 11 14:41:16 centos1 kernel: sd 0:0:0:0: [sda] Assuming drive cache: write through
Feb 11 14:41:16 centos1 kernel: sda: sda1 sda2
Feb 11 14:41:16 centos1 kernel: sd 0:0:0:0: [sda] Cache data unavailable
Feb 11 14:41:16 centos1 kernel: sd 0:0:0:0: [sda] Assuming drive cache: write through
Feb 11 14:41:16 centos1 kernel: sd 0:0:0:0: [sda] Attached SCSI disk
Feb 11 14:41:16 centos1 kernel: sr0: scsi3-mmc drive: 1x/1x writer dvd-ram cd/rw xa/form2 cdda tray
Feb 11 14:41:16 centos1 kernel: Uniform CD-ROM driver Revision: 3.20
Feb 11 14:41:16 centos1 kernel: dracut: Scanning devices sda2  for LVM logical volumes vg_livecd/lv_swap vg_livecd/lv_root 
Feb 11 14:41:16 centos1 kernel: dracut: inactive '/dev/vg_livecd/lv_root' [17.54 GiB] inherit
Feb 11 14:41:16 centos1 kernel: dracut: inactive '/dev/vg_livecd/lv_swap' [1.97 GiB] inherit
Feb 11 14:41:16 centos1 kernel: EXT4-fs (dm-0): mounted filesystem with ordered data mode. Opts: 
Feb 11 14:41:16 centos1 kernel: dracut: Mounted root filesystem /dev/mapper/vg_livecd-lv_root
Feb 11 14:41:16 centos1 kernel: dracut: Loading SELinux policy
Feb 11 14:41:16 centos1 kernel: type=1404 audit(1360611603.274:2): enforcing=1 old_enforcing=0 auid=4294967295 ses=4294967295
Feb 11 14:41:16 centos1 kernel: type=1403 audit(1360611603.815:3): policy loaded auid=4294967295 ses=4294967295
Feb 11 14:41:16 centos1 kernel: dracut: 
Feb 11 14:41:16 centos1 kernel: dracut: Switching root
Feb 11 14:41:16 centos1 kernel: readahead: starting
Feb 11 14:41:16 centos1 kernel: udev: starting version 147
Feb 11 14:41:16 centos1 kernel: piix4_smbus 0000:00:07.3: Host SMBus controller not enabled!
Feb 11 14:41:16 centos1 kernel: ENS1371 0000:00:12.0: PCI INT A -> GSI 19 (level, low) -> IRQ 19
Feb 11 14:41:16 centos1 kernel: sd 0:0:0:0: Attached scsi generic sg0 type 0
Feb 11 14:41:16 centos1 kernel: sr 2:0:0:0: Attached scsi generic sg1 type 5
Feb 11 14:41:16 centos1 kernel: microcode: CPU0 sig=0x20655, pf=0x1, revision=0x2
Feb 11 14:41:16 centos1 kernel: platform microcode: firmware: requesting intel-ucode/06-25-05
Feb 11 14:41:16 centos1 kernel: Microcode Update Driver: v2.00 <tigran@aivazian.fsnet.co.uk>, Peter Oruba
Feb 11 14:41:16 centos1 kernel: parport_pc 00:08: reported by Plug and Play ACPI
Feb 11 14:41:16 centos1 kernel: parport0: PC-style at 0x378, irq 7 [PCSPP,TRISTATE]
Feb 11 14:41:16 centos1 kernel: ppdev: user-space parallel port driver
Feb 11 14:41:16 centos1 kernel: EXT4-fs (sda1): mounted filesystem with ordered data mode. Opts: 
Feb 11 14:41:16 centos1 kernel: Adding 2064376k swap on /dev/mapper/vg_livecd-lv_swap.  Priority:-1 extents:1 across:2064376k 
Feb 11 14:41:16 centos1 kernel: fuse init (API version 7.13)
Feb 11 14:41:16 centos1 kernel: NET: Registered protocol family 10
Feb 11 14:41:16 centos1 kernel: lo: Disabled Privacy Extensions
Feb 11 14:41:17 centos1 kdump: No crashkernel parameter specified for running kernel
Feb 11 14:41:17 centos1 lldpad: bound ctrl iface to /com/intel/lldpad
Feb 11 14:41:17 centos1 kernel: 802.1Q VLAN Support v1.8 Ben Greear <greearb@candelatech.com>
Feb 11 14:41:17 centos1 kernel: All bugs added by David S. Miller <davem@redhat.com>
Feb 11 14:41:17 centos1 kernel: cnic: Broadcom NetXtreme II CNIC Driver cnic v2.5.7 (July 20, 2011)
Feb 11 14:41:17 centos1 kernel: bnx2fc: Broadcom NetXtreme II FCoE Driver bnx2fc v1.0.8 (Oct 02, 2011)
Feb 11 14:41:17 centos1 NetworkManager[1621]: <info> NetworkManager (version 0.8.1-15.el6) is starting...
Feb 11 14:41:17 centos1 NetworkManager[1621]: <info> Read config file /etc/NetworkManager/NetworkManager.conf
Feb 11 14:41:17 centos1 NetworkManager[1621]: <info> trying to start the modem manager...
Feb 11 14:41:17 centos1 NetworkManager[1621]: <info> monitoring kernel firmware directory '/lib/firmware'.
Feb 11 14:41:17 centos1 NetworkManager[1621]:    ifcfg-rh: Acquired D-Bus service com.redhat.ifcfgrh1
Feb 11 14:41:17 centos1 NetworkManager[1621]: <info> Loaded plugin ifcfg-rh: (c) 2007 - 2008 Red Hat, Inc.  To report bugs please use the NetworkManager mailing list.
Feb 11 14:41:17 centos1 NetworkManager[1621]:    ifcfg-rh: parsing /etc/sysconfig/network-scripts/ifcfg-eth0 ... 
Feb 11 14:41:17 centos1 modem-manager: ModemManager (version 0.4.0-3.git20100628.el6) starting...
Feb 11 14:41:17 centos1 modem-manager: Loaded plugin Novatel
Feb 11 14:41:17 centos1 modem-manager: Loaded plugin Sierra
Feb 11 14:41:17 centos1 modem-manager: Loaded plugin Huawei
Feb 11 14:41:17 centos1 modem-manager: Loaded plugin MotoC
Feb 11 14:41:17 centos1 modem-manager: Loaded plugin Nokia
Feb 11 14:41:17 centos1 modem-manager: Loaded plugin Gobi
Feb 11 14:41:17 centos1 modem-manager: Loaded plugin Longcheer
Feb 11 14:41:17 centos1 NetworkManager[1621]:    ifcfg-rh:     read connection 'System eth0'
Feb 11 14:41:17 centos1 modem-manager: Loaded plugin SimTech
Feb 11 14:41:17 centos1 NetworkManager[1621]:    ifcfg-rh: parsing /etc/sysconfig/network-scripts/ifcfg-lo ... 
Feb 11 14:41:17 centos1 modem-manager: Loaded plugin AnyData
Feb 11 14:41:17 centos1 modem-manager: Loaded plugin Option High-Speed
Feb 11 14:41:17 centos1 modem-manager: Loaded plugin Option
Feb 11 14:41:17 centos1 modem-manager: Loaded plugin ZTE
Feb 11 14:41:17 centos1 modem-manager: Loaded plugin Generic
Feb 11 14:41:17 centos1 modem-manager: Loaded plugin Ericsson MBM
Feb 11 14:41:17 centos1 NetworkManager[1621]: <info> WiFi enabled by radio killswitch; enabled by state file
Feb 11 14:41:17 centos1 NetworkManager[1621]: <info> WWAN enabled by radio killswitch; enabled by state file
Feb 11 14:41:17 centos1 NetworkManager[1621]: <info> WiMAX enabled by radio killswitch; enabled by state file
Feb 11 14:41:17 centos1 NetworkManager[1621]: <info> Networking is enabled by state file
Feb 11 14:41:17 centos1 NetworkManager[1621]: <error> [1360611677.808311] [nm-device-ethernet.c:729] real_update_permanent_hw_address(): (eth0): unable to read permanent MAC address (error 0)
Feb 11 14:41:17 centos1 NetworkManager[1621]: <info> (eth0): carrier is OFF
Feb 11 14:41:17 centos1 NetworkManager[1621]: <info> (eth0): new Ethernet device (driver: 'vmxnet' ifindex: 2)
Feb 11 14:41:17 centos1 NetworkManager[1621]: <info> (eth0): exported as /org/freedesktop/NetworkManager/Devices/0
Feb 11 14:41:17 centos1 avahi-daemon[1633]: Found user 'avahi' (UID 70) and group 'avahi' (GID 70).
Feb 11 14:41:17 centos1 avahi-daemon[1633]: Successfully dropped root privileges.
Feb 11 14:41:17 centos1 avahi-daemon[1633]: avahi-daemon 0.6.25 starting up.
Feb 11 14:41:17 centos1 avahi-daemon[1633]: WARNING: No NSS support for mDNS detected, consider installing nss-mdns!
Feb 11 14:41:17 centos1 NetworkManager[1621]: <info> (eth0): now managed
Feb 11 14:41:17 centos1 NetworkManager[1621]: <info> (eth0): device state change: 1 -> 2 (reason 2)
Feb 11 14:41:17 centos1 NetworkManager[1621]: <info> (eth0): bringing up device.
Feb 11 14:41:17 centos1 NetworkManager[1621]: <info> (eth0): preparing device.
Feb 11 14:41:17 centos1 NetworkManager[1621]: <info> (eth0): deactivating device (reason: 2).
Feb 11 14:41:17 centos1 NetworkManager[1621]: <info> (eth0): carrier now ON (device state 2)
Feb 11 14:41:17 centos1 NetworkManager[1621]: <info> (eth0): device state change: 2 -> 3 (reason 40)
Feb 11 14:41:17 centos1 NetworkManager[1621]: <info> modem-manager is now available
Feb 11 14:41:17 centos1 NetworkManager[1621]: <warn> bluez error getting default adapter: The name org.bluez was not provided by any .service files
Feb 11 14:41:17 centos1 NetworkManager[1621]: <info> Trying to start the supplicant...
Feb 11 14:41:17 centos1 NetworkManager[1621]: <info> Activation (eth0) starting connection 'System eth0'
Feb 11 14:41:17 centos1 NetworkManager[1621]: <info> (eth0): device state change: 3 -> 4 (reason 0)
Feb 11 14:41:17 centos1 NetworkManager[1621]: <info> Activation (eth0) Stage 1 of 5 (Device Prepare) scheduled...
Feb 11 14:41:17 centos1 avahi-daemon[1633]: Successfully called chroot().
Feb 11 14:41:17 centos1 avahi-daemon[1633]: Successfully dropped remaining capabilities.
Feb 11 14:41:17 centos1 NetworkManager[1621]: <info> Activation (eth0) Stage 1 of 5 (Device Prepare) started...
Feb 11 14:41:17 centos1 NetworkManager[1621]: <info> Activation (eth0) Stage 2 of 5 (Device Configure) scheduled...
Feb 11 14:41:17 centos1 NetworkManager[1621]: <info> Activation (eth0) Stage 1 of 5 (Device Prepare) complete.
Feb 11 14:41:17 centos1 NetworkManager[1621]: <info> Activation (eth0) Stage 2 of 5 (Device Configure) starting...
Feb 11 14:41:17 centos1 NetworkManager[1621]: <info> (eth0): device state change: 4 -> 5 (reason 0)
Feb 11 14:41:17 centos1 NetworkManager[1621]: <info> Activation (eth0) Stage 2 of 5 (Device Configure) successful.
Feb 11 14:41:17 centos1 NetworkManager[1621]: <info> Activation (eth0) Stage 3 of 5 (IP Configure Start) scheduled.
Feb 11 14:41:17 centos1 NetworkManager[1621]: <info> Activation (eth0) Stage 2 of 5 (Device Configure) complete.
Feb 11 14:41:17 centos1 NetworkManager[1621]: <info> Activation (eth0) Stage 3 of 5 (IP Configure Start) started...
Feb 11 14:41:17 centos1 NetworkManager[1621]: <info> (eth0): device state change: 5 -> 7 (reason 0)
Feb 11 14:41:17 centos1 NetworkManager[1621]: <info> Activation (eth0) Stage 4 of 5 (IP4 Configure Get) scheduled...
Feb 11 14:41:17 centos1 NetworkManager[1621]: <info> Activation (eth0) Stage 3 of 5 (IP Configure Start) complete.
Feb 11 14:41:17 centos1 NetworkManager[1621]: <info> Activation (eth0) Stage 4 of 5 (IP4 Configure Get) started...
Feb 11 14:41:17 centos1 NetworkManager[1621]: <info> Activation (eth0) Stage 5 of 5 (IP Configure Commit) scheduled...
Feb 11 14:41:17 centos1 NetworkManager[1621]: <info> Activation (eth0) Stage 4 of 5 (IP4 Configure Get) complete.
Feb 11 14:41:17 centos1 NetworkManager[1621]: <info> Activation (eth0) Stage 5 of 5 (IP Configure Commit) started...
Feb 11 14:41:17 centos1 avahi-daemon[1633]: Loading service file /services/ssh.service.
Feb 11 14:41:17 centos1 avahi-daemon[1633]: Joining mDNS multicast group on interface eth0.IPv4 with address 192.168.137.144.
Feb 11 14:41:17 centos1 avahi-daemon[1633]: New relevant interface eth0.IPv4 for mDNS.
Feb 11 14:41:17 centos1 avahi-daemon[1633]: Network interface enumeration completed.
Feb 11 14:41:17 centos1 avahi-daemon[1633]: Registering new address record for fe80::20c:29ff:fe8f:7c18 on eth0.*.
Feb 11 14:41:17 centos1 avahi-daemon[1633]: Registering new address record for 192.168.137.144 on eth0.IPv4.
Feb 11 14:41:17 centos1 avahi-daemon[1633]: Registering HINFO record with values 'I686'/'LINUX'.
Feb 11 14:41:17 centos1 rpc.statd[1654]: Version 1.2.3 starting
Feb 11 14:41:17 centos1 sm-notify[1655]: Version 1.2.3 starting
Feb 11 14:41:18 centos1 kernel: RPC: Registered udp transport module.
Feb 11 14:41:18 centos1 kernel: RPC: Registered tcp transport module.
Feb 11 14:41:18 centos1 kernel: RPC: Registered tcp NFSv4.1 backchannel transport module.
Feb 11 14:41:18 centos1 avahi-daemon[1633]: Server startup complete. Host name is centos1.local. Local service cookie is 3777778942.
Feb 11 14:41:18 centos1 NetworkManager[1621]: <info> (eth0): device state change: 7 -> 8 (reason 0)
Feb 11 14:41:18 centos1 NetworkManager[1621]: <info> Policy set 'System eth0' (eth0) as default for IPv4 routing and DNS.
Feb 11 14:41:18 centos1 NetworkManager[1621]: <info> Activation (eth0) successful, device activated.
Feb 11 14:41:18 centos1 NetworkManager[1621]: <info> Activation (eth0) Stage 5 of 5 (IP Configure Commit) complete.
Feb 11 14:41:18 centos1 acpid: starting up
Feb 11 14:41:18 centos1 acpid: 1 rule loaded
Feb 11 14:41:18 centos1 acpid: waiting for events: event logging is off
Feb 11 14:41:19 centos1 acpid: client connected from 1830[68:68]
Feb 11 14:41:19 centos1 acpid: 1 client rule loaded
Feb 11 14:41:19 centos1 pcscd: pcscdaemon.c:506:main() pcsc-lite 1.5.2 daemon ready.
Feb 11 14:41:19 centos1 avahi-daemon[1633]: Service "centos1" (/services/ssh.service) successfully established.
Feb 11 14:41:20 centos1 automount[1865]: lookup_read_master: lookup(nisplus): couldn't locate nis+ table auto.master
Feb 11 14:41:21 centos1 kernel: Installing knfsd (copyright (C) 1996 okir@monad.swb.de).
Feb 11 14:41:21 centos1 kernel: NFSD: Using /var/lib/nfs/v4recovery as the NFSv4 state recovery directory
Feb 11 14:41:21 centos1 kernel: NFSD: starting 90-second grace period
Feb 11 14:41:21 centos1 rpc.mountd[1920]: Version 1.2.3 starting
Feb 11 14:41:21 centos1 xinetd[1959]: xinetd Version 2.3.14 started with libwrap loadavg labeled-networking options compiled in.
Feb 11 14:41:21 centos1 xinetd[1959]: Started working: 2 available services
Feb 11 14:41:21 centos1 tpvmlpd2[2001]: device type not supported
Feb 11 14:41:29 centos1 polkitd[2300]: started daemon version 0.96 using authority implementation `local' version `0.96'
Feb 11 14:41:30 centos1 rtkit-daemon[2311]: Sucessfully made thread 2309 of process 2309 (/usr/bin/pulseaudio) owned by '42' high priority at nice level -11.
Feb 11 14:41:30 centos1 pulseaudio[2309]: alsa-util.c: Disabling timer-based scheduling because running inside a VM.
Feb 11 14:41:30 centos1 rtkit-daemon[2311]: Sucessfully made thread 2315 of process 2309 (/usr/bin/pulseaudio) owned by '42' RT at priority 5.
Feb 11 14:41:30 centos1 pulseaudio[2309]: alsa-util.c: Disabling timer-based scheduling because running inside a VM.
Feb 11 14:41:30 centos1 gdm-simple-greeter[2298]: Gtk-WARNING: gtkwidget.c:5460: widget not within a GtkWindow
Feb 11 14:41:31 centos1 rtkit-daemon[2311]: Sucessfully made thread 2316 of process 2309 (/usr/bin/pulseaudio) owned by '42' RT at priority 5.
Feb 11 14:41:31 centos1 pulseaudio[2309]: alsa-source.c: ALSA woke us up to read new data from the device, but there was actually nothing to read!
Feb 11 14:41:31 centos1 pulseaudio[2309]: alsa-source.c: Most likely this is a bug in the ALSA driver 'snd_ens1371'. Please report this issue to the ALSA developers.
Feb 11 14:41:31 centos1 pulseaudio[2309]: alsa-source.c: We were woken up with POLLIN set -- however a subsequent snd_pcm_avail() returned 0 or another value < min_avail.
Feb 11 14:41:36 centos1 tpvmlpd2[2320]: device type not supported
Feb 11 14:41:51 centos1 tpvmlpd2[2322]: device type not supported
Feb 11 14:41:52 centos1 NetworkManager[1621]: <error> [1360611712.921715] [nm-manager.c:1360] user_proxy_init(): could not init user settings proxy: (3) Could not get owner of name 'org.freedesktop.NetworkManagerUserSettings': no such name
Feb 11 14:41:53 centos1 NetworkManager[1621]: <error> [1360611713.30284] [nm-manager.c:1360] user_proxy_init(): could not init user settings proxy: (3) Could not get owner of name 'org.freedesktop.NetworkManagerUserSettings': no such name
Feb 11 14:41:54 centos1 rtkit-daemon[2311]: Sucessfully made thread 2401 of process 2401 (/usr/bin/pulseaudio) owned by '500' high priority at nice level -11.
Feb 11 14:41:54 centos1 pulseaudio[2401]: pid.c: Stale PID file, overwriting.
Feb 11 14:41:54 centos1 rtkit-daemon[2311]: Sucessfully made thread 2402 of process 2401 (/usr/bin/pulseaudio) owned by '500' RT at priority 5.
Feb 11 14:41:54 centos1 rtkit-daemon[2311]: Sucessfully made thread 2403 of process 2401 (/usr/bin/pulseaudio) owned by '500' RT at priority 5.
Feb 11 14:41:54 centos1 pulseaudio[2401]: alsa-source.c: ALSA woke us up to read new data from the device, but there was actually nothing to read!
Feb 11 14:41:54 centos1 pulseaudio[2401]: alsa-source.c: Most likely this is a bug in the ALSA driver 'snd_ens1371'. Please report this issue to the ALSA developers.
Feb 11 14:41:54 centos1 pulseaudio[2401]: alsa-source.c: We were woken up with POLLIN set -- however a subsequent snd_pcm_avail() returned 0 or another value < min_avail.
Feb 11 14:41:56 centos1 rtkit-daemon[2311]: Sucessfully made thread 2447 of process 2447 (/usr/bin/pulseaudio) owned by '500' high priority at nice level -11.
Feb 11 14:41:56 centos1 pulseaudio[2447]: pid.c: Daemon already running.
Feb 11 14:42:06 centos1 tpvmlpd2[2497]: device type not supported
Feb 11 14:42:22 centos1 tpvmlpd2[2506]: device type not supported
Feb 11 14:42:23 centos1 vmusr[2430]: [ warning] [Gtk] Unable to locate theme engine in module_path: "clearlooks",
Feb 11 14:42:23 centos1 vmusr[2430]: [ warning] [Gtk] Unable to locate theme engine in module_path: "clearlooks",
Feb 11 14:42:23 centos1 vmusr[2430]: [ warning] [Gtk] Unable to locate theme engine in module_path: "clearlooks",
Feb 11 14:42:23 centos1 vmusr[2430]: [ warning] [Gtk] Unable to locate theme engine in module_path: "clearlooks",
Feb 11 14:42:23 centos1 vmusr[2430]: [ warning] [Gtk] Unable to locate theme engine in module_path: "clearlooks",
Feb 11 14:42:23 centos1 vmusr[2430]: [ warning] [Gtk] Unable to locate theme engine in module_path: "clearlooks",
Feb 11 14:42:23 centos1 vmusr[2430]: [ warning] [Gtk] Unable to locate theme engine in module_path: "clearlooks",
Feb 11 14:42:23 centos1 vmusr[2430]: [ warning] [Gtk] Unable to locate theme engine in module_path: "clearlooks",
Feb 11 14:42:23 centos1 vmusr[2430]: [ warning] [Gtk] Unable to locate theme engine in module_path: "clearlooks",
Feb 11 14:42:23 centos1 vmusr[2430]: [ warning] [Gtk] Unable to locate theme engine in module_path: "clearlooks",
Feb 11 14:42:23 centos1 vmusr[2430]: [ warning] [Gtk] Unable to locate theme engine in module_path: "clearlooks",
Feb 11 14:42:23 centos1 vmusr[2430]: [ warning] [Gtk] Unable to locate theme engine in module_path: "clearlooks",
Feb 11 14:42:23 centos1 vmusr[2430]: [ warning] [Gtk] Unable to locate theme engine in module_path: "clearlooks",
Feb 11 14:42:23 centos1 vmusr[2430]: [ warning] [Gtk] Unable to locate theme engine in module_path: "clearlooks",
Feb 11 14:42:23 centos1 vmusr[2430]: [ warning] [Gtk] Unable to locate theme engine in module_path: "clearlooks",
Feb 11 14:42:23 centos1 vmusr[2430]: [ warning] [Gtk] Unable to locate theme engine in module_path: "clearlooks",
Feb 11 14:42:23 centos1 vmusr[2430]: [ warning] [Gtk] Unable to locate theme engine in module_path: "clearlooks",
Feb 11 14:42:31 centos1 rtkit-daemon[2311]: The canary thread is apparently starving. Taking action.
Feb 11 14:42:31 centos1 rtkit-daemon[2311]: Demoting known real-time threads.
Feb 11 14:42:31 centos1 rtkit-daemon[2311]: Successfully demoted thread 2403 of process 2401 (/usr/bin/pulseaudio).
Feb 11 14:42:31 centos1 rtkit-daemon[2311]: Successfully demoted thread 2402 of process 2401 (/usr/bin/pulseaudio).
Feb 11 14:42:31 centos1 rtkit-daemon[2311]: Successfully demoted thread 2401 of process 2401 (/usr/bin/pulseaudio).
Feb 11 14:42:31 centos1 rtkit-daemon[2311]: Demoted 3 threads.
Feb 11 14:42:31 centos1 vmusr[2430]: [ warning] [Gtk] gtk_disable_setlocale() must be called before gtk_init()
Feb 11 14:42:37 centos1 tpvmlpd2[2546]: device type not supported
Feb 11 14:42:52 centos1 tpvmlpd2[2550]: device type not supported
Feb 11 14:43:07 centos1 tpvmlpd2[2552]: device type not supported
Feb 11 14:43:22 centos1 tpvmlpd2[2553]: device type not supported
Feb 11 14:43:37 centos1 tpvmlpd2[2554]: device type not supported
Feb 11 14:43:52 centos1 tpvmlpd2[2556]: device type not supported
Feb 11 14:44:07 centos1 tpvmlpd2[2558]: device type not supported
Feb 11 14:44:22 centos1 tpvmlpd2[2559]: device type not supported
Feb 11 14:44:37 centos1 tpvmlpd2[2560]: device type not supported
Feb 11 14:44:52 centos1 tpvmlpd2[2561]: device type not supported
Feb 11 14:45:07 centos1 tpvmlpd2[2563]: device type not supported
Feb 11 14:45:22 centos1 tpvmlpd2[2565]: device type not supported
Feb 11 14:45:37 centos1 tpvmlpd2[2566]: device type not supported
Feb 11 14:45:52 centos1 tpvmlpd2[2567]: device type not supported
Feb 11 14:46:07 centos1 tpvmlpd2[2568]: device type not supported
Feb 11 14:46:22 centos1 tpvmlpd2[2570]: device type not supported
Feb 11 14:46:22 centos1 tpvmlpd2[1997]: aborting
Feb 11 16:05:09 centos1 pulseaudio[2401]: alsa-sink.c: ALSA woke us up to write new data to the device, but there was actually nothing to write!
Feb 11 16:05:09 centos1 pulseaudio[2401]: alsa-sink.c: Most likely this is a bug in the ALSA driver 'snd_ens1371'. Please report this issue to the ALSA developers.
Feb 11 16:05:09 centos1 pulseaudio[2401]: alsa-sink.c: We were woken up with POLLOUT set -- however a subsequent snd_pcm_avail() returned 0 or another value < min_avail.
Feb 11 19:51:38 centos1 yum[4498]: Updated: samba-winbind-clients-3.5.10-125.el6.i686
Feb 11 19:51:45 centos1 yum[4498]: Updated: samba-common-3.5.10-125.el6.i686
Feb 11 19:51:50 centos1 yum[4498]: Updated: samba-client-3.5.10-125.el6.i686
Feb 11 19:51:53 centos1 yum[4498]: Installed: samba-3.5.10-125.el6.i686
Feb 11 19:51:54 centos1 yum[4498]: Updated: libsmbclient-3.5.10-125.el6.i686
Feb 11 23:47:15 centos1 init: tty (/dev/tty2) main process (2131) killed by TERM signal
Feb 11 23:47:15 centos1 init: tty (/dev/tty3) main process (2133) killed by TERM signal
Feb 11 23:47:15 centos1 init: tty (/dev/tty4) main process (2135) killed by TERM signal
Feb 11 23:47:15 centos1 init: tty (/dev/tty5) main process (2139) killed by TERM signal
Feb 11 23:47:15 centos1 init: tty (/dev/tty6) main process (2144) killed by TERM signal
Feb 11 23:47:15 centos1 NetworkManager[1621]: <warn> error requesting auth for org.freedesktop.NetworkManager.network-control: (6) Remote Exception invoking org.freedesktop.PolicyKit1.Authority.CheckAuthorization() on /org/freedesktop/PolicyKit1/Authority at name org.freedesktop.PolicyKit1: org.freedesktop.DBus.Error.NameHasNoOwner: Remote Exception invoking org.freedesktop.DBus.GetConnectionUnixUser() on / at name org.freedesktop.DBus: org.freedesktop.DBus.Error.NameHasNoOwner: Could not get UID of name ':1.47': no such name
Feb 11 23:47:15 centos1 NetworkManager[1621]: <warn> error requesting auth for org.freedesktop.network-manager-settings.system.wifi.share.open: (6) Remote Exception invoking org.freedesktop.PolicyKit1.Authority.CheckAuthorization() on /org/freedesktop/PolicyKit1/Authority at name org.freedesktop.PolicyKit1: org.freedesktop.DBus.Error.NameHasNoOwner: Remote Exception invoking org.freedesktop.DBus.GetConnectionUnixUser() on / at name org.freedesktop.DBus: org.freedesktop.DBus.Error.NameHasNoOwner: Could not get UID of name ':1.47': no such name
Feb 11 23:47:15 centos1 NetworkManager[1621]: <warn> error requesting auth for org.freedesktop.network-manager-settings.system.wifi.share.protected: (6) Remote Exception invoking org.freedesktop.PolicyKit1.Authority.CheckAuthorization() on /org/freedesktop/PolicyKit1/Authority at name org.freedesktop.PolicyKit1: org.freedesktop.DBus.Error.NameHasNoOwner: Remote Exception invoking org.freedesktop.DBus.GetConnectionUnixUser() on / at name org.freedesktop.DBus: org.freedesktop.DBus.Error.NameHasNoOwner: Could not get UID of name ':1.47': no such name
Feb 11 23:47:15 centos1 NetworkManager[1621]: <warn> User connections unavailable: (6) Remote Exception invoking org.freedesktop.PolicyKit1.Authority.CheckAuthorization() on /org/freedesktop/PolicyKit1/Authority at name org.freedesktop.PolicyKit1: org.freedesktop.DBus.Error.NameHasNoOwner: Remote Exception invoking org.freedesktop.DBus.GetConnectionUnixUser() on / at name org.freedesktop.DBus: org.freedesktop.DBus.Error.NameHasNoOwner: Could not get UID of name ':1.47': no such name
Feb 11 23:47:15 centos1 NetworkManager[1621]: <warn> error requesting auth for org.freedesktop.NetworkManager.enable-disable-network: (6) Remote Exception invoking org.freedesktop.PolicyKit1.Authority.CheckAuthorization() on /org/freedesktop/PolicyKit1/Authority at name org.freedesktop.PolicyKit1: org.freedesktop.DBus.Error.NameHasNoOwner: Remote Exception invoking org.freedesktop.DBus.GetConnectionUnixUser() on / at name org.freedesktop.DBus: org.freedesktop.DBus.Error.NameHasNoOwner: Could not get UID of name ':1.47': no such name
Feb 11 23:47:15 centos1 NetworkManager[1621]: <warn> error requesting auth for org.freedesktop.NetworkManager.sleep-wake: (6) Remote Exception invoking org.freedesktop.PolicyKit1.Authority.CheckAuthorization() on /org/freedesktop/PolicyKit1/Authority at name org.freedesktop.PolicyKit1: org.freedesktop.DBus.Error.NameHasNoOwner: Remote Exception invoking org.freedesktop.DBus.GetConnectionUnixUser() on / at name org.freedesktop.DBus: org.freedesktop.DBus.Error.NameHasNoOwner: Could not get UID of name ':1.47': no such name
Feb 11 23:47:15 centos1 NetworkManager[1621]: <warn> error requesting auth for org.freedesktop.NetworkManager.enable-disable-wifi: (6) Remote Exception invoking org.freedesktop.PolicyKit1.Authority.CheckAuthorization() on /org/freedesktop/PolicyKit1/Authority at name org.freedesktop.PolicyKit1: org.freedesktop.DBus.Error.NameHasNoOwner: Remote Exception invoking org.freedesktop.DBus.GetConnectionUnixUser() on / at name org.freedesktop.DBus: org.freedesktop.DBus.Error.NameHasNoOwner: Could not get UID of name ':1.47': no such name
Feb 11 23:47:15 centos1 NetworkManager[1621]: <warn> error requesting auth for org.freedesktop.NetworkManager.enable-disable-wwan: (6) Remote Exception invoking org.freedesktop.PolicyKit1.Authority.CheckAuthorization() on /org/freedesktop/PolicyKit1/Authority at name org.freedesktop.PolicyKit1: org.freedesktop.DBus.Error.NameHasNoOwner: Remote Exception invoking org.freedesktop.DBus.GetConnectionUnixUser() on / at name org.freedesktop.DBus: org.freedesktop.DBus.Error.NameHasNoOwner: Could not get UID of name ':1.47': no such name
Feb 11 23:47:15 centos1 NetworkManager[1621]: <warn> error requesting auth for org.freedesktop.NetworkManager.use-user-connections: (6) Remote Exception invoking org.freedesktop.PolicyKit1.Authority.CheckAuthorization() on /org/freedesktop/PolicyKit1/Authority at name org.freedesktop.PolicyKit1: org.freedesktop.DBus.Error.NameHasNoOwner: Remote Exception invoking org.freedesktop.DBus.GetConnectionUnixUser() on / at name org.freedesktop.DBus: org.freedesktop.DBus.Error.NameHasNoOwner: Could not get UID of name ':1.47': no such name
Feb 11 23:47:15 centos1 NetworkManager[1621]: <warn> error requesting auth for org.freedesktop.NetworkManager.network-control: (6) Remote Exception invoking org.freedesktop.PolicyKit1.Authority.CheckAuthorization() on /org/freedesktop/PolicyKit1/Authority at name org.freedesktop.PolicyKit1: org.freedesktop.DBus.Error.NameHasNoOwner: Remote Exception invoking org.freedesktop.DBus.GetConnectionUnixUser() on / at name org.freedesktop.DBus: org.freedesktop.DBus.Error.NameHasNoOwner: Could not get UID of name ':1.47': no such name
Feb 11 23:47:15 centos1 NetworkManager[1621]: <warn> error requesting auth for org.freedesktop.network-manager-settings.system.wifi.share.open: (6) Remote Exception invoking org.freedesktop.PolicyKit1.Authority.CheckAuthorization() on /org/freedesktop/PolicyKit1/Authority at name org.freedesktop.PolicyKit1: org.freedesktop.DBus.Error.NameHasNoOwner: Remote Exception invoking org.freedesktop.DBus.GetConnectionUnixUser() on / at name org.freedesktop.DBus: org.freedesktop.DBus.Error.NameHasNoOwner: Could not get UID of name ':1.47': no such name
Feb 11 23:47:15 centos1 NetworkManager[1621]: <warn> error requesting auth for org.freedesktop.network-manager-settings.system.wifi.share.protected: (6) Remote Exception invoking org.freedesktop.PolicyKit1.Authority.CheckAuthorization() on /org/freedesktop/PolicyKit1/Authority at name org.freedesktop.PolicyKit1: org.freedesktop.DBus.Error.NameHasNoOwner: Remote Exception invoking org.freedesktop.DBus.GetConnectionUnixUser() on / at name org.freedesktop.DBus: org.freedesktop.DBus.Error.NameHasNoOwner: Could not get UID of name ':1.47': no such name
Feb 11 23:47:16 centos1 avahi-daemon[1633]: Got SIGTERM, quitting.
Feb 11 23:47:16 centos1 avahi-daemon[1633]: Leaving mDNS multicast group on interface eth0.IPv4 with address 192.168.137.144.
Feb 11 23:47:17 centos1 xinetd[1959]: Exiting...
Feb 11 23:47:17 centos1 rpc.mountd[1920]: Caught signal 15, un-registering and exiting.
Feb 11 23:47:18 centos1 kernel: nfsd: last server has exited, flushing export cache
Feb 11 23:47:21 centos1 acpid: exiting
Feb 11 23:47:21 centos1 pcscd: pcscdaemon.c:581:signal_trap() Preparing for suicide
Feb 11 23:47:22 centos1 pcscd: readerfactory.c:1267:RFCleanupReaders() entering cleaning function
Feb 11 23:47:22 centos1 pcscd: pcscdaemon.c:531:at_exit() cleaning /var/run
Feb 11 23:47:22 centos1 NetworkManager[1621]: <info> caught signal 15, shutting down normally.
Feb 11 23:47:22 centos1 NetworkManager[1621]: <info> exiting (success)
Feb 11 23:47:22 centos1 rtkit-daemon[2311]: Demoting known real-time threads.
Feb 11 23:47:22 centos1 rtkit-daemon[2311]: Demoted 0 threads.
Feb 11 23:47:22 centos1 console-kit-daemon[2182]: WARNING: no sender#012
Feb 11 23:47:22 centos1 init: Disconnected from system bus
Feb 11 23:47:22 centos1 rpcbind: rpcbind terminating on signal. Restart with "rpcbind -w"
Feb 11 23:47:23 centos1 auditd[1480]: The audit daemon is exiting.
Feb 11 23:47:23 centos1 kernel: type=1305 audit(1360644443.070:504): audit_pid=0 old=1480 auid=4294967295 ses=4294967295 subj=system_u:system_r:auditd_t:s0 res=1
Feb 11 23:47:23 centos1 kernel: type=1305 audit(1360644443.170:505): audit_enabled=0 old=1 auid=4294967295 ses=4294967295 subj=system_u:system_r:auditctl_t:s0 res=1
Feb 11 23:47:23 centos1 kernel: Kernel logging (proc) stopped.
Feb 11 23:47:23 centos1 rsyslogd: [origin software="rsyslogd" swVersion="4.6.2" x-pid="1505" x-info="http://www.rsyslog.com"] exiting on signal 15.
Feb 13 09:37:42 centos1 kernel: imklog 4.6.2, log source = /proc/kmsg started.
Feb 13 09:37:42 centos1 rsyslogd: [origin software="rsyslogd" swVersion="4.6.2" x-pid="1473" x-info="http://www.rsyslog.com"] (re)start
Feb 13 09:37:42 centos1 kernel: Initializing cgroup subsys cpuset
Feb 13 09:37:42 centos1 kernel: Initializing cgroup subsys cpu
Feb 13 09:37:42 centos1 kernel: Linux version 2.6.32-220.el6.i686 (mockbuild@c6b18n3.bsys.dev.centos.org) (gcc version 4.4.6 20110731 (Red Hat 4.4.6-3) (GCC) ) #1 SMP Tue Dec 6 16:15:40 GMT 2011
Feb 13 09:37:42 centos1 kernel: KERNEL supported cpus:
Feb 13 09:37:42 centos1 kernel:  Intel GenuineIntel
Feb 13 09:37:42 centos1 kernel:  AMD AuthenticAMD
Feb 13 09:37:42 centos1 kernel:  NSC Geode by NSC
Feb 13 09:37:42 centos1 kernel:  Cyrix CyrixInstead
Feb 13 09:37:42 centos1 kernel:  Centaur CentaurHauls
Feb 13 09:37:42 centos1 kernel:  Transmeta GenuineTMx86
Feb 13 09:37:42 centos1 kernel:  Transmeta TransmetaCPU
Feb 13 09:37:42 centos1 kernel:  UMC UMC UMC UMC
Feb 13 09:37:42 centos1 kernel: Disabled fast string operations
Feb 13 09:37:42 centos1 kernel: BIOS-provided physical RAM map:
Feb 13 09:37:42 centos1 kernel: BIOS-e820: 0000000000000000 - 000000000009f800 (usable)
Feb 13 09:37:42 centos1 kernel: BIOS-e820: 000000000009f800 - 00000000000a0000 (reserved)
Feb 13 09:37:42 centos1 kernel: BIOS-e820: 00000000000ca000 - 00000000000cc000 (reserved)
Feb 13 09:37:42 centos1 kernel: BIOS-e820: 00000000000dc000 - 0000000000100000 (reserved)
Feb 13 09:37:42 centos1 kernel: BIOS-e820: 0000000000100000 - 000000003fef0000 (usable)
Feb 13 09:37:42 centos1 kernel: BIOS-e820: 000000003fef0000 - 000000003feff000 (ACPI data)
Feb 13 09:37:42 centos1 kernel: BIOS-e820: 000000003feff000 - 000000003ff00000 (ACPI NVS)
Feb 13 09:37:42 centos1 kernel: BIOS-e820: 000000003ff00000 - 0000000040000000 (usable)
Feb 13 09:37:42 centos1 kernel: BIOS-e820: 00000000fec00000 - 00000000fec10000 (reserved)
Feb 13 09:37:42 centos1 kernel: BIOS-e820: 00000000fee00000 - 00000000fee01000 (reserved)
Feb 13 09:37:42 centos1 kernel: BIOS-e820: 00000000fffe0000 - 0000000100000000 (reserved)
Feb 13 09:37:42 centos1 kernel: DMI present.
Feb 13 09:37:42 centos1 kernel: SMBIOS version 2.4 @ 0xF6B30
Feb 13 09:37:42 centos1 kernel: Phoenix BIOS detected: BIOS may corrupt low RAM, working around it.
Feb 13 09:37:42 centos1 kernel: last_pfn = 0x40000 max_arch_pfn = 0x400000
Feb 13 09:37:42 centos1 kernel: x86 PAT enabled: cpu 0, old 0x0, new 0x7010600070106
Feb 13 09:37:42 centos1 kernel: init_memory_mapping: 0000000000000000-00000000375fe000
Feb 13 09:37:42 centos1 kernel: NX (Execute Disable) protection: active
Feb 13 09:37:42 centos1 kernel: RAMDISK: 3719b000 - 37fef01c
Feb 13 09:37:42 centos1 kernel: Allocated new RAMDISK: 00c44000 - 01a9801c
Feb 13 09:37:42 centos1 kernel: Move RAMDISK from 000000003719b000 - 0000000037fef01b to 00c44000 - 01a9801b
Feb 13 09:37:42 centos1 kernel: ACPI: RSDP 000f6b80 00024 (v02 PTLTD )
Feb 13 09:37:42 centos1 kernel: ACPI: XSDT 3fefa229 00044 (v01 INTEL  440BX    06040000 VMW  01324272)
Feb 13 09:37:42 centos1 kernel: ACPI: FACP 3fefee98 000F4 (v04 INTEL  440BX    06040000 PTL  000F4240)
Feb 13 09:37:42 centos1 kernel: ACPI: DSDT 3fefa341 04B57 (v01 PTLTD  Custom   06040000 MSFT 03000001)
Feb 13 09:37:42 centos1 kernel: ACPI: FACS 3fefffc0 00040
Feb 13 09:37:42 centos1 kernel: ACPI: BOOT 3fefa319 00028 (v01 PTLTD  $SBFTBL$ 06040000  LTP 00000001)
Feb 13 09:37:42 centos1 kernel: ACPI: APIC 3fefa2c9 00050 (v01 PTLTD  ? APIC   06040000  LTP 00000000)
Feb 13 09:37:42 centos1 kernel: ACPI: WAET 3fefa2a1 00028 (v01 VMWARE VMW WAET 06040000 VMW  00000001)
Feb 13 09:37:42 centos1 kernel: 138MB HIGHMEM available.
Feb 13 09:37:42 centos1 kernel: 885MB LOWMEM available.
Feb 13 09:37:42 centos1 kernel:  mapped low ram: 0 - 375fe000
Feb 13 09:37:42 centos1 kernel:  low ram: 0 - 375fe000
Feb 13 09:37:42 centos1 kernel:  node 0 low ram: 00000000 - 375fe000
Feb 13 09:37:42 centos1 kernel:  node 0 bootmap 00014000 - 0001aec0
Feb 13 09:37:42 centos1 kernel: (9 early reservations) ==> bootmem [0000000000 - 00375fe000]
Feb 13 09:37:42 centos1 kernel:  #0 [0000000000 - 0000001000]   BIOS data page ==> [0000000000 - 0000001000]
Feb 13 09:37:42 centos1 kernel:  #1 [0000001000 - 0000002000]    EX TRAMPOLINE ==> [0000001000 - 0000002000]
Feb 13 09:37:42 centos1 kernel:  #2 [0000006000 - 0000007000]       TRAMPOLINE ==> [0000006000 - 0000007000]
Feb 13 09:37:42 centos1 kernel:  #3 [0000400000 - 0000c3af70]    TEXT DATA BSS ==> [0000400000 - 0000c3af70]
Feb 13 09:37:42 centos1 kernel:  #4 [000009f800 - 0000100000]    BIOS reserved ==> [000009f800 - 0000100000]
Feb 13 09:37:42 centos1 kernel:  #5 [0000c3b000 - 0000c431c8]              BRK ==> [0000c3b000 - 0000c431c8]
Feb 13 09:37:42 centos1 kernel:  #6 [0000010000 - 0000014000]          PGTABLE ==> [0000010000 - 0000014000]
Feb 13 09:37:42 centos1 kernel:  #7 [0000c44000 - 0001a9801c]      NEW RAMDISK ==> [0000c44000 - 0001a9801c]
Feb 13 09:37:42 centos1 kernel:  #8 [0000014000 - 000001b000]          BOOTMAP ==> [0000014000 - 000001b000]
Feb 13 09:37:42 centos1 kernel: found SMP MP-table at [c00f6bf0] f6bf0
Feb 13 09:37:42 centos1 kernel: Zone PFN ranges:
Feb 13 09:37:42 centos1 kernel:  DMA      0x00000010 -> 0x00001000
Feb 13 09:37:42 centos1 kernel:  Normal   0x00001000 -> 0x000375fe
Feb 13 09:37:42 centos1 kernel:  HighMem  0x000375fe -> 0x00040000
Feb 13 09:37:42 centos1 kernel: Movable zone start PFN for each node
Feb 13 09:37:42 centos1 kernel: early_node_map[3] active PFN ranges
Feb 13 09:37:42 centos1 kernel:    0: 0x00000010 -> 0x0000009f
Feb 13 09:37:42 centos1 kernel:    0: 0x00000100 -> 0x0003fef0
Feb 13 09:37:42 centos1 kernel:    0: 0x0003ff00 -> 0x00040000
Feb 13 09:37:42 centos1 kernel: Using APIC driver default
Feb 13 09:37:42 centos1 kernel: ACPI: PM-Timer IO Port: 0x1008
Feb 13 09:37:42 centos1 kernel: ACPI: LAPIC (acpi_id[0x00] lapic_id[0x00] enabled)
Feb 13 09:37:42 centos1 kernel: ACPI: LAPIC_NMI (acpi_id[0x00] high edge lint[0x1])
Feb 13 09:37:42 centos1 kernel: ACPI: IOAPIC (id[0x01] address[0xfec00000] gsi_base[0])
Feb 13 09:37:42 centos1 kernel: IOAPIC[0]: apic_id 1, version 17, address 0xfec00000, GSI 0-23
Feb 13 09:37:42 centos1 kernel: ACPI: INT_SRC_OVR (bus 0 bus_irq 0 global_irq 2 high edge)
Feb 13 09:37:42 centos1 kernel: Using ACPI (MADT) for SMP configuration information
Feb 13 09:37:42 centos1 kernel: SMP: Allowing 1 CPUs, 0 hotplug CPUs
Feb 13 09:37:42 centos1 kernel: PM: Registered nosave memory: 000000000009f000 - 00000000000a0000
Feb 13 09:37:42 centos1 kernel: PM: Registered nosave memory: 00000000000a0000 - 00000000000ca000
Feb 13 09:37:42 centos1 kernel: PM: Registered nosave memory: 00000000000ca000 - 00000000000cc000
Feb 13 09:37:42 centos1 kernel: PM: Registered nosave memory: 00000000000cc000 - 00000000000dc000
Feb 13 09:37:42 centos1 kernel: PM: Registered nosave memory: 00000000000dc000 - 0000000000100000
Feb 13 09:37:42 centos1 kernel: Allocating PCI resources starting at 40000000 (gap: 40000000:bec00000)
Feb 13 09:37:42 centos1 kernel: Booting paravirtualized kernel on bare hardware
Feb 13 09:37:42 centos1 kernel: NR_CPUS:32 nr_cpumask_bits:32 nr_cpu_ids:1 nr_node_ids:1
Feb 13 09:37:42 centos1 kernel: PERCPU: Embedded 14 pages/cpu @c2400000 s34456 r0 d22888 u2097152
Feb 13 09:37:42 centos1 kernel: pcpu-alloc: s34456 r0 d22888 u2097152 alloc=1*2097152
Feb 13 09:37:42 centos1 kernel: pcpu-alloc: [0] 0 
Feb 13 09:37:42 centos1 kernel: Built 1 zonelists in Zone order, mobility grouping on.  Total pages: 259966
Feb 13 09:37:42 centos1 kernel: Kernel command line: ro root=/dev/mapper/vg_livecd-lv_root rd_NO_LUKS LANG=en_US.UTF-8 rd_LVM_LV=vg_livecd/lv_swap rd_NO_MD quiet rd_LVM_LV=vg_livecd/lv_root SYSFONT=latarcyrheb-sun16 rhgb   KEYBOARDTYPE=pc KEYTABLE=us rd_NO_DM
Feb 13 09:37:42 centos1 kernel: PID hash table entries: 4096 (order: 2, 16384 bytes)
Feb 13 09:37:42 centos1 kernel: Dentry cache hash table entries: 131072 (order: 7, 524288 bytes)
Feb 13 09:37:42 centos1 kernel: Inode-cache hash table entries: 65536 (order: 6, 262144 bytes)
Feb 13 09:37:42 centos1 kernel: Enabling fast FPU save and restore... done.
Feb 13 09:37:42 centos1 kernel: Enabling unmasked SIMD FPU exception support... done.
Feb 13 09:37:42 centos1 kernel: Initializing CPU#0
Feb 13 09:37:42 centos1 kernel: Initializing HighMem for node 0 (000375fe:00040000)
Feb 13 09:37:42 centos1 kernel: Memory: 1015232k/1048576k available (4313k kernel code, 32372k reserved, 2412k data, 504k init, 141256k highmem)
Feb 13 09:37:42 centos1 kernel: virtual kernel memory layout:
Feb 13 09:37:42 centos1 kernel:    fixmap  : 0xffad5000 - 0xfffff000   (5288 kB)
Feb 13 09:37:42 centos1 kernel:    pkmap   : 0xff600000 - 0xff800000   (2048 kB)
Feb 13 09:37:42 centos1 kernel:    vmalloc : 0xf7dfe000 - 0xff5fe000   ( 120 MB)
Feb 13 09:37:42 centos1 kernel:    lowmem  : 0xc0000000 - 0xf75fe000   ( 885 MB)
Feb 13 09:37:42 centos1 kernel:      .init : 0xc0a92000 - 0xc0b10000   ( 504 kB)
Feb 13 09:37:42 centos1 kernel:      .data : 0xc0836493 - 0xc0a917c8   (2412 kB)
Feb 13 09:37:42 centos1 kernel:      .text : 0xc0400000 - 0xc0836493   (4313 kB)
Feb 13 09:37:42 centos1 kernel: Checking if this processor honours the WP bit even in supervisor mode...Ok.
Feb 13 09:37:42 centos1 kernel: Hierarchical RCU implementation.
Feb 13 09:37:42 centos1 kernel: NR_IRQS:2304 nr_irqs:256
Feb 13 09:37:42 centos1 kernel: Extended CMOS year: 2000
Feb 13 09:37:42 centos1 kernel: Console: colour VGA+ 80x25
Feb 13 09:37:42 centos1 kernel: console [tty0] enabled
Feb 13 09:37:42 centos1 kernel: allocated 4194304 bytes of page_cgroup
Feb 13 09:37:42 centos1 kernel: please try 'cgroup_disable=memory' option if you don't want memory cgroups
Feb 13 09:37:42 centos1 kernel: TSC freq read from hypervisor : 2792.999 MHz
Feb 13 09:37:42 centos1 kernel: Detected 2792.999 MHz processor.
Feb 13 09:37:42 centos1 kernel: Calibrating delay loop (skipped) preset value.. 5585.99 BogoMIPS (lpj=2792999)
Feb 13 09:37:42 centos1 kernel: pid_max: default: 32768 minimum: 301
Feb 13 09:37:42 centos1 kernel: Security Framework initialized
Feb 13 09:37:42 centos1 kernel: SELinux:  Initializing.
Feb 13 09:37:42 centos1 kernel: Mount-cache hash table entries: 512
Feb 13 09:37:42 centos1 kernel: Initializing cgroup subsys ns
Feb 13 09:37:42 centos1 kernel: Initializing cgroup subsys cpuacct
Feb 13 09:37:42 centos1 kernel: Initializing cgroup subsys memory
Feb 13 09:37:42 centos1 kernel: Initializing cgroup subsys devices
Feb 13 09:37:42 centos1 kernel: Initializing cgroup subsys freezer
Feb 13 09:37:42 centos1 kernel: Initializing cgroup subsys net_cls
Feb 13 09:37:42 centos1 kernel: Initializing cgroup subsys blkio
Feb 13 09:37:42 centos1 kernel: Initializing cgroup subsys perf_event
Feb 13 09:37:42 centos1 kernel: Disabled fast string operations
Feb 13 09:37:42 centos1 kernel: CPU: Physical Processor ID: 0
Feb 13 09:37:42 centos1 kernel: mce: CPU supports 0 MCE banks
Feb 13 09:37:42 centos1 kernel: Checking 'hlt' instruction... OK.
Feb 13 09:37:42 centos1 kernel: SMP alternatives: switching to UP code
Feb 13 09:37:42 centos1 kernel: Freeing SMP alternatives: 16k freed
Feb 13 09:37:42 centos1 kernel: ACPI: Core revision 20090903
Feb 13 09:37:42 centos1 kernel: Enabling APIC mode:  Flat.  Using 1 I/O APICs
Feb 13 09:37:42 centos1 kernel: ..TIMER: vector=0x30 apic1=0 pin1=2 apic2=-1 pin2=-1
Feb 13 09:37:42 centos1 kernel: CPU0: Intel(R) Core(TM) i7 CPU       M 640  @ 2.80GHz stepping 05
Feb 13 09:37:42 centos1 kernel: Performance Events: Westmere events, core PMU driver.
Feb 13 09:37:42 centos1 kernel: ... version:                1
Feb 13 09:37:42 centos1 kernel: ... bit width:              48
Feb 13 09:37:42 centos1 kernel: ... generic registers:      4
Feb 13 09:37:42 centos1 kernel: ... value mask:             0000ffffffffffff
Feb 13 09:37:42 centos1 kernel: ... max period:             000000007fffffff
Feb 13 09:37:42 centos1 kernel: ... fixed-purpose events:   0
Feb 13 09:37:42 centos1 kernel: ... event mask:             000000000000000f
Feb 13 09:37:42 centos1 kernel: Brought up 1 CPUs
Feb 13 09:37:42 centos1 kernel: Total of 1 processors activated (5585.99 BogoMIPS).
Feb 13 09:37:42 centos1 kernel: devtmpfs: initialized
Feb 13 09:37:42 centos1 kernel: regulator: core version 0.5
Feb 13 09:37:42 centos1 kernel: NET: Registered protocol family 16
Feb 13 09:37:42 centos1 kernel: ACPI: bus type pci registered
Feb 13 09:37:42 centos1 kernel: PCI: PCI BIOS revision 2.10 entry at 0xfd8a0, last bus=1
Feb 13 09:37:42 centos1 kernel: PCI: Using configuration type 1 for base access
Feb 13 09:37:42 centos1 kernel: bio: create slab <bio-0> at 0
Feb 13 09:37:42 centos1 kernel: ACPI: BIOS _OSI(Linux) query ignored
Feb 13 09:37:42 centos1 kernel: ACPI: Interpreter enabled
Feb 13 09:37:42 centos1 kernel: ACPI: (supports S0 S1 S4 S5)
Feb 13 09:37:42 centos1 kernel: ACPI: Using IOAPIC for interrupt routing
Feb 13 09:37:42 centos1 kernel: ACPI: No dock devices found.
Feb 13 09:37:42 centos1 kernel: HEST: Table not found.
Feb 13 09:37:42 centos1 kernel: ACPI: PCI Root Bridge [PCI0] (0000:00)
Feb 13 09:37:42 centos1 kernel: pci 0000:00:07.3: quirk: region 1000-103f claimed by PIIX4 ACPI
Feb 13 09:37:42 centos1 kernel: pci 0000:00:07.3: quirk: region 1040-104f claimed by PIIX4 SMB
Feb 13 09:37:42 centos1 kernel: ACPI: PCI Interrupt Link [LNKA] (IRQs 3 4 5 6 7 9 10 11 14 15) *0, disabled.
Feb 13 09:37:42 centos1 kernel: ACPI: PCI Interrupt Link [LNKB] (IRQs 3 4 5 6 7 9 10 *11 14 15)
Feb 13 09:37:42 centos1 kernel: ACPI: PCI Interrupt Link [LNKC] (IRQs 3 4 5 6 7 9 *10 11 14 15)
Feb 13 09:37:42 centos1 kernel: ACPI: PCI Interrupt Link [LNKD] (IRQs 3 4 5 6 7 *9 10 11 14 15)
Feb 13 09:37:42 centos1 kernel: vgaarb: device added: PCI:0000:00:0f.0,decodes=io+mem,owns=io+mem,locks=none
Feb 13 09:37:42 centos1 kernel: vgaarb: loaded
Feb 13 09:37:42 centos1 kernel: vgaarb: bridge control possible 0000:00:0f.0
Feb 13 09:37:42 centos1 kernel: SCSI subsystem initialized
Feb 13 09:37:42 centos1 kernel: usbcore: registered new interface driver usbfs
Feb 13 09:37:42 centos1 kernel: usbcore: registered new interface driver hub
Feb 13 09:37:42 centos1 kernel: usbcore: registered new device driver usb
Feb 13 09:37:42 centos1 kernel: PCI: Using ACPI for IRQ routing
Feb 13 09:37:42 centos1 kernel: NetLabel: Initializing
Feb 13 09:37:42 centos1 kernel: NetLabel:  domain hash size = 128
Feb 13 09:37:42 centos1 kernel: NetLabel:  protocols = UNLABELED CIPSOv4
Feb 13 09:37:42 centos1 kernel: NetLabel:  unlabeled traffic allowed by default
Feb 13 09:37:42 centos1 kernel: Switching to clocksource tsc
Feb 13 09:37:42 centos1 kernel: pnp: PnP ACPI init
Feb 13 09:37:42 centos1 kernel: ACPI: bus type pnp registered
Feb 13 09:37:42 centos1 kernel: pnp: PnP ACPI: found 12 devices
Feb 13 09:37:42 centos1 kernel: ACPI: ACPI bus type pnp unregistered
Feb 13 09:37:42 centos1 kernel: system 00:01: ioport range 0x1000-0x103f has been reserved
Feb 13 09:37:42 centos1 kernel: system 00:01: ioport range 0x1040-0x104f has been reserved
Feb 13 09:37:42 centos1 kernel: system 00:01: ioport range 0xcf0-0xcf1 has been reserved
Feb 13 09:37:42 centos1 kernel: pci 0000:00:01.0: PCI bridge to [bus 01-01]
Feb 13 09:37:42 centos1 kernel: pci 0000:00:01.0: PCI bridge, secondary bus 0000:01
Feb 13 09:37:42 centos1 kernel: pci 0000:00:01.0:   bridge window [io  disabled]
Feb 13 09:37:42 centos1 kernel: pci 0000:00:01.0:   bridge window [mem disabled]
Feb 13 09:37:42 centos1 kernel: pci 0000:00:01.0:   bridge window [mem pref disabled]
Feb 13 09:37:42 centos1 kernel: NET: Registered protocol family 2
Feb 13 09:37:42 centos1 kernel: IP route cache hash table entries: 32768 (order: 5, 131072 bytes)
Feb 13 09:37:42 centos1 kernel: TCP established hash table entries: 131072 (order: 8, 1048576 bytes)
Feb 13 09:37:42 centos1 kernel: TCP bind hash table entries: 65536 (order: 7, 524288 bytes)
Feb 13 09:37:42 centos1 kernel: TCP: Hash tables configured (established 131072 bind 65536)
Feb 13 09:37:42 centos1 kernel: TCP reno registered
Feb 13 09:37:42 centos1 kernel: NET: Registered protocol family 1
Feb 13 09:37:42 centos1 kernel: pci 0000:00:00.0: Limiting direct PCI/PCI transfers
Feb 13 09:37:42 centos1 kernel: Trying to unpack rootfs image as initramfs...
Feb 13 09:37:42 centos1 kernel: Freeing initrd memory: 14672k freed
Feb 13 09:37:42 centos1 kernel: Simple Boot Flag at 0x36 set to 0x1
Feb 13 09:37:42 centos1 kernel: apm: BIOS version 1.2 Flags 0x03 (Driver version 1.16ac)
Feb 13 09:37:42 centos1 kernel: apm: overridden by ACPI.
Feb 13 09:37:42 centos1 kernel: audit: initializing netlink socket (disabled)
Feb 13 09:37:42 centos1 kernel: type=2000 audit(1360766247.686:1): initialized
Feb 13 09:37:42 centos1 kernel: highmem bounce pool size: 64 pages
Feb 13 09:37:42 centos1 kernel: HugeTLB registered 2 MB page size, pre-allocated 0 pages
Feb 13 09:37:42 centos1 kernel: VFS: Disk quotas dquot_6.5.2
Feb 13 09:37:42 centos1 kernel: Dquot-cache hash table entries: 1024 (order 0, 4096 bytes)
Feb 13 09:37:42 centos1 kernel: msgmni has been set to 1736
Feb 13 09:37:42 centos1 kernel: alg: No test for stdrng (krng)
Feb 13 09:37:42 centos1 kernel: ksign: Installing public key data
Feb 13 09:37:42 centos1 kernel: Loading keyring
Feb 13 09:37:42 centos1 kernel: - Added public key 31B6C542CAF8AEE
Feb 13 09:37:42 centos1 kernel: - User ID: CentOS (Kernel Module GPG key)
Feb 13 09:37:42 centos1 kernel: Block layer SCSI generic (bsg) driver version 0.4 loaded (major 252)
Feb 13 09:37:42 centos1 kernel: io scheduler noop registered
Feb 13 09:37:42 centos1 kernel: io scheduler anticipatory registered
Feb 13 09:37:42 centos1 kernel: io scheduler deadline registered
Feb 13 09:37:42 centos1 kernel: io scheduler cfq registered (default)
Feb 13 09:37:42 centos1 kernel: pci_hotplug: PCI Hot Plug PCI Core version: 0.5
Feb 13 09:37:42 centos1 kernel: pciehp: PCI Express Hot Plug Controller Driver version: 0.4
Feb 13 09:37:42 centos1 kernel: acpiphp: ACPI Hot Plug PCI Controller Driver version: 0.5
Feb 13 09:37:42 centos1 kernel: ACPI: AC Adapter [ACAD] (on-line)
Feb 13 09:37:42 centos1 kernel: input: Power Button as /devices/LNXSYSTM:00/LNXPWRBN:00/input/input0
Feb 13 09:37:42 centos1 kernel: ACPI: Power Button [PWRF]
Feb 13 09:37:42 centos1 kernel: processor LNXCPU:00: registered as cooling_device0
Feb 13 09:37:42 centos1 kernel: ERST: Table is not found!
Feb 13 09:37:42 centos1 kernel: GHES: HEST is not enabled!
Feb 13 09:37:42 centos1 kernel: isapnp: Scanning for PnP cards...
Feb 13 09:37:42 centos1 kernel: isapnp: No Plug & Play device found
Feb 13 09:37:42 centos1 kernel: Non-volatile memory driver v1.3
Feb 13 09:37:42 centos1 kernel: Linux agpgart interface v0.103
Feb 13 09:37:42 centos1 kernel: agpgart-intel 0000:00:00.0: Intel 440BX Chipset
Feb 13 09:37:42 centos1 kernel: agpgart-intel 0000:00:00.0: AGP aperture is 256M @ 0x0
Feb 13 09:37:42 centos1 kernel: crash memory driver: version 1.1
Feb 13 09:37:42 centos1 kernel: Serial: 8250/16550 driver, 4 ports, IRQ sharing enabled
Feb 13 09:37:42 centos1 kernel: serial8250: ttyS0 at I/O 0x3f8 (irq = 4) is a 16550A
Feb 13 09:37:42 centos1 kernel: serial8250: ttyS1 at I/O 0x2f8 (irq = 3) is a 16550A
Feb 13 09:37:42 centos1 kernel: 00:09: ttyS0 at I/O 0x3f8 (irq = 4) is a 16550A
Feb 13 09:37:42 centos1 kernel: 00:0a: ttyS1 at I/O 0x2f8 (irq = 3) is a 16550A
Feb 13 09:37:42 centos1 kernel: brd: module loaded
Feb 13 09:37:42 centos1 kernel: loop: module loaded
Feb 13 09:37:42 centos1 kernel: input: Macintosh mouse button emulation as /devices/virtual/input/input1
Feb 13 09:37:42 centos1 kernel: Fixed MDIO Bus: probed
Feb 13 09:37:42 centos1 kernel: ehci_hcd: USB 2.0 'Enhanced' Host Controller (EHCI) Driver
Feb 13 09:37:42 centos1 kernel: ohci_hcd: USB 1.1 'Open' Host Controller (OHCI) Driver
Feb 13 09:37:42 centos1 kernel: uhci_hcd: USB Universal Host Controller Interface driver
Feb 13 09:37:42 centos1 kernel: uhci_hcd 0000:00:07.2: PCI INT D -> GSI 19 (level, low) -> IRQ 19
Feb 13 09:37:42 centos1 kernel: uhci_hcd 0000:00:07.2: UHCI Host Controller
Feb 13 09:37:42 centos1 kernel: uhci_hcd 0000:00:07.2: new USB bus registered, assigned bus number 1
Feb 13 09:37:42 centos1 kernel: uhci_hcd 0000:00:07.2: irq 19, io base 0x00001060
Feb 13 09:37:42 centos1 kernel: usb usb1: New USB device found, idVendor=1d6b, idProduct=0001
Feb 13 09:37:42 centos1 kernel: usb usb1: New USB device strings: Mfr=3, Product=2, SerialNumber=1
Feb 13 09:37:42 centos1 kernel: usb usb1: Product: UHCI Host Controller
Feb 13 09:37:42 centos1 kernel: usb usb1: Manufacturer: Linux 2.6.32-220.el6.i686 uhci_hcd
Feb 13 09:37:42 centos1 kernel: usb usb1: SerialNumber: 0000:00:07.2
Feb 13 09:37:42 centos1 kernel: usb usb1: configuration #1 chosen from 1 choice
Feb 13 09:37:42 centos1 kernel: hub 1-0:1.0: USB hub found
Feb 13 09:37:42 centos1 kernel: hub 1-0:1.0: 2 ports detected
Feb 13 09:37:42 centos1 kernel: PNP: PS/2 Controller [PNP0303:KBC,PNP0f13:MOUS] at 0x60,0x64 irq 1,12
Feb 13 09:37:42 centos1 kernel: serio: i8042 KBD port at 0x60,0x64 irq 1
Feb 13 09:37:42 centos1 kernel: serio: i8042 AUX port at 0x60,0x64 irq 12
Feb 13 09:37:42 centos1 kernel: mice: PS/2 mouse device common for all mice
Feb 13 09:37:42 centos1 kernel: rtc_cmos 00:04: rtc core: registered rtc_cmos as rtc0
Feb 13 09:37:42 centos1 kernel: rtc0: alarms up to one month, y3k, 114 bytes nvram
Feb 13 09:37:42 centos1 kernel: cpuidle: using governor ladder
Feb 13 09:37:42 centos1 kernel: cpuidle: using governor menu
Feb 13 09:37:42 centos1 kernel: usbcore: registered new interface driver hiddev
Feb 13 09:37:42 centos1 kernel: usbcore: registered new interface driver usbhid
Feb 13 09:37:42 centos1 kernel: usbhid: v2.6:USB HID core driver
Feb 13 09:37:42 centos1 kernel: TCP cubic registered
Feb 13 09:37:42 centos1 kernel: Initializing XFRM netlink socket
Feb 13 09:37:42 centos1 kernel: NET: Registered protocol family 17
Feb 13 09:37:42 centos1 kernel: Using IPI No-Shortcut mode
Feb 13 09:37:42 centos1 kernel: registered taskstats version 1
Feb 13 09:37:42 centos1 kernel: rtc_cmos 00:04: setting system clock to 2013-02-13 14:37:29 UTC (1360766249)
Feb 13 09:37:42 centos1 kernel: Initalizing network drop monitor service
Feb 13 09:37:42 centos1 kernel: Freeing unused kernel memory: 504k freed
Feb 13 09:37:42 centos1 kernel: Write protecting the kernel text: 4316k
Feb 13 09:37:42 centos1 kernel: Write protecting the kernel read-only data: 1852k
Feb 13 09:37:42 centos1 kernel: input: AT Translated Set 2 keyboard as /devices/platform/i8042/serio0/input/input2
Feb 13 09:37:42 centos1 kernel: input: ImPS/2 Generic Wheel Mouse as /devices/platform/i8042/serio1/input/input3
Feb 13 09:37:42 centos1 kernel: dracut: dracut-004-256.el6
Feb 13 09:37:42 centos1 kernel: dracut: rd_NO_LUKS: removing cryptoluks activation
Feb 13 09:37:42 centos1 kernel: device-mapper: uevent: version 1.0.3
Feb 13 09:37:42 centos1 kernel: device-mapper: ioctl: 4.22.6-ioctl (2011-10-19) initialised: dm-devel@redhat.com
Feb 13 09:37:42 centos1 kernel: udev: starting version 147
Feb 13 09:37:42 centos1 kernel: dracut: Starting plymouth daemon
Feb 13 09:37:42 centos1 kernel: dracut: rd_NO_DM: removing DM RAID activation
Feb 13 09:37:42 centos1 kernel: dracut: rd_NO_MD: removing MD RAID activation
Feb 13 09:37:42 centos1 kernel: scsi0 : ata_piix
Feb 13 09:37:42 centos1 kernel: scsi1 : ata_piix
Feb 13 09:37:42 centos1 kernel: ata1: PATA max UDMA/33 cmd 0x1f0 ctl 0x3f6 bmdma 0x14c0 irq 14
Feb 13 09:37:42 centos1 kernel: ata2: PATA max UDMA/33 cmd 0x170 ctl 0x376 bmdma 0x14c8 irq 15
Feb 13 09:37:42 centos1 kernel: ata2.00: ATAPI: VMware Virtual IDE CDROM Drive, 00000001, max UDMA/33
Feb 13 09:37:42 centos1 kernel: ata2.00: configured for UDMA/33
Feb 13 09:37:42 centos1 kernel: scsi 1:0:0:0: CD-ROM            NECVMWar VMware IDE CDR10 1.00 PQ: 0 ANSI: 5
Feb 13 09:37:42 centos1 kernel: Fusion MPT base driver 3.04.19
Feb 13 09:37:42 centos1 kernel: Copyright (c) 1999-2008 LSI Corporation
Feb 13 09:37:42 centos1 kernel: Fusion MPT SPI Host driver 3.04.19
Feb 13 09:37:42 centos1 kernel: mptspi 0000:00:10.0: PCI INT A -> GSI 17 (level, low) -> IRQ 17
Feb 13 09:37:42 centos1 kernel: mptbase: ioc0: Initiating bringup
Feb 13 09:37:42 centos1 kernel: ioc0: LSI53C1030 B0: Capabilities={Initiator}
Feb 13 09:37:42 centos1 kernel: scsi2 : ioc0: LSI53C1030 B0, FwRev=01032920h, Ports=1, MaxQ=128, IRQ=17
Feb 13 09:37:42 centos1 kernel: scsi 2:0:0:0: Direct-Access     VMware,  VMware Virtual S 1.0  PQ: 0 ANSI: 2
Feb 13 09:37:42 centos1 kernel: scsi target2:0:0: Beginning Domain Validation
Feb 13 09:37:42 centos1 kernel: scsi target2:0:0: Domain Validation skipping write tests
Feb 13 09:37:42 centos1 kernel: scsi target2:0:0: Ending Domain Validation
Feb 13 09:37:42 centos1 kernel: scsi target2:0:0: FAST-40 WIDE SCSI 80.0 MB/s ST (25 ns, offset 127)
Feb 13 09:37:42 centos1 kernel: VMware vmxnet virtual NIC driver
Feb 13 09:37:42 centos1 kernel: vmxnet 0000:00:11.0: PCI INT A -> GSI 18 (level, low) -> IRQ 18
Feb 13 09:37:42 centos1 kernel: Found vmxnet/PCI at 0x1424, irq 18.
Feb 13 09:37:42 centos1 kernel: features:
Feb 13 09:37:42 centos1 kernel: numRxBuffers = 100, numRxBuffers2 = 1
Feb 13 09:37:42 centos1 kernel: sr0: scsi3-mmc drive: 1x/1x writer dvd-ram cd/rw xa/form2 cdda tray
Feb 13 09:37:42 centos1 kernel: Uniform CD-ROM driver Revision: 3.20
Feb 13 09:37:42 centos1 kernel: sd 2:0:0:0: [sda] 41943040 512-byte logical blocks: (21.4 GB/20.0 GiB)
Feb 13 09:37:42 centos1 kernel: sd 2:0:0:0: [sda] Write Protect is off
Feb 13 09:37:42 centos1 kernel: sd 2:0:0:0: [sda] Cache data unavailable
Feb 13 09:37:42 centos1 kernel: sd 2:0:0:0: [sda] Assuming drive cache: write through
Feb 13 09:37:42 centos1 kernel: sd 2:0:0:0: [sda] Cache data unavailable
Feb 13 09:37:42 centos1 kernel: sd 2:0:0:0: [sda] Assuming drive cache: write through
Feb 13 09:37:42 centos1 kernel: sda: sda1 sda2
Feb 13 09:37:42 centos1 kernel: sd 2:0:0:0: [sda] Cache data unavailable
Feb 13 09:37:42 centos1 kernel: sd 2:0:0:0: [sda] Assuming drive cache: write through
Feb 13 09:37:42 centos1 kernel: sd 2:0:0:0: [sda] Attached SCSI disk
Feb 13 09:37:42 centos1 kernel: dracut: Scanning devices sda2  for LVM logical volumes vg_livecd/lv_swap vg_livecd/lv_root 
Feb 13 09:37:42 centos1 kernel: dracut: inactive '/dev/vg_livecd/lv_root' [17.54 GiB] inherit
Feb 13 09:37:42 centos1 kernel: dracut: inactive '/dev/vg_livecd/lv_swap' [1.97 GiB] inherit
Feb 13 09:37:42 centos1 kernel: EXT4-fs (dm-0): mounted filesystem with ordered data mode. Opts: 
Feb 13 09:37:42 centos1 kernel: dracut: Mounted root filesystem /dev/mapper/vg_livecd-lv_root
Feb 13 09:37:42 centos1 kernel: dracut: Loading SELinux policy
Feb 13 09:37:42 centos1 kernel: type=1404 audit(1360766250.295:2): enforcing=1 old_enforcing=0 auid=4294967295 ses=4294967295
Feb 13 09:37:42 centos1 kernel: type=1403 audit(1360766250.832:3): policy loaded auid=4294967295 ses=4294967295
Feb 13 09:37:42 centos1 kernel: dracut: 
Feb 13 09:37:42 centos1 kernel: dracut: Switching root
Feb 13 09:37:42 centos1 kernel: readahead-collector: starting
Feb 13 09:37:42 centos1 kernel: udev: starting version 147
Feb 13 09:37:42 centos1 kernel: piix4_smbus 0000:00:07.3: Host SMBus controller not enabled!
Feb 13 09:37:42 centos1 kernel: ENS1371 0000:00:12.0: PCI INT A -> GSI 19 (level, low) -> IRQ 19
Feb 13 09:37:42 centos1 kernel: sr 1:0:0:0: Attached scsi generic sg0 type 5
Feb 13 09:37:42 centos1 kernel: sd 2:0:0:0: Attached scsi generic sg1 type 0
Feb 13 09:37:42 centos1 kernel: microcode: CPU0 sig=0x20655, pf=0x1, revision=0x2
Feb 13 09:37:42 centos1 kernel: platform microcode: firmware: requesting intel-ucode/06-25-05
Feb 13 09:37:42 centos1 kernel: Microcode Update Driver: v2.00 <tigran@aivazian.fsnet.co.uk>, Peter Oruba
Feb 13 09:37:42 centos1 kernel: parport_pc 00:08: reported by Plug and Play ACPI
Feb 13 09:37:42 centos1 kernel: parport0: PC-style at 0x378, irq 7 [PCSPP,TRISTATE]
Feb 13 09:37:42 centos1 kernel: ppdev: user-space parallel port driver
Feb 13 09:37:42 centos1 kernel: EXT4-fs (sda1): mounted filesystem with ordered data mode. Opts: 
Feb 13 09:37:42 centos1 kernel: Adding 2064376k swap on /dev/mapper/vg_livecd-lv_swap.  Priority:-1 extents:1 across:2064376k 
Feb 13 09:37:42 centos1 kernel: readahead-disable-service: delaying service auditd
Feb 13 09:37:42 centos1 kernel: fuse init (API version 7.13)
Feb 13 09:37:44 centos1 kernel: NET: Registered protocol family 10
Feb 13 09:37:44 centos1 kernel: lo: Disabled Privacy Extensions
Feb 13 09:37:44 centos1 kdump: No crashkernel parameter specified for running kernel
Feb 13 09:37:44 centos1 lldpad: bound ctrl iface to /com/intel/lldpad
Feb 13 09:37:45 centos1 kernel: 802.1Q VLAN Support v1.8 Ben Greear <greearb@candelatech.com>
Feb 13 09:37:45 centos1 kernel: All bugs added by David S. Miller <davem@redhat.com>
Feb 13 09:37:45 centos1 kernel: cnic: Broadcom NetXtreme II CNIC Driver cnic v2.5.7 (July 20, 2011)
Feb 13 09:37:45 centos1 kernel: bnx2fc: Broadcom NetXtreme II FCoE Driver bnx2fc v1.0.8 (Oct 02, 2011)
Feb 13 09:37:46 centos1 dbus: avc:  netlink poll: error 4
Feb 13 09:37:46 centos1 dbus: avc:  netlink recvfrom: error 22
Feb 13 09:37:46 centos1 dbus: avc:  netlink thread: errors encountered, terminating
Feb 13 09:37:47 centos1 NetworkManager[1589]: <info> NetworkManager (version 0.8.1-15.el6) is starting...
Feb 13 09:37:47 centos1 NetworkManager[1589]: <info> Read config file /etc/NetworkManager/NetworkManager.conf
Feb 13 09:37:47 centos1 NetworkManager[1589]: <info> trying to start the modem manager...
Feb 13 09:37:47 centos1 modem-manager: ModemManager (version 0.4.0-3.git20100628.el6) starting...
Feb 13 09:37:47 centos1 modem-manager: Loaded plugin Novatel
Feb 13 09:37:47 centos1 modem-manager: Loaded plugin Sierra
Feb 13 09:37:47 centos1 modem-manager: Loaded plugin Huawei
Feb 13 09:37:47 centos1 modem-manager: Loaded plugin MotoC
Feb 13 09:37:47 centos1 modem-manager: Loaded plugin Nokia
Feb 13 09:37:47 centos1 modem-manager: Loaded plugin Gobi
Feb 13 09:37:47 centos1 modem-manager: Loaded plugin Longcheer
Feb 13 09:37:47 centos1 modem-manager: Loaded plugin SimTech
Feb 13 09:37:47 centos1 modem-manager: Loaded plugin AnyData
Feb 13 09:37:47 centos1 modem-manager: Loaded plugin Option High-Speed
Feb 13 09:37:47 centos1 modem-manager: Loaded plugin Option
Feb 13 09:37:47 centos1 modem-manager: Loaded plugin ZTE
Feb 13 09:37:47 centos1 modem-manager: Loaded plugin Generic
Feb 13 09:37:47 centos1 modem-manager: Loaded plugin Ericsson MBM
Feb 13 09:37:47 centos1 avahi-daemon[1601]: Found user 'avahi' (UID 70) and group 'avahi' (GID 70).
Feb 13 09:37:47 centos1 avahi-daemon[1601]: Successfully dropped root privileges.
Feb 13 09:37:47 centos1 avahi-daemon[1601]: avahi-daemon 0.6.25 starting up.
Feb 13 09:37:47 centos1 avahi-daemon[1601]: WARNING: No NSS support for mDNS detected, consider installing nss-mdns!
Feb 13 09:37:47 centos1 avahi-daemon[1601]: Successfully called chroot().
Feb 13 09:37:47 centos1 avahi-daemon[1601]: Successfully dropped remaining capabilities.
Feb 13 09:37:47 centos1 avahi-daemon[1601]: Loading service file /services/ssh.service.
Feb 13 09:37:47 centos1 avahi-daemon[1601]: Network interface enumeration completed.
Feb 13 09:37:47 centos1 avahi-daemon[1601]: Registering HINFO record with values 'I686'/'LINUX'.
Feb 13 09:37:47 centos1 avahi-daemon[1601]: Server startup complete. Host name is centos1.local. Local service cookie is 1666870544.
Feb 13 09:37:47 centos1 avahi-daemon[1601]: Service "centos1" (/services/ssh.service) successfully established.
Feb 13 09:37:47 centos1 NetworkManager[1589]: <info> monitoring kernel firmware directory '/lib/firmware'.
Feb 13 09:37:47 centos1 rpc.statd[1619]: Version 1.2.3 starting
Feb 13 09:37:47 centos1 NetworkManager[1589]:    ifcfg-rh: Acquired D-Bus service com.redhat.ifcfgrh1
Feb 13 09:37:47 centos1 NetworkManager[1589]: <info> Loaded plugin ifcfg-rh: (c) 2007 - 2008 Red Hat, Inc.  To report bugs please use the NetworkManager mailing list.
Feb 13 09:37:47 centos1 NetworkManager[1589]:    ifcfg-rh: parsing /etc/sysconfig/network-scripts/ifcfg-eth0 ... 
Feb 13 09:37:47 centos1 sm-notify[1620]: Version 1.2.3 starting
Feb 13 09:37:48 centos1 NetworkManager[1589]:    ifcfg-rh:     read connection 'System eth0'
Feb 13 09:37:48 centos1 NetworkManager[1589]:    ifcfg-rh: parsing /etc/sysconfig/network-scripts/ifcfg-lo ... 
Feb 13 09:37:48 centos1 NetworkManager[1589]: <info> WiFi enabled by radio killswitch; enabled by state file
Feb 13 09:37:48 centos1 NetworkManager[1589]: <info> WWAN enabled by radio killswitch; enabled by state file
Feb 13 09:37:48 centos1 NetworkManager[1589]: <info> WiMAX enabled by radio killswitch; enabled by state file
Feb 13 09:37:48 centos1 NetworkManager[1589]: <info> Networking is enabled by state file
Feb 13 09:37:48 centos1 NetworkManager[1589]: <error> [1360766268.154832] [nm-device-ethernet.c:729] real_update_permanent_hw_address(): (eth0): unable to read permanent MAC address (error 0)
Feb 13 09:37:48 centos1 NetworkManager[1589]: <info> (eth0): carrier is OFF
Feb 13 09:37:48 centos1 NetworkManager[1589]: <info> (eth0): new Ethernet device (driver: 'vmxnet' ifindex: 2)
Feb 13 09:37:48 centos1 NetworkManager[1589]: <info> (eth0): exported as /org/freedesktop/NetworkManager/Devices/0
Feb 13 09:37:48 centos1 NetworkManager[1589]: <info> (eth0): now managed
Feb 13 09:37:48 centos1 NetworkManager[1589]: <info> (eth0): device state change: 1 -> 2 (reason 2)
Feb 13 09:37:48 centos1 NetworkManager[1589]: <info> (eth0): bringing up device.
Feb 13 09:37:48 centos1 NetworkManager[1589]: <info> (eth0): preparing device.
Feb 13 09:37:48 centos1 NetworkManager[1589]: <info> (eth0): deactivating device (reason: 2).
Feb 13 09:37:48 centos1 NetworkManager[1589]: <info> (eth0): carrier now ON (device state 2)
Feb 13 09:37:48 centos1 NetworkManager[1589]: <info> (eth0): device state change: 2 -> 3 (reason 40)
Feb 13 09:37:48 centos1 NetworkManager[1589]: <info> modem-manager is now available
Feb 13 09:37:48 centos1 NetworkManager[1589]: <warn> bluez error getting default adapter: The name org.bluez was not provided by any .service files
Feb 13 09:37:48 centos1 NetworkManager[1589]: <info> Trying to start the supplicant...
Feb 13 09:37:48 centos1 NetworkManager[1589]: <info> Activation (eth0) starting connection 'System eth0'
Feb 13 09:37:48 centos1 NetworkManager[1589]: <info> (eth0): device state change: 3 -> 4 (reason 0)
Feb 13 09:37:48 centos1 NetworkManager[1589]: <info> Activation (eth0) Stage 1 of 5 (Device Prepare) scheduled...
Feb 13 09:37:48 centos1 NetworkManager[1589]: <info> Activation (eth0) Stage 1 of 5 (Device Prepare) started...
Feb 13 09:37:48 centos1 NetworkManager[1589]: <info> Activation (eth0) Stage 2 of 5 (Device Configure) scheduled...
Feb 13 09:37:48 centos1 NetworkManager[1589]: <info> Activation (eth0) Stage 1 of 5 (Device Prepare) complete.
Feb 13 09:37:48 centos1 NetworkManager[1589]: <info> Activation (eth0) Stage 2 of 5 (Device Configure) starting...
Feb 13 09:37:48 centos1 NetworkManager[1589]: <info> (eth0): device state change: 4 -> 5 (reason 0)
Feb 13 09:37:48 centos1 NetworkManager[1589]: <info> Activation (eth0) Stage 2 of 5 (Device Configure) successful.
Feb 13 09:37:48 centos1 NetworkManager[1589]: <info> Activation (eth0) Stage 3 of 5 (IP Configure Start) scheduled.
Feb 13 09:37:48 centos1 NetworkManager[1589]: <info> Activation (eth0) Stage 2 of 5 (Device Configure) complete.
Feb 13 09:37:48 centos1 NetworkManager[1589]: <info> Activation (eth0) Stage 3 of 5 (IP Configure Start) started...
Feb 13 09:37:48 centos1 NetworkManager[1589]: <info> (eth0): device state change: 5 -> 7 (reason 0)
Feb 13 09:37:48 centos1 NetworkManager[1589]: <info> Activation (eth0) Stage 4 of 5 (IP4 Configure Get) scheduled...
